###############################################################################
#
# IAR ELF Linker V8.30.1.114/W32 for ARM                  10/Jul/2018  15:37:32
# Copyright 2007-2018 IAR Systems AB.
#
#    Output file  =  
#        J:\STM32_MCU\STM32F407\STM32F407xxProject\EWARM\STM32F407xxxProject\Exe\Main.out
#    Map file     =  
#        J:\STM32_MCU\STM32F407\STM32F407xxProject\EWARM\STM32F407xxxProject\List\Main.map
#    Command line =  
#        -f C:\Users\Harry\AppData\Local\Temp\EW79DA.tmp
#        (J:\STM32_MCU\STM32F407\STM32F407xxProject\EWARM\STM32F407xxxProject\Obj\ad5593_cfg.o
#        J:\STM32_MCU\STM32F407\STM32F407xxProject\EWARM\STM32F407xxxProject\Obj\ad5593_lib.o
#        J:\STM32_MCU\STM32F407\STM32F407xxProject\EWARM\STM32F407xxxProject\Obj\ad5593_task.o
#        J:\STM32_MCU\STM32F407\STM32F407xxProject\EWARM\STM32F407xxxProject\Obj\at24cxx_cfg.o
#        J:\STM32_MCU\STM32F407\STM32F407xxProject\EWARM\STM32F407xxxProject\Obj\at24cxx_lib.o
#        J:\STM32_MCU\STM32F407\STM32F407xxProject\EWARM\STM32F407xxxProject\Obj\at24cxx_task.o
#        J:\STM32_MCU\STM32F407\STM32F407xxProject\EWARM\STM32F407xxxProject\Obj\complier_cfg.o
#        J:\STM32_MCU\STM32F407\STM32F407xxProject\EWARM\STM32F407xxxProject\Obj\complier_lib.o
#        J:\STM32_MCU\STM32F407\STM32F407xxProject\EWARM\STM32F407xxxProject\Obj\crc_cfg.o
#        J:\STM32_MCU\STM32F407\STM32F407xxProject\EWARM\STM32F407xxxProject\Obj\crc_lib.o
#        J:\STM32_MCU\STM32F407\STM32F407xxProject\EWARM\STM32F407xxxProject\Obj\crc_task.o
#        J:\STM32_MCU\STM32F407\STM32F407xxProject\EWARM\STM32F407xxxProject\Obj\delay_cfg.o
#        J:\STM32_MCU\STM32F407\STM32F407xxProject\EWARM\STM32F407xxxProject\Obj\delay_lib.o
#        J:\STM32_MCU\STM32F407\STM32F407xxProject\EWARM\STM32F407xxxProject\Obj\delay_task.o
#        J:\STM32_MCU\STM32F407\STM32F407xxProject\EWARM\STM32F407xxxProject\Obj\dht11_cfg.o
#        J:\STM32_MCU\STM32F407\STM32F407xxProject\EWARM\STM32F407xxxProject\Obj\dht11_lib.o
#        J:\STM32_MCU\STM32F407\STM32F407xxProject\EWARM\STM32F407xxxProject\Obj\dht11_task.o
#        J:\STM32_MCU\STM32F407\STM32F407xxProject\EWARM\STM32F407xxxProject\Obj\ds18b20_cfg.o
#        J:\STM32_MCU\STM32F407\STM32F407xxProject\EWARM\STM32F407xxxProject\Obj\ds18b20_lib.o
#        J:\STM32_MCU\STM32F407\STM32F407xxProject\EWARM\STM32F407xxxProject\Obj\ds18b20_task.o
#        J:\STM32_MCU\STM32F407\STM32F407xxProject\EWARM\STM32F407xxxProject\Obj\gpio_cfg.o
#        J:\STM32_MCU\STM32F407\STM32F407xxProject\EWARM\STM32F407xxxProject\Obj\gpio_lib.o
#        J:\STM32_MCU\STM32F407\STM32F407xxProject\EWARM\STM32F407xxxProject\Obj\gpio_task.o
#        J:\STM32_MCU\STM32F407\STM32F407xxProject\EWARM\STM32F407xxxProject\Obj\i2c_cfg.o
#        J:\STM32_MCU\STM32F407\STM32F407xxProject\EWARM\STM32F407xxxProject\Obj\i2c_lib.o
#        J:\STM32_MCU\STM32F407\STM32F407xxProject\EWARM\STM32F407xxxProject\Obj\i2c_task.o
#        J:\STM32_MCU\STM32F407\STM32F407xxProject\EWARM\STM32F407xxxProject\Obj\iwdg_cfg.o
#        J:\STM32_MCU\STM32F407\STM32F407xxProject\EWARM\STM32F407xxxProject\Obj\iwdg_lib.o
#        J:\STM32_MCU\STM32F407\STM32F407xxProject\EWARM\STM32F407xxxProject\Obj\iwdg_task.o
#        J:\STM32_MCU\STM32F407\STM32F407xxProject\EWARM\STM32F407xxxProject\Obj\main.o
#        J:\STM32_MCU\STM32F407\STM32F407xxProject\EWARM\STM32F407xxxProject\Obj\one_wire_cfg.o
#        J:\STM32_MCU\STM32F407\STM32F407xxProject\EWARM\STM32F407xxxProject\Obj\one_wire_lib.o
#        J:\STM32_MCU\STM32F407\STM32F407xxProject\EWARM\STM32F407xxxProject\Obj\one_wire_task.o
#        J:\STM32_MCU\STM32F407\STM32F407xxProject\EWARM\STM32F407xxxProject\Obj\pcf8563_cfg.o
#        J:\STM32_MCU\STM32F407\STM32F407xxProject\EWARM\STM32F407xxxProject\Obj\pcf8563_lib.o
#        J:\STM32_MCU\STM32F407\STM32F407xxProject\EWARM\STM32F407xxxProject\Obj\pcf8563_task.o
#        J:\STM32_MCU\STM32F407\STM32F407xxProject\EWARM\STM32F407xxxProject\Obj\random_cfg.o
#        J:\STM32_MCU\STM32F407\STM32F407xxProject\EWARM\STM32F407xxxProject\Obj\random_lib.o
#        J:\STM32_MCU\STM32F407\STM32F407xxProject\EWARM\STM32F407xxxProject\Obj\random_task.o
#        J:\STM32_MCU\STM32F407\STM32F407xxProject\EWARM\STM32F407xxxProject\Obj\startup_stm32f407xx.o
#        J:\STM32_MCU\STM32F407\STM32F407xxProject\EWARM\STM32F407xxxProject\Obj\stm32_cfg.o
#        J:\STM32_MCU\STM32F407\STM32F407xxProject\EWARM\STM32F407xxxProject\Obj\stm32f4xx_hal.o
#        J:\STM32_MCU\STM32F407\STM32F407xxProject\EWARM\STM32F407xxxProject\Obj\stm32f4xx_hal_cortex.o
#        J:\STM32_MCU\STM32F407\STM32F407xxProject\EWARM\STM32F407xxxProject\Obj\stm32f4xx_hal_gpio.o
#        J:\STM32_MCU\STM32F407\STM32F407xxProject\EWARM\STM32F407xxxProject\Obj\stm32f4xx_hal_rcc.o
#        J:\STM32_MCU\STM32F407\STM32F407xxProject\EWARM\STM32F407xxxProject\Obj\stm32f4xx_it.o
#        J:\STM32_MCU\STM32F407\STM32F407xxProject\EWARM\STM32F407xxxProject\Obj\stm32f4xx_ll_adc.o
#        J:\STM32_MCU\STM32F407\STM32F407xxProject\EWARM\STM32F407xxxProject\Obj\stm32f4xx_ll_crc.o
#        J:\STM32_MCU\STM32F407\STM32F407xxProject\EWARM\STM32F407xxxProject\Obj\stm32f4xx_ll_dac.o
#        J:\STM32_MCU\STM32F407\STM32F407xxProject\EWARM\STM32F407xxxProject\Obj\stm32f4xx_ll_gpio.o
#        J:\STM32_MCU\STM32F407\STM32F407xxProject\EWARM\STM32F407xxxProject\Obj\stm32f4xx_ll_i2c.o
#        J:\STM32_MCU\STM32F407\STM32F407xxProject\EWARM\STM32F407xxxProject\Obj\stm32f4xx_ll_pwr.o
#        J:\STM32_MCU\STM32F407\STM32F407xxProject\EWARM\STM32F407xxxProject\Obj\stm32f4xx_ll_rcc.o
#        J:\STM32_MCU\STM32F407\STM32F407xxProject\EWARM\STM32F407xxxProject\Obj\stm32f4xx_ll_rng.o
#        J:\STM32_MCU\STM32F407\STM32F407xxProject\EWARM\STM32F407xxxProject\Obj\stm32f4xx_ll_rtc.o
#        J:\STM32_MCU\STM32F407\STM32F407xxProject\EWARM\STM32F407xxxProject\Obj\stm32f4xx_ll_spi.o
#        J:\STM32_MCU\STM32F407\STM32F407xxProject\EWARM\STM32F407xxxProject\Obj\stm32f4xx_ll_tim.o
#        J:\STM32_MCU\STM32F407\STM32F407xxProject\EWARM\STM32F407xxxProject\Obj\stm32f4xx_ll_usart.o
#        J:\STM32_MCU\STM32F407\STM32F407xxProject\EWARM\STM32F407xxxProject\Obj\stm32f4xx_ll_utils.o
#        J:\STM32_MCU\STM32F407\STM32F407xxProject\EWARM\STM32F407xxxProject\Obj\system_stm32f4xx.o
#        J:\STM32_MCU\STM32F407\STM32F407xxProject\EWARM\STM32F407xxxProject\Obj\systick_cfg.o
#        J:\STM32_MCU\STM32F407\STM32F407xxProject\EWARM\STM32F407xxxProject\Obj\systick_lib.o
#        J:\STM32_MCU\STM32F407\STM32F407xxProject\EWARM\STM32F407xxxProject\Obj\systick_task.o
#        J:\STM32_MCU\STM32F407\STM32F407xxProject\EWARM\STM32F407xxxProject\Obj\usart_cfg.o
#        J:\STM32_MCU\STM32F407\STM32F407xxProject\EWARM\STM32F407xxxProject\Obj\usart_task.o
#        J:\STM32_MCU\STM32F407\STM32F407xxProject\EWARM\STM32F407xxxProject\Obj\wm8510_cfg.o
#        J:\STM32_MCU\STM32F407\STM32F407xxProject\EWARM\STM32F407xxxProject\Obj\wm8510_lib.o
#        J:\STM32_MCU\STM32F407\STM32F407xxProject\EWARM\STM32F407xxxProject\Obj\wm8510_task.o
#        --redirect _Printf=_PrintfFull --redirect _Scanf=_ScanfFull
#        --no_out_extension -o
#        J:\STM32_MCU\STM32F407\STM32F407xxProject\EWARM\STM32F407xxxProject\Exe\Main.out
#        --map
#        J:\STM32_MCU\STM32F407\STM32F407xxProject\EWARM\STM32F407xxxProject\List\Main.map
#        --config
#        J:\STM32_MCU\STM32F407\STM32F407xxProject\EWARM/stm32f407xx_flash.icf
#        --semihosting --entry __iar_program_start "D:\Program Files (x86)\IAR
#        Systems\Embedded Workbench
#        8.1\arm\CMSIS\Lib\IAR\iar_cortexM4lf_math.a" --vfe --text_out locale)
#
###############################################################################

*******************************************************************************
*** RUNTIME MODEL ATTRIBUTES
***

CppFlavor       = *
__SystemLibrary = DLib
__dlib_version  = 6


*******************************************************************************
*** HEAP SELECTION
***

The basic heap was selected because no calls to memory allocation
functions were found in the application outside of system library
functions, and there are calls to deallocation functions in the
application.


*******************************************************************************
*** PLACEMENT SUMMARY
***

"A0":  place at 0x800'0000 { ro section .intvec };
"P1":  place in [from 0x800'0000 to 0x80f'ffff] { ro };
define block CSTACK with size = 1280, alignment = 8 { };
define block HEAP with size = 8K, alignment = 8 { };
"P2":  place in [from 0x2000'0000 to 0x2001'ffff] {
          rw, block CSTACK, block HEAP };
initialize by copy { rw };

  Section            Kind         Address    Size  Object
  -------            ----         -------    ----  ------
"A0":                                       0x188
  .intvec            ro code   0x800'0000   0x188  startup_stm32f407xx.o [1]
                             - 0x800'0188   0x188

"P1":                                      0x1299
  .text              ro code   0x800'0188   0x460  main.o [1]
  .text              ro code   0x800'05e8     0xa  stm32_cfg.o [1]
  .text              ro code   0x800'05f4     0xc  stm32f4xx_ll_utils.o [1]
  .text              ro code   0x800'0600    0x1a  gpio_task.o [1]
  .text              ro code   0x800'061a    0x30  systick_task.o [1]
  .text              ro code   0x800'064a     0x8  random_task.o [1]
  .text              ro code   0x800'0654   0x1bc  stm32f4xx_ll_gpio.o [1]
  .text              ro code   0x800'0810   0x2cc  dht11_cfg.o [1]
  .text              ro code   0x800'0adc    0x18  delay_task.o [1]
  .text              ro code   0x800'0af4    0x1a  gpio_lib.o [1]
  .text              ro code   0x800'0b0e    0x30  systick_lib.o [1]
  .text              ro code   0x800'0b3e     0x8  random_lib.o [1]
  .text              ro code   0x800'0b46    0x18  delay_lib.o [1]
  .text              ro code   0x800'0b60   0x1d0  gpio_cfg.o [1]
  .text              ro code   0x800'0d30   0x2b4  systick_cfg.o [1]
  .text              ro code   0x800'0fe4    0x4c  random_cfg.o [1]
  .text              ro code   0x800'1030    0xa0  delay_cfg.o [1]
  .text              ro code   0x800'10d0    0x28  iwdg_cfg.o [1]
  .text              ro code   0x800'10f8    0x60  system_stm32f4xx.o [1]
  .rodata            const     0x800'1158    0x44  main.o [1]
  .text              ro code   0x800'119c    0x38  packbits_init_single.o [4]
  .text              ro code   0x800'11d4    0x28  data_init.o [4]
  .text              ro code   0x800'11fc    0x22  fpinit_M.o [3]
  .iar.init_table    const     0x800'1220    0x10  - Linker created -
  .text              ro code   0x800'1230    0x1e  cmain.o [4]
  .text              ro code   0x800'124e     0x4  low_level_init.o [2]
  .text              ro code   0x800'1252     0x4  exit.o [2]
  .text              ro code   0x800'1258     0xa  cexit.o [4]
  .text              ro code   0x800'1264    0x14  exit.o [5]
  .text              ro code   0x800'1278    0x18  stm32f4xx_hal.o [1]
  .text              ro code   0x800'1290    0x18  stm32f4xx_it.o [1]
  .text              ro code   0x800'12a8    0x10  startup_stm32f407xx.o [1]
  .text              ro code   0x800'12b8     0xc  cstartup_M.o [4]
  .text              ro code   0x800'12c4     0x4  startup_stm32f407xx.o [1]
  .text              ro code   0x800'12c8     0x4  startup_stm32f407xx.o [1]
  .text              ro code   0x800'12cc     0x4  startup_stm32f407xx.o [1]
  .text              ro code   0x800'12d0     0x4  startup_stm32f407xx.o [1]
  .text              ro code   0x800'12d4     0x4  startup_stm32f407xx.o [1]
  .text              ro code   0x800'12d8     0x4  startup_stm32f407xx.o [1]
  .text              ro code   0x800'12dc     0x4  startup_stm32f407xx.o [1]
  .text              ro code   0x800'12e0     0x4  startup_stm32f407xx.o [1]
  .text              ro code   0x800'12e4     0x4  startup_stm32f407xx.o [1]
  .text              ro code   0x800'12e8     0x4  startup_stm32f407xx.o [1]
  .text              ro code   0x800'12ec     0x4  startup_stm32f407xx.o [1]
  .text              ro code   0x800'12f0     0x4  startup_stm32f407xx.o [1]
  .text              ro code   0x800'12f4     0x4  startup_stm32f407xx.o [1]
  .text              ro code   0x800'12f8     0x4  startup_stm32f407xx.o [1]
  .text              ro code   0x800'12fc     0x4  startup_stm32f407xx.o [1]
  .text              ro code   0x800'1300     0x4  startup_stm32f407xx.o [1]
  .text              ro code   0x800'1304     0x4  startup_stm32f407xx.o [1]
  .text              ro code   0x800'1308     0x4  startup_stm32f407xx.o [1]
  .text              ro code   0x800'130c     0x4  startup_stm32f407xx.o [1]
  .text              ro code   0x800'1310     0x4  startup_stm32f407xx.o [1]
  .text              ro code   0x800'1314     0x4  startup_stm32f407xx.o [1]
  .text              ro code   0x800'1318     0x4  startup_stm32f407xx.o [1]
  .text              ro code   0x800'131c     0x4  startup_stm32f407xx.o [1]
  .text              ro code   0x800'1320     0x4  startup_stm32f407xx.o [1]
  .text              ro code   0x800'1324     0x4  startup_stm32f407xx.o [1]
  .text              ro code   0x800'1328     0x4  startup_stm32f407xx.o [1]
  .text              ro code   0x800'132c     0x4  startup_stm32f407xx.o [1]
  .text              ro code   0x800'1330     0x4  startup_stm32f407xx.o [1]
  .text              ro code   0x800'1334     0x4  startup_stm32f407xx.o [1]
  .text              ro code   0x800'1338     0x4  startup_stm32f407xx.o [1]
  .text              ro code   0x800'133c     0x4  startup_stm32f407xx.o [1]
  .text              ro code   0x800'1340     0x4  startup_stm32f407xx.o [1]
  .text              ro code   0x800'1344     0x4  startup_stm32f407xx.o [1]
  .text              ro code   0x800'1348     0x4  startup_stm32f407xx.o [1]
  .text              ro code   0x800'134c     0x4  startup_stm32f407xx.o [1]
  .text              ro code   0x800'1350     0x4  startup_stm32f407xx.o [1]
  .text              ro code   0x800'1354     0x4  startup_stm32f407xx.o [1]
  .text              ro code   0x800'1358     0x4  startup_stm32f407xx.o [1]
  .text              ro code   0x800'135c     0x4  startup_stm32f407xx.o [1]
  .text              ro code   0x800'1360     0x4  startup_stm32f407xx.o [1]
  .text              ro code   0x800'1364     0x4  startup_stm32f407xx.o [1]
  .text              ro code   0x800'1368     0x4  startup_stm32f407xx.o [1]
  .text              ro code   0x800'136c     0x4  startup_stm32f407xx.o [1]
  .text              ro code   0x800'1370     0x4  startup_stm32f407xx.o [1]
  .text              ro code   0x800'1374     0x4  startup_stm32f407xx.o [1]
  .text              ro code   0x800'1378     0x4  startup_stm32f407xx.o [1]
  .text              ro code   0x800'137c     0x4  startup_stm32f407xx.o [1]
  .text              ro code   0x800'1380     0x4  startup_stm32f407xx.o [1]
  .text              ro code   0x800'1384     0x4  startup_stm32f407xx.o [1]
  .text              ro code   0x800'1388     0x4  startup_stm32f407xx.o [1]
  .text              ro code   0x800'138c     0x4  startup_stm32f407xx.o [1]
  .text              ro code   0x800'1390     0x4  startup_stm32f407xx.o [1]
  .text              ro code   0x800'1394     0x4  startup_stm32f407xx.o [1]
  .text              ro code   0x800'1398     0x4  startup_stm32f407xx.o [1]
  .text              ro code   0x800'139c     0x4  startup_stm32f407xx.o [1]
  .text              ro code   0x800'13a0     0x4  startup_stm32f407xx.o [1]
  .text              ro code   0x800'13a4     0x4  startup_stm32f407xx.o [1]
  .text              ro code   0x800'13a8     0x4  startup_stm32f407xx.o [1]
  .text              ro code   0x800'13ac     0x4  startup_stm32f407xx.o [1]
  .text              ro code   0x800'13b0     0x4  startup_stm32f407xx.o [1]
  .text              ro code   0x800'13b4     0x4  startup_stm32f407xx.o [1]
  .text              ro code   0x800'13b8     0x4  startup_stm32f407xx.o [1]
  .text              ro code   0x800'13bc     0x4  startup_stm32f407xx.o [1]
  .text              ro code   0x800'13c0     0x4  startup_stm32f407xx.o [1]
  .text              ro code   0x800'13c4     0x4  startup_stm32f407xx.o [1]
  .text              ro code   0x800'13c8     0x4  startup_stm32f407xx.o [1]
  .text              ro code   0x800'13cc     0x4  startup_stm32f407xx.o [1]
  .text              ro code   0x800'13d0     0x4  startup_stm32f407xx.o [1]
  .text              ro code   0x800'13d4     0x4  startup_stm32f407xx.o [1]
  .text              ro code   0x800'13d8     0x4  startup_stm32f407xx.o [1]
  .text              ro code   0x800'13dc     0x4  startup_stm32f407xx.o [1]
  .text              ro code   0x800'13e0     0x4  startup_stm32f407xx.o [1]
  .text              ro code   0x800'13e4     0x4  startup_stm32f407xx.o [1]
  .text              ro code   0x800'13e8     0x4  startup_stm32f407xx.o [1]
  .text              ro code   0x800'13ec     0x4  startup_stm32f407xx.o [1]
  .text              ro code   0x800'13f0     0x4  startup_stm32f407xx.o [1]
  .text              ro code   0x800'13f4     0x4  startup_stm32f407xx.o [1]
  .text              ro code   0x800'13f8     0x4  startup_stm32f407xx.o [1]
  .text              ro code   0x800'13fc     0x4  startup_stm32f407xx.o [1]
  .text              ro code   0x800'1400     0x4  startup_stm32f407xx.o [1]
  .text              ro code   0x800'1404     0x4  startup_stm32f407xx.o [1]
  .rodata            const     0x800'1408     0x0  packbits_init_single.o [4]
  Initializer bytes  const     0x800'1408    0x19  <for P2-1>
                             - 0x800'1421  0x1299

"P2", part 1 of 2:                           0x4d
  P2-1                        0x2000'0000    0x4d  <Init block>
    .data            inited   0x2000'0000     0x4  dht11_cfg.o [1]
    .data            inited   0x2000'0004     0x4  iwdg_cfg.o [1]
    .data            inited   0x2000'0008     0x4  iwdg_cfg.o [1]
    .data            inited   0x2000'000c     0x4  system_stm32f4xx.o [1]
    .data            inited   0x2000'0010     0x4  systick_cfg.o [1]
    .bss             inited   0x2000'0014    0x18  dht11_cfg.o [1]
    .bss             inited   0x2000'002c     0x4  stm32f4xx_hal.o [1]
    .bss             inited   0x2000'0030    0x1c  systick_cfg.o [1]
    .data            inited   0x2000'004c     0x1  stm32f4xx_hal.o [1]
                            - 0x2000'004d    0x4d

"P2", part 2 of 2:                          0x500
  CSTACK                      0x2000'0050   0x500  <Block>
    CSTACK           uninit   0x2000'0050   0x500  <Block tail>
                            - 0x2000'0550   0x500

Unused ranges:

         From           To      Size
         ----           --      ----
   0x800'1421   0x80f'ffff  0xf'ebdf
  0x2000'004d  0x2000'004f       0x3
  0x2000'0550  0x2001'ffff  0x1'fab0


*******************************************************************************
*** INIT TABLE
***

          Address      Size
          -------      ----
Copy/packbits (__iar_packbits_init_single3)
    1 source range, total size 0x19 (32% of destination):
           0x800'1408  0x19
    1 destination range, total size 0x4d:
          0x2000'0000  0x4d



*******************************************************************************
*** MODULE SUMMARY
***

    Module                  ro code  ro data  rw data
    ------                  -------  -------  -------
command line/config:
    -------------------------------------------------
    Total:

J:\STM32_MCU\STM32F407\STM32F407xxProject\EWARM\STM32F407xxxProject\Obj: [1]
    delay_cfg.o                 160
    delay_lib.o                  24
    delay_task.o                 24
    dht11_cfg.o                 716        9       28
    gpio_cfg.o                  464
    gpio_lib.o                   26
    gpio_task.o                  26
    iwdg_cfg.o                   40        2        8
    main.o                    1 120       68
    random_cfg.o                 76
    random_lib.o                  8
    random_task.o                 8
    startup_stm32f407xx.o       732
    stm32_cfg.o                  10
    stm32f4xx_hal.o              24        2        5
    stm32f4xx_it.o               24
    stm32f4xx_ll_gpio.o         444
    stm32f4xx_ll_utils.o         12
    system_stm32f4xx.o           96        2        4
    systick_cfg.o               692       10       32
    systick_lib.o                48
    systick_task.o               48
    -------------------------------------------------
    Total:                    4 822       93       77

dl7M_tlf.a: [2]
    exit.o                        4
    low_level_init.o              4
    -------------------------------------------------
    Total:                        8

m7M_tls.a: [3]
    fpinit_M.o                   34
    -------------------------------------------------
    Total:                       34

rt7M_tl.a: [4]
    cexit.o                      10
    cmain.o                      30
    cstartup_M.o                 12
    data_init.o                  40
    packbits_init_single.o       56
    -------------------------------------------------
    Total:                      148

shb_l.a: [5]
    exit.o                       20
    -------------------------------------------------
    Total:                       20

    Gaps                         10        2
    Linker created                        16    1 280
-----------------------------------------------------
    Grand Total:              5 042      111    1 357


*******************************************************************************
*** ENTRY LIST
***

Entry                       Address   Size  Type      Object
-----                       -------   ----  ----      ------
.iar.init_table$$Base    0x800'1220          --   Gb  - Linker created -
.iar.init_table$$Limit   0x800'1230          --   Gb  - Linker created -
?main                    0x800'1231         Code  Gb  cmain.o [4]
BusFault_Handler         0x800'1297    0x2  Code  Gb  stm32f4xx_it.o [1]
CSTACK$$Base            0x2000'0050          --   Gb  - Linker created -
CSTACK$$Limit           0x2000'0550          --   Gb  - Linker created -
DHT11_Check              0x800'0939   0x68  Code  Gb  dht11_cfg.o [1]
DHT11_Device0_Init       0x800'08d3   0x10  Code  Gb  dht11_cfg.o [1]
DHT11_GPIO_Init          0x800'0843   0x4a  Code  Gb  dht11_cfg.o [1]
DHT11_Init               0x800'088d   0x46  Code  Gb  dht11_cfg.o [1]
DHT11_RESET              0x800'08f5   0x44  Code  Gb  dht11_cfg.o [1]
DHT11_Read               0x800'0a57   0x86  Code  Gb  dht11_cfg.o [1]
DHT11_ReadBit            0x800'09b3   0x7e  Code  Gb  dht11_cfg.o [1]
DHT11_ReadByte           0x800'0a31   0x26  Code  Gb  dht11_cfg.o [1]
DHT11_START              0x800'09a1   0x12  Code  Gb  dht11_cfg.o [1]
DHT11_StructInit         0x800'082d   0x16  Code  Gb  dht11_cfg.o [1]
DebugMon_Handler         0x800'129d    0x2  Code  Gb  stm32f4xx_it.o [1]
DelayLib_ms              0x800'0b47    0xc  Code  Gb  delay_lib.o [1]
DelayNLib_us             0x800'0b53    0xc  Code  Gb  delay_lib.o [1]
DelayN_ms                0x800'108b   0x24  Code  Gb  delay_cfg.o [1]
DelayN_us                0x800'1051   0x3a  Code  Gb  delay_cfg.o [1]
DelayTask_ms             0x800'0ae9    0xc  Code  Gb  delay_task.o [1]
DelayTask_us             0x800'0add    0xc  Code  Gb  delay_task.o [1]
Delay_ms                 0x800'1031   0x20  Code  Gb  delay_cfg.o [1]
Delay_nop                0x800'10b1   0x12  Code  Gb  delay_cfg.o [1]
GPIOLib_Clock            0x800'0af5   0x12  Code  Gb  gpio_lib.o [1]
GPIOLib_Init             0x800'0b07    0x8  Code  Gb  gpio_lib.o [1]
GPIOTask_Clock           0x800'0601   0x12  Code  Gb  gpio_task.o [1]
GPIOTask_Init            0x800'0613    0x8  Code  Gb  gpio_task.o [1]
GPIO_Clock               0x800'0b97  0x11a  Code  Gb  gpio_cfg.o [1]
GPIO_Init                0x800'0cb1   0x54  Code  Gb  gpio_cfg.o [1]
HAL_IncTick              0x800'1279   0x18  Code  Wk  stm32f4xx_hal.o [1]
HardFault_Handler        0x800'1293    0x2  Code  Gb  stm32f4xx_it.o [1]
IWDG_Reset               0x800'10db   0x18  Code  Gb  iwdg_cfg.o [1]
LL_AHB1_GRP1_DisableClock
                         0x800'0b77    0xa  Code  Lc  gpio_cfg.o [1]
LL_AHB1_GRP1_EnableClock
                         0x800'0b61   0x16  Code  Lc  gpio_cfg.o [1]
LL_AHB2_GRP1_EnableClock
                         0x800'0fe5   0x16  Code  Lc  random_cfg.o [1]
LL_APB1_GRP1_EnableClock
                         0x800'0227   0x18  Code  Lc  main.o [1]
LL_APB2_GRP1_EnableClock
                         0x800'0b81   0x16  Code  Lc  gpio_cfg.o [1]
LL_FLASH_EnableDataCache
                         0x800'03af    0xc  Code  Lc  main.o [1]
LL_FLASH_EnableInstCache
                         0x800'03a3    0xc  Code  Lc  main.o [1]
LL_FLASH_EnablePrefetch
                         0x800'0397    0xc  Code  Lc  main.o [1]
LL_FLASH_GetLatency      0x800'038d    0xa  Code  Lc  main.o [1]
LL_FLASH_SetLatency      0x800'037f    0xe  Code  Lc  main.o [1]
LL_GPIO_Init             0x800'0773   0x9e  Code  Gb  stm32f4xx_ll_gpio.o [1]
LL_GPIO_IsInputPinSet    0x800'0811   0x12  Code  Lc  dht11_cfg.o [1]
LL_GPIO_ResetOutputPin   0x800'0827    0x6  Code  Lc  dht11_cfg.o [1]
LL_GPIO_SetAFPin_0_7     0x800'0703   0x34  Code  Lc  stm32f4xx_ll_gpio.o [1]
LL_GPIO_SetAFPin_8_15    0x800'0737   0x3c  Code  Lc  stm32f4xx_ll_gpio.o [1]
LL_GPIO_SetOutputPin     0x800'0823    0x4  Code  Lc  dht11_cfg.o [1]
LL_GPIO_SetOutputPin     0x800'025b    0x4  Code  Lc  main.o [1]
LL_GPIO_SetPinMode       0x800'0655   0x34  Code  Lc  stm32f4xx_ll_gpio.o [1]
LL_GPIO_SetPinOutputType
                         0x800'0689   0x12  Code  Lc  stm32f4xx_ll_gpio.o [1]
LL_GPIO_SetPinPull       0x800'06cf   0x34  Code  Lc  stm32f4xx_ll_gpio.o [1]
LL_GPIO_SetPinSpeed      0x800'069b   0x34  Code  Lc  stm32f4xx_ll_gpio.o [1]
LL_IWDG_ReloadCounter    0x800'10d1    0xa  Code  Lc  iwdg_cfg.o [1]
LL_InitTick              0x800'0dc5   0x18  Code  Lc  systick_cfg.o [1]
LL_PWR_EnableBkUpAccess
                         0x800'026d    0xc  Code  Lc  main.o [1]
LL_PWR_SetRegulVoltageScaling
                         0x800'025f    0xe  Code  Lc  main.o [1]
LL_RCC_EnableRTC         0x800'02f9    0xc  Code  Lc  main.o [1]
LL_RCC_ForceBackupDomainReset
                         0x800'0305    0xc  Code  Lc  main.o [1]
LL_RCC_GetSysClkSource   0x800'02b7    0xa  Code  Lc  main.o [1]
LL_RCC_HSE_Enable        0x800'0279    0xc  Code  Lc  main.o [1]
LL_RCC_HSE_IsReady       0x800'0285    0xc  Code  Lc  main.o [1]
LL_RCC_LSI_Enable        0x800'0291    0xc  Code  Lc  main.o [1]
LL_RCC_LSI_IsReady       0x800'029d    0xc  Code  Lc  main.o [1]
LL_RCC_PLL_ConfigDomain_48M
                         0x800'0365   0x1a  Code  Lc  main.o [1]
LL_RCC_PLL_ConfigDomain_SYS
                         0x800'0343   0x22  Code  Lc  main.o [1]
LL_RCC_PLL_Enable        0x800'032b    0xc  Code  Lc  main.o [1]
LL_RCC_PLL_IsReady       0x800'0337    0xc  Code  Lc  main.o [1]
LL_RCC_ReleaseBackupDomainReset
                         0x800'0311    0xc  Code  Lc  main.o [1]
LL_RCC_SetAHBPrescaler   0x800'02c1    0xe  Code  Lc  main.o [1]
LL_RCC_SetAPB1Prescaler
                         0x800'02cf    0xe  Code  Lc  main.o [1]
LL_RCC_SetAPB2Prescaler
                         0x800'02dd    0xe  Code  Lc  main.o [1]
LL_RCC_SetRTCClockSource
                         0x800'02eb    0xe  Code  Lc  main.o [1]
LL_RCC_SetRTC_HSEPrescaler
                         0x800'031d    0xe  Code  Lc  main.o [1]
LL_RCC_SetSysClkSource   0x800'02a9    0xe  Code  Lc  main.o [1]
LL_RNG_Enable            0x800'0ffb    0xa  Code  Lc  random_cfg.o [1]
LL_RNG_IsActiveFlag_DRDY
                         0x800'1005    0x8  Code  Lc  random_cfg.o [1]
LL_SYSTICK_SetClkSource
                         0x800'023f   0x1c  Code  Lc  main.o [1]
LL_SetSystemCoreClock    0x800'05f5    0x6  Code  Gb  stm32f4xx_ll_utils.o [1]
MemManage_Handler        0x800'1295    0x2  Code  Gb  stm32f4xx_it.o [1]
NMI_Handler              0x800'1291    0x2  Code  Gb  stm32f4xx_it.o [1]
NVIC_EncodePriority      0x800'01e7   0x40  Code  Lc  main.o [1]
NVIC_EncodePriority      0x800'0d85   0x40  Code  Lc  systick_cfg.o [1]
NVIC_GetPriorityGrouping
                         0x800'01ab    0xc  Code  Lc  main.o [1]
NVIC_GetPriorityGrouping
                         0x800'0d4f    0xa  Code  Lc  systick_cfg.o [1]
NVIC_Init                0x800'047b   0x96  Code  Gb  main.o [1]
NVIC_SetPriority         0x800'01b7   0x30  Code  Lc  main.o [1]
NVIC_SetPriority         0x800'0d59   0x2c  Code  Lc  systick_cfg.o [1]
NVIC_SetPriorityGrouping
                         0x800'0189   0x22  Code  Lc  main.o [1]
NVIC_SetPriorityGrouping
                         0x800'0d31   0x1e  Code  Lc  systick_cfg.o [1]
PendSV_Handler           0x800'129f    0x2  Code  Gb  stm32f4xx_it.o [1]
RandomLib_Init           0x800'0b3f    0x8  Code  Gb  random_lib.o [1]
RandomTask_Init          0x800'064b    0x8  Code  Gb  random_task.o [1]
Random_Init              0x800'100d   0x1c  Code  Gb  random_cfg.o [1]
Region$$Table$$Base      0x800'1220          --   Gb  - Linker created -
Region$$Table$$Limit     0x800'1230          --   Gb  - Linker created -
SVC_Handler              0x800'129b    0x2  Code  Gb  stm32f4xx_it.o [1]
SysTickLib_1msTick       0x800'0b37    0x8  Code  Gb  systick_lib.o [1]
SysTickLib_IRQDecTick    0x800'0b17    0xc  Code  Gb  systick_lib.o [1]
SysTickLib_IRQTask       0x800'0b23    0x8  Code  Gb  systick_lib.o [1]
SysTickLib_Init          0x800'0b0f    0x8  Code  Gb  systick_lib.o [1]
SysTickLib_WaitTick      0x800'0b2b    0xc  Code  Gb  systick_lib.o [1]
SysTickTask_1msTick      0x800'0643    0x8  Code  Gb  systick_task.o [1]
SysTickTask_IRQDecTick   0x800'0623    0xc  Code  Gb  systick_task.o [1]
SysTickTask_IRQTask      0x800'062f    0x8  Code  Gb  systick_task.o [1]
SysTickTask_Init         0x800'061b    0x8  Code  Gb  systick_task.o [1]
SysTickTask_WaitTick     0x800'0637    0xc  Code  Gb  systick_task.o [1]
SysTick_1msTick          0x800'0f6f   0x42  Code  Gb  systick_cfg.o [1]
SysTick_Handler          0x800'12a1    0x8  Code  Gb  stm32f4xx_it.o [1]
SysTick_IRQDecTick       0x800'0e65   0x2a  Code  Gb  systick_cfg.o [1]
SysTick_IRQTask          0x800'0e8f   0x80  Code  Gb  systick_cfg.o [1]
SysTick_Init             0x800'0e1b   0x4a  Code  Gb  systick_cfg.o [1]
SysTick_Resume           0x800'0deb    0xe  Code  Gb  systick_cfg.o [1]
SysTick_StructInit       0x800'0df9   0x22  Code  Gb  systick_cfg.o [1]
SysTick_Suspend          0x800'0ddd    0xe  Code  Gb  systick_cfg.o [1]
SysTick_WaitTick         0x800'0f0f   0x60  Code  Gb  systick_cfg.o [1]
Sys_Init                 0x800'0511   0x64  Code  Gb  main.o [1]
SystemClock_Config       0x800'03bb   0xc0  Code  Gb  main.o [1]
SystemCoreClock         0x2000'000c    0x4  Data  Gb  system_stm32f4xx.o [1]
SystemInit               0x800'10f9   0x40  Code  Gb  system_stm32f4xx.o [1]
UsageFault_Handler       0x800'1299    0x2  Code  Gb  stm32f4xx_it.o [1]
_Error_Handler           0x800'05f1    0x2  Code  Gb  stm32_cfg.o [1]
__cmain                  0x800'1231         Code  Gb  cmain.o [4]
__exit                   0x800'1265   0x14  Code  Gb  exit.o [5]
__iar_data_init3         0x800'11d5   0x28  Code  Gb  data_init.o [4]
__iar_init_vfp           0x800'11fd         Code  Gb  fpinit_M.o [3]
__iar_packbits_init_single3
                         0x800'119d   0x38  Code  Gb  packbits_init_single.o [4]
__iar_program_start      0x800'12b9         Code  Gb  cstartup_M.o [4]
__low_level_init         0x800'124f    0x4  Code  Gb  low_level_init.o [2]
__vector_table           0x800'0000         Data  Gb  startup_stm32f407xx.o [1]
_call_main               0x800'123d         Code  Gb  cmain.o [4]
_exit                    0x800'1259         Code  Gb  cexit.o [4]
_irq_disable             0x800'05e9    0x4  Code  Gb  stm32_cfg.o [1]
_irq_enable              0x800'05ed    0x4  Code  Gb  stm32_cfg.o [1]
_main                    0x800'124b         Code  Gb  cmain.o [4]
exit                     0x800'1253    0x4  Code  Gb  exit.o [2]
g_DHT11Device0          0x2000'0014   0x18  Data  Gb  dht11_cfg.o [1]
g_IWDG                  0x2000'0004    0x4  Data  Gb  iwdg_cfg.o [1]
g_SysTick               0x2000'0030   0x1c  Data  Gb  systick_cfg.o [1]
main                     0x800'0575   0x20  Code  Gb  main.o [1]
pDHT11Device0           0x2000'0000    0x4  Data  Gb  dht11_cfg.o [1]
pIWDG                   0x2000'0008    0x4  Data  Gb  iwdg_cfg.o [1]
pSysTick                0x2000'0010    0x4  Data  Gb  systick_cfg.o [1]
uwTick                  0x2000'002c    0x4  Data  Gb  stm32f4xx_hal.o [1]
uwTickFreq              0x2000'004c    0x1  Data  Gb  stm32f4xx_hal.o [1]


[1] = J:\STM32_MCU\STM32F407\STM32F407xxProject\EWARM\STM32F407xxxProject\Obj
[2] = dl7M_tlf.a
[3] = m7M_tls.a
[4] = rt7M_tl.a
[5] = shb_l.a

  5 042 bytes of readonly  code memory
    111 bytes of readonly  data memory
  1 357 bytes of readwrite data memory

Errors: none
Warnings: none
