###############################################################################
#
# IAR ELF Linker V8.30.1.114/W32 for ARM                  26/Jul/2018  20:24:09
# Copyright 2007-2018 IAR Systems AB.
#
#    Output file  =  
#        J:\STM32_MCU\STM32F407\STM32F407xxProject\EWARM\STM32F407xxxProject\Exe\STM32F407xxxProject.out
#    Map file     =  
#        J:\STM32_MCU\STM32F407\STM32F407xxProject\EWARM\STM32F407xxxProject\List\STM32F407xxxProject.map
#    Command line =  
#        -f C:\Users\Harry\AppData\Local\Temp\EWEB15.tmp
#        (J:\STM32_MCU\STM32F407\STM32F407xxProject\EWARM\STM32F407xxxProject\Obj\ad5593_cfg.o
#        J:\STM32_MCU\STM32F407\STM32F407xxProject\EWARM\STM32F407xxxProject\Obj\ad5593_lib.o
#        J:\STM32_MCU\STM32F407\STM32F407xxProject\EWARM\STM32F407xxxProject\Obj\ad5593_task.o
#        J:\STM32_MCU\STM32F407\STM32F407xxProject\EWARM\STM32F407xxxProject\Obj\adc_cfg.o
#        J:\STM32_MCU\STM32F407\STM32F407xxProject\EWARM\STM32F407xxxProject\Obj\adc_lib.o
#        J:\STM32_MCU\STM32F407\STM32F407xxProject\EWARM\STM32F407xxxProject\Obj\adc_task.o
#        J:\STM32_MCU\STM32F407\STM32F407xxProject\EWARM\STM32F407xxxProject\Obj\ads8688_cfg.o
#        J:\STM32_MCU\STM32F407\STM32F407xxProject\EWARM\STM32F407xxxProject\Obj\ads8688_lib.o
#        J:\STM32_MCU\STM32F407\STM32F407xxProject\EWARM\STM32F407xxxProject\Obj\ads8688_task.o
#        J:\STM32_MCU\STM32F407\STM32F407xxProject\EWARM\STM32F407xxxProject\Obj\at24cxx_cfg.o
#        J:\STM32_MCU\STM32F407\STM32F407xxProject\EWARM\STM32F407xxxProject\Obj\at24cxx_lib.o
#        J:\STM32_MCU\STM32F407\STM32F407xxProject\EWARM\STM32F407xxxProject\Obj\at24cxx_task.o
#        J:\STM32_MCU\STM32F407\STM32F407xxProject\EWARM\STM32F407xxxProject\Obj\complier_cfg.o
#        J:\STM32_MCU\STM32F407\STM32F407xxProject\EWARM\STM32F407xxxProject\Obj\complier_lib.o
#        J:\STM32_MCU\STM32F407\STM32F407xxProject\EWARM\STM32F407xxxProject\Obj\crc_cfg.o
#        J:\STM32_MCU\STM32F407\STM32F407xxProject\EWARM\STM32F407xxxProject\Obj\crc_lib.o
#        J:\STM32_MCU\STM32F407\STM32F407xxProject\EWARM\STM32F407xxxProject\Obj\crc_task.o
#        J:\STM32_MCU\STM32F407\STM32F407xxProject\EWARM\STM32F407xxxProject\Obj\delay_cfg.o
#        J:\STM32_MCU\STM32F407\STM32F407xxProject\EWARM\STM32F407xxxProject\Obj\delay_lib.o
#        J:\STM32_MCU\STM32F407\STM32F407xxProject\EWARM\STM32F407xxxProject\Obj\delay_task.o
#        J:\STM32_MCU\STM32F407\STM32F407xxProject\EWARM\STM32F407xxxProject\Obj\dht11_cfg.o
#        J:\STM32_MCU\STM32F407\STM32F407xxProject\EWARM\STM32F407xxxProject\Obj\dht11_lib.o
#        J:\STM32_MCU\STM32F407\STM32F407xxProject\EWARM\STM32F407xxxProject\Obj\dht11_task.o
#        J:\STM32_MCU\STM32F407\STM32F407xxProject\EWARM\STM32F407xxxProject\Obj\ds18b20_cfg.o
#        J:\STM32_MCU\STM32F407\STM32F407xxProject\EWARM\STM32F407xxxProject\Obj\ds18b20_lib.o
#        J:\STM32_MCU\STM32F407\STM32F407xxProject\EWARM\STM32F407xxxProject\Obj\ds18b20_task.o
#        J:\STM32_MCU\STM32F407\STM32F407xxProject\EWARM\STM32F407xxxProject\Obj\gpio_cfg.o
#        J:\STM32_MCU\STM32F407\STM32F407xxProject\EWARM\STM32F407xxxProject\Obj\gpio_lib.o
#        J:\STM32_MCU\STM32F407\STM32F407xxProject\EWARM\STM32F407xxxProject\Obj\gpio_task.o
#        J:\STM32_MCU\STM32F407\STM32F407xxProject\EWARM\STM32F407xxxProject\Obj\i2c_cfg.o
#        J:\STM32_MCU\STM32F407\STM32F407xxProject\EWARM\STM32F407xxxProject\Obj\i2c_lib.o
#        J:\STM32_MCU\STM32F407\STM32F407xxProject\EWARM\STM32F407xxxProject\Obj\i2c_task.o
#        J:\STM32_MCU\STM32F407\STM32F407xxProject\EWARM\STM32F407xxxProject\Obj\isp_cfg.o
#        J:\STM32_MCU\STM32F407\STM32F407xxProject\EWARM\STM32F407xxxProject\Obj\isp_lib.o
#        J:\STM32_MCU\STM32F407\STM32F407xxProject\EWARM\STM32F407xxxProject\Obj\isp_task.o
#        J:\STM32_MCU\STM32F407\STM32F407xxProject\EWARM\STM32F407xxxProject\Obj\iwdg_cfg.o
#        J:\STM32_MCU\STM32F407\STM32F407xxProject\EWARM\STM32F407xxxProject\Obj\iwdg_lib.o
#        J:\STM32_MCU\STM32F407\STM32F407xxProject\EWARM\STM32F407xxxProject\Obj\iwdg_task.o
#        J:\STM32_MCU\STM32F407\STM32F407xxProject\EWARM\STM32F407xxxProject\Obj\main.o
#        J:\STM32_MCU\STM32F407\STM32F407xxProject\EWARM\STM32F407xxxProject\Obj\one_wire_cfg.o
#        J:\STM32_MCU\STM32F407\STM32F407xxProject\EWARM\STM32F407xxxProject\Obj\one_wire_lib.o
#        J:\STM32_MCU\STM32F407\STM32F407xxProject\EWARM\STM32F407xxxProject\Obj\one_wire_task.o
#        J:\STM32_MCU\STM32F407\STM32F407xxProject\EWARM\STM32F407xxxProject\Obj\pcf8563_cfg.o
#        J:\STM32_MCU\STM32F407\STM32F407xxProject\EWARM\STM32F407xxxProject\Obj\pcf8563_lib.o
#        J:\STM32_MCU\STM32F407\STM32F407xxProject\EWARM\STM32F407xxxProject\Obj\pcf8563_task.o
#        J:\STM32_MCU\STM32F407\STM32F407xxProject\EWARM\STM32F407xxxProject\Obj\random_cfg.o
#        J:\STM32_MCU\STM32F407\STM32F407xxProject\EWARM\STM32F407xxxProject\Obj\random_lib.o
#        J:\STM32_MCU\STM32F407\STM32F407xxProject\EWARM\STM32F407xxxProject\Obj\random_task.o
#        J:\STM32_MCU\STM32F407\STM32F407xxProject\EWARM\STM32F407xxxProject\Obj\spi_cfg.o
#        J:\STM32_MCU\STM32F407\STM32F407xxProject\EWARM\STM32F407xxxProject\Obj\spi_lib.o
#        J:\STM32_MCU\STM32F407\STM32F407xxProject\EWARM\STM32F407xxxProject\Obj\spi_task.o
#        J:\STM32_MCU\STM32F407\STM32F407xxProject\EWARM\STM32F407xxxProject\Obj\startup_stm32f407xx.o
#        J:\STM32_MCU\STM32F407\STM32F407xxProject\EWARM\STM32F407xxxProject\Obj\stm32_cfg.o
#        J:\STM32_MCU\STM32F407\STM32F407xxProject\EWARM\STM32F407xxxProject\Obj\stm32f4xx_hal.o
#        J:\STM32_MCU\STM32F407\STM32F407xxProject\EWARM\STM32F407xxxProject\Obj\stm32f4xx_hal_cortex.o
#        J:\STM32_MCU\STM32F407\STM32F407xxProject\EWARM\STM32F407xxxProject\Obj\stm32f4xx_hal_gpio.o
#        J:\STM32_MCU\STM32F407\STM32F407xxProject\EWARM\STM32F407xxxProject\Obj\stm32f4xx_hal_rcc.o
#        J:\STM32_MCU\STM32F407\STM32F407xxProject\EWARM\STM32F407xxxProject\Obj\stm32f4xx_it.o
#        J:\STM32_MCU\STM32F407\STM32F407xxProject\EWARM\STM32F407xxxProject\Obj\stm32f4xx_ll_adc.o
#        J:\STM32_MCU\STM32F407\STM32F407xxProject\EWARM\STM32F407xxxProject\Obj\stm32f4xx_ll_crc.o
#        J:\STM32_MCU\STM32F407\STM32F407xxProject\EWARM\STM32F407xxxProject\Obj\stm32f4xx_ll_dac.o
#        J:\STM32_MCU\STM32F407\STM32F407xxProject\EWARM\STM32F407xxxProject\Obj\stm32f4xx_ll_gpio.o
#        J:\STM32_MCU\STM32F407\STM32F407xxProject\EWARM\STM32F407xxxProject\Obj\stm32f4xx_ll_i2c.o
#        J:\STM32_MCU\STM32F407\STM32F407xxProject\EWARM\STM32F407xxxProject\Obj\stm32f4xx_ll_pwr.o
#        J:\STM32_MCU\STM32F407\STM32F407xxProject\EWARM\STM32F407xxxProject\Obj\stm32f4xx_ll_rcc.o
#        J:\STM32_MCU\STM32F407\STM32F407xxProject\EWARM\STM32F407xxxProject\Obj\stm32f4xx_ll_rng.o
#        J:\STM32_MCU\STM32F407\STM32F407xxProject\EWARM\STM32F407xxxProject\Obj\stm32f4xx_ll_rtc.o
#        J:\STM32_MCU\STM32F407\STM32F407xxProject\EWARM\STM32F407xxxProject\Obj\stm32f4xx_ll_spi.o
#        J:\STM32_MCU\STM32F407\STM32F407xxProject\EWARM\STM32F407xxxProject\Obj\stm32f4xx_ll_tim.o
#        J:\STM32_MCU\STM32F407\STM32F407xxProject\EWARM\STM32F407xxxProject\Obj\stm32f4xx_ll_usart.o
#        J:\STM32_MCU\STM32F407\STM32F407xxProject\EWARM\STM32F407xxxProject\Obj\stm32f4xx_ll_utils.o
#        J:\STM32_MCU\STM32F407\STM32F407xxProject\EWARM\STM32F407xxxProject\Obj\system_stm32f4xx.o
#        J:\STM32_MCU\STM32F407\STM32F407xxProject\EWARM\STM32F407xxxProject\Obj\systick_cfg.o
#        J:\STM32_MCU\STM32F407\STM32F407xxProject\EWARM\STM32F407xxxProject\Obj\systick_lib.o
#        J:\STM32_MCU\STM32F407\STM32F407xxProject\EWARM\STM32F407xxxProject\Obj\systick_task.o
#        J:\STM32_MCU\STM32F407\STM32F407xxProject\EWARM\STM32F407xxxProject\Obj\usart_cfg.o
#        J:\STM32_MCU\STM32F407\STM32F407xxProject\EWARM\STM32F407xxxProject\Obj\usart_lib.o
#        J:\STM32_MCU\STM32F407\STM32F407xxProject\EWARM\STM32F407xxxProject\Obj\usart_task.o
#        J:\STM32_MCU\STM32F407\STM32F407xxProject\EWARM\STM32F407xxxProject\Obj\wm8510_cfg.o
#        J:\STM32_MCU\STM32F407\STM32F407xxProject\EWARM\STM32F407xxxProject\Obj\wm8510_lib.o
#        J:\STM32_MCU\STM32F407\STM32F407xxProject\EWARM\STM32F407xxxProject\Obj\wm8510_task.o
#        --redirect _Printf=_PrintfFull --redirect _Scanf=_ScanfFull
#        --no_out_extension -o
#        J:\STM32_MCU\STM32F407\STM32F407xxProject\EWARM\STM32F407xxxProject\Exe\STM32F407xxxProject.out
#        --map
#        J:\STM32_MCU\STM32F407\STM32F407xxProject\EWARM\STM32F407xxxProject\List\STM32F407xxxProject.map
#        --config "D:\Program Files (x86)\IAR Systems\Embedded Workbench
#        8.1\arm\config\linker\ST\stm32f407xE.icf" --semihosting --entry
#        __iar_program_start --vfe --text_out locale)
#
###############################################################################

*******************************************************************************
*** RUNTIME MODEL ATTRIBUTES
***

CppFlavor       = *
__SystemLibrary = DLib
__dlib_version  = 6


*******************************************************************************
*** HEAP SELECTION
***

The basic heap was selected because no calls to memory allocation
functions were found in the application outside of system library
functions, and there are calls to deallocation functions in the
application.


*******************************************************************************
*** PLACEMENT SUMMARY
***

"A0":  place at 0x800'0000 { ro section .intvec };
"P1":  place in [from 0x800'0000 to 0x807'ffff] { ro };
define block CSTACK with size = 8K, alignment = 8 { };
"P3":  place in [from 0x1000'0000 to 0x1000'ffff] {
          block CSTACK, section .ccram };
define block HEAP with size = 8K, alignment = 8 { };
"P4":  place in [from 0x2000'0000 to 0x2001'bfff] |
                [from 0x2001'c000 to 0x2001'ffff] { rw, block HEAP };
initialize by copy { rw };

No sections matched the following patterns:

  ro section application_specific_ro  in "P2"
  section .backup_sram                in "P5"
  section .ccram                      in "P3"


  Section            Kind         Address    Size  Object
  -------            ----         -------    ----  ------
"A0":                                       0x188
  .intvec            ro code   0x800'0000   0x188  startup_stm32f407xx.o [1]
                             - 0x800'0188   0x188

"P1":                                      0x4230
  .text              ro code   0x800'0188   0xf7a  xprintffull.o [2]
  .text              ro code   0x800'1102    0x3a  zero_init3.o [4]
  .text              ro code   0x800'113c    0x78  xlocale_c.o [2]
  .text              ro code   0x800'11b4    0x16  strchr.o [4]
  .text              ro code   0x800'11ca    0x1e  xencoding_8859_1.o [2]
  .text              ro code   0x800'11e8    0x40  xfail_s.o [2]
  .text              ro code   0x800'1228    0x36  strlen.o [4]
  .text              ro code   0x800'125e    0x1a  xsnprout.o [2]
  .text              ro code   0x800'1278    0x58  memchr.o [4]
  .text              ro code   0x800'12d0     0xa  xmbcurmax.o [2]
  .text              ro code   0x800'12dc    0xa6  ABImemcpy.o [4]
  .text              ro code   0x800'1384   0x230  I64DivMod.o [4]
  .text              ro code   0x800'15b4   0x1a2  DblMul.o [3]
  .text              ro code   0x800'1758    0x70  frexp.o [3]
  .text              ro code   0x800'17c8    0x2e  DblCmpLe.o [3]
  .text              ro code   0x800'17f8    0x2e  DblCmpGe.o [3]
  .text              ro code   0x800'1828   0x13a  ldexp.o [3]
  .text              ro code   0x800'1964    0x3a  DblToS32.o [3]
  .text              ro code   0x800'19a0    0x22  S32ToDbl.o [3]
  .text              ro code   0x800'19c4    0xe2  DblSub.o [3]
  .text              ro code   0x800'1aa8   0x246  DblDiv.o [3]
  .text              ro code   0x800'1cf0    0x28  DblToU32.o [3]
  .text              ro code   0x800'1d18    0x1a  U32ToDbl.o [3]
  .text              ro code   0x800'1d32     0x6  abort.o [2]
  .text              ro code   0x800'1d38     0x2  I64DivZer.o [4]
  .text              ro code   0x800'1d3c   0x16a  DblAdd.o [3]
  .text              ro code   0x800'1ea8    0x14  exit.o [5]
  .text              ro code   0x800'1ebc   0x744  usart_lib.o [1]
  .text              ro code   0x800'2600   0x714  usart_cfg.o [1]
  .text              ro code   0x800'2d14    0x48  crc_task.o [1]
  .text              ro code   0x800'2d5c    0x28  iwdg_cfg.o [1]
  .text              ro code   0x800'2d84    0x3c  vsnprint.o [2]
  .text              ro code   0x800'2dc0    0x1a  gpio_task.o [1]
  .text              ro code   0x800'2ddc   0x1bc  stm32f4xx_ll_gpio.o [1]
  .text              ro code   0x800'2f98   0x2cc  stm32f4xx_ll_usart.o [1]
  .text              ro code   0x800'3264    0xa4  crc_lib.o [1]
  .text              ro code   0x800'3308    0x1a  gpio_lib.o [1]
  .text              ro code   0x800'3324   0x150  stm32f4xx_ll_rcc.o [1]
  .text              ro code   0x800'3474   0x1d0  gpio_cfg.o [1]
  .text              ro code   0x800'3644   0x428  main.o [1]
  .text              ro code   0x800'3a6c     0x2  stm32_cfg.o [1]
  .text              ro code   0x800'3a70     0xc  stm32f4xx_ll_utils.o [1]
  .text              ro code   0x800'3a7c    0x18  systick_task.o [1]
  .text              ro code   0x800'3a94   0x160  usart_task.o [1]
  .text              ro code   0x800'3bf4    0x18  systick_lib.o [1]
  .text              ro code   0x800'3c0c   0x1f4  systick_cfg.o [1]
  .text              ro code   0x800'3e00   0x19c  stm32f4xx_it.o [1]
  .text              ro code   0x800'3f9c    0x60  system_stm32f4xx.o [1]
  .rodata            const     0x800'3ffc    0x44  main.o [1]
  .text              ro code   0x800'4040    0x2c  copy_init3.o [4]
  .text              ro code   0x800'406c    0x28  data_init.o [4]
  .text              ro code   0x800'4094    0x22  fpinit_M.o [3]
  .iar.init_table    const     0x800'40b8    0x24  - Linker created -
  .rodata            const     0x800'40dc    0x20  usart_lib.o [1]
  .rodata            const     0x800'40fc    0x20  usart_task.o [1]
  .text              ro code   0x800'411c    0x1e  cmain.o [4]
  .text              ro code   0x800'413a     0x4  low_level_init.o [2]
  .text              ro code   0x800'413e     0x4  exit.o [2]
  .text              ro code   0x800'4144     0xa  cexit.o [4]
  .rodata            const     0x800'4150    0x18  usart_cfg.o [1]
  .text              ro code   0x800'4168    0x18  stm32f4xx_hal.o [1]
  .rodata            const     0x800'4180    0x10  system_stm32f4xx.o [1]
  .text              ro code   0x800'4190    0x10  startup_stm32f407xx.o [1]
  .text              ro code   0x800'41a0     0xc  cstartup_M.o [4]
  .rodata            const     0x800'41ac     0x8  system_stm32f4xx.o [1]
  .rodata            const     0x800'41b4     0x6  xlocale_c.o [2]
  .text              ro code   0x800'41ba     0x4  startup_stm32f407xx.o [1]
  .text              ro code   0x800'41be     0x4  startup_stm32f407xx.o [1]
  .text              ro code   0x800'41c2     0x4  startup_stm32f407xx.o [1]
  .text              ro code   0x800'41c6     0x4  startup_stm32f407xx.o [1]
  .text              ro code   0x800'41ca     0x4  startup_stm32f407xx.o [1]
  .text              ro code   0x800'41ce     0x4  startup_stm32f407xx.o [1]
  .text              ro code   0x800'41d2     0x4  startup_stm32f407xx.o [1]
  .text              ro code   0x800'41d6     0x4  startup_stm32f407xx.o [1]
  .text              ro code   0x800'41da     0x4  startup_stm32f407xx.o [1]
  .text              ro code   0x800'41de     0x4  startup_stm32f407xx.o [1]
  .text              ro code   0x800'41e2     0x4  startup_stm32f407xx.o [1]
  .text              ro code   0x800'41e6     0x4  startup_stm32f407xx.o [1]
  .text              ro code   0x800'41ea     0x4  startup_stm32f407xx.o [1]
  .text              ro code   0x800'41ee     0x4  startup_stm32f407xx.o [1]
  .text              ro code   0x800'41f2     0x4  startup_stm32f407xx.o [1]
  .text              ro code   0x800'41f6     0x4  startup_stm32f407xx.o [1]
  .text              ro code   0x800'41fa     0x4  startup_stm32f407xx.o [1]
  .text              ro code   0x800'41fe     0x4  startup_stm32f407xx.o [1]
  .text              ro code   0x800'4202     0x4  startup_stm32f407xx.o [1]
  .text              ro code   0x800'4206     0x4  startup_stm32f407xx.o [1]
  .text              ro code   0x800'420a     0x4  startup_stm32f407xx.o [1]
  .text              ro code   0x800'420e     0x4  startup_stm32f407xx.o [1]
  .text              ro code   0x800'4212     0x4  startup_stm32f407xx.o [1]
  .text              ro code   0x800'4216     0x4  startup_stm32f407xx.o [1]
  .text              ro code   0x800'421a     0x4  startup_stm32f407xx.o [1]
  .text              ro code   0x800'421e     0x4  startup_stm32f407xx.o [1]
  .text              ro code   0x800'4222     0x4  startup_stm32f407xx.o [1]
  .text              ro code   0x800'4226     0x4  startup_stm32f407xx.o [1]
  .text              ro code   0x800'422a     0x4  startup_stm32f407xx.o [1]
  .text              ro code   0x800'422e     0x4  startup_stm32f407xx.o [1]
  .text              ro code   0x800'4232     0x4  startup_stm32f407xx.o [1]
  .text              ro code   0x800'4236     0x4  startup_stm32f407xx.o [1]
  .text              ro code   0x800'423a     0x4  startup_stm32f407xx.o [1]
  .text              ro code   0x800'423e     0x4  startup_stm32f407xx.o [1]
  .text              ro code   0x800'4242     0x4  startup_stm32f407xx.o [1]
  .text              ro code   0x800'4246     0x4  startup_stm32f407xx.o [1]
  .text              ro code   0x800'424a     0x4  startup_stm32f407xx.o [1]
  .text              ro code   0x800'424e     0x4  startup_stm32f407xx.o [1]
  .text              ro code   0x800'4252     0x4  startup_stm32f407xx.o [1]
  .text              ro code   0x800'4256     0x4  startup_stm32f407xx.o [1]
  .text              ro code   0x800'425a     0x4  startup_stm32f407xx.o [1]
  .text              ro code   0x800'425e     0x4  startup_stm32f407xx.o [1]
  .text              ro code   0x800'4262     0x4  startup_stm32f407xx.o [1]
  .text              ro code   0x800'4266     0x4  startup_stm32f407xx.o [1]
  .text              ro code   0x800'426a     0x4  startup_stm32f407xx.o [1]
  .text              ro code   0x800'426e     0x4  startup_stm32f407xx.o [1]
  .text              ro code   0x800'4272     0x4  startup_stm32f407xx.o [1]
  .text              ro code   0x800'4276     0x4  startup_stm32f407xx.o [1]
  .text              ro code   0x800'427a     0x4  startup_stm32f407xx.o [1]
  .text              ro code   0x800'427e     0x4  startup_stm32f407xx.o [1]
  .text              ro code   0x800'4282     0x4  startup_stm32f407xx.o [1]
  .text              ro code   0x800'4286     0x4  startup_stm32f407xx.o [1]
  .text              ro code   0x800'428a     0x4  startup_stm32f407xx.o [1]
  .text              ro code   0x800'428e     0x4  startup_stm32f407xx.o [1]
  .text              ro code   0x800'4292     0x4  startup_stm32f407xx.o [1]
  .text              ro code   0x800'4296     0x4  startup_stm32f407xx.o [1]
  .text              ro code   0x800'429a     0x4  startup_stm32f407xx.o [1]
  .text              ro code   0x800'429e     0x4  startup_stm32f407xx.o [1]
  .text              ro code   0x800'42a2     0x4  startup_stm32f407xx.o [1]
  .text              ro code   0x800'42a6     0x4  startup_stm32f407xx.o [1]
  .text              ro code   0x800'42aa     0x4  startup_stm32f407xx.o [1]
  .text              ro code   0x800'42ae     0x4  startup_stm32f407xx.o [1]
  .text              ro code   0x800'42b2     0x4  startup_stm32f407xx.o [1]
  .text              ro code   0x800'42b6     0x4  startup_stm32f407xx.o [1]
  .text              ro code   0x800'42ba     0x4  startup_stm32f407xx.o [1]
  .text              ro code   0x800'42be     0x4  startup_stm32f407xx.o [1]
  .text              ro code   0x800'42c2     0x4  startup_stm32f407xx.o [1]
  .text              ro code   0x800'42c6     0x4  startup_stm32f407xx.o [1]
  .text              ro code   0x800'42ca     0x4  startup_stm32f407xx.o [1]
  .text              ro code   0x800'42ce     0x4  startup_stm32f407xx.o [1]
  .text              ro code   0x800'42d2     0x4  startup_stm32f407xx.o [1]
  .text              ro code   0x800'42d6     0x4  startup_stm32f407xx.o [1]
  .text              ro code   0x800'42da     0x4  startup_stm32f407xx.o [1]
  .text              ro code   0x800'42de     0x4  startup_stm32f407xx.o [1]
  .text              ro code   0x800'42e2     0x4  startup_stm32f407xx.o [1]
  .text              ro code   0x800'42e6     0x4  startup_stm32f407xx.o [1]
  .text              ro code   0x800'42ea     0x4  startup_stm32f407xx.o [1]
  .text              ro code   0x800'42ee     0x4  startup_stm32f407xx.o [1]
  .text              ro code   0x800'42f2     0x4  startup_stm32f407xx.o [1]
  .rodata            const     0x800'42f6     0x0  zero_init3.o [4]
  .rodata            const     0x800'42f6     0x0  copy_init3.o [4]
  Initializer bytes  const     0x800'42f8    0xc0  <for P4 s0>
                             - 0x800'43b8  0x4230

"P3":                                      0x2000
  CSTACK                      0x1000'0000  0x2000  <Block>
    CSTACK           uninit   0x1000'0000  0x2000  <Block tail>
                            - 0x1000'2000  0x2000

"P4", part 1 of 2:                           0xc0
  P4 s0                       0x2000'0000    0xc0  <Init block>
    .data            inited   0x2000'0000    0x48  xlocale_c.o [2]
    .data            inited   0x2000'0048    0x38  xlocale_c.o [2]
    .data            inited   0x2000'0080    0x14  crc_cfg.o [1]
    .data            inited   0x2000'0094    0x10  main.o [1]
    .data            inited   0x2000'00a4     0x4  crc_cfg.o [1]
    .data            inited   0x2000'00a8     0x4  iwdg_cfg.o [1]
    .data            inited   0x2000'00ac     0x4  iwdg_cfg.o [1]
    .data            inited   0x2000'00b0     0x4  system_stm32f4xx.o [1]
    .data            inited   0x2000'00b4     0x4  systick_cfg.o [1]
    .data            inited   0x2000'00b8     0x4  usart_cfg.o [1]
    .data            inited   0x2000'00bc     0x1  stm32f4xx_hal.o [1]
                            - 0x2000'00c0    0xc0

"P4", part 2 of 2:                          0x47c
  .bss               zero     0x2000'00c0   0x400  usart_cfg.o [1]
  .bss               zero     0x2000'04c0    0x40  usart_cfg.o [1]
  .bss               zero     0x2000'0500    0x1c  systick_cfg.o [1]
  .bss               zero     0x2000'051c    0x10  main.o [1]
  .bss               zero     0x2000'052c     0x4  random_cfg.o [1]
  .bss               zero     0x2000'0530     0x4  stm32f4xx_hal.o [1]
  .bss               zero     0x2000'0534     0x4  xfail_s.o [2]
  .bss               zero     0x2000'0538     0x1  usart_lib.o [1]
  .bss               zero     0x2000'0539     0x1  usart_lib.o [1]
                            - 0x2000'053a   0x47a

Unused ranges:

         From           To      Size
         ----           --      ----
   0x800'43b8   0x807'ffff  0x7'bc48
  0x1000'2000  0x1000'ffff    0xe000
  0x2000'053c  0x2001'bfff  0x1'bac4
  0x2001'c000  0x2001'ffff    0x4000


*******************************************************************************
*** INIT TABLE
***

          Address      Size
          -------      ----
Zero (__iar_zero_init3)
    1 destination range, total size 0x47a:
          0x2000'00c0  0x47a

Copy (__iar_copy_init3)
    1 source range, total size 0xc0 (101% of destination):
           0x800'42f8   0xc0
    1 destination range, total size 0xbd:
          0x2000'0000   0xbd



*******************************************************************************
*** MODULE SUMMARY
***

    Module                 ro code  ro data  rw data
    ------                 -------  -------  -------
command line/config:
    ------------------------------------------------
    Total:

J:\STM32_MCU\STM32F407\STM32F407xxProject\EWARM\STM32F407xxxProject\Obj: [1]
    crc_cfg.o                            24       24
    crc_lib.o                  164
    crc_task.o                  72
    gpio_cfg.o                 464
    gpio_lib.o                  26
    gpio_task.o                 26
    iwdg_cfg.o                  40        8        8
    main.o                   1 064       84       32
    random_cfg.o                                   4
    startup_stm32f407xx.o      724
    stm32_cfg.o                  2
    stm32f4xx_hal.o             24        1        5
    stm32f4xx_it.o             412
    stm32f4xx_ll_gpio.o        444
    stm32f4xx_ll_rcc.o         336
    stm32f4xx_ll_usart.o       716
    stm32f4xx_ll_utils.o        12
    system_stm32f4xx.o          96       28        4
    systick_cfg.o              500        4       32
    systick_lib.o               24
    systick_task.o              24
    usart_cfg.o              1 812       28    1 092
    usart_lib.o              1 860       32        2
    usart_task.o               352       32
    ------------------------------------------------
    Total:                   9 194      241    1 203

dl7M_tlf.a: [2]
    abort.o                      6
    exit.o                       4
    low_level_init.o             4
    vsnprint.o                  60
    xencoding_8859_1.o          30
    xfail_s.o                   64                 4
    xlocale_c.o                120      134      128
    xmbcurmax.o                 10
    xprintffull.o            3 962
    xsnprout.o                  26
    ------------------------------------------------
    Total:                   4 286      134      132

m7M_tls.a: [3]
    DblAdd.o                   362
    DblCmpGe.o                  46
    DblCmpLe.o                  46
    DblDiv.o                   582
    DblMul.o                   418
    DblSub.o                   226
    DblToS32.o                  58
    DblToU32.o                  40
    S32ToDbl.o                  34
    U32ToDbl.o                  26
    fpinit_M.o                  34
    frexp.o                    112
    ldexp.o                    314
    ------------------------------------------------
    Total:                   2 298

rt7M_tl.a: [4]
    ABImemcpy.o                166
    I64DivMod.o                560
    I64DivZer.o                  2
    cexit.o                     10
    cmain.o                     30
    copy_init3.o                44
    cstartup_M.o                12
    data_init.o                 40
    memchr.o                    88
    strchr.o                    22
    strlen.o                    54
    zero_init3.o                58
    ------------------------------------------------
    Total:                   1 086

shb_l.a: [5]
    exit.o                      20
    ------------------------------------------------
    Total:                      20

    Gaps                        32        4
    Linker created                       41    8 192
----------------------------------------------------
    Grand Total:            16 916      420    9 527


*******************************************************************************
*** ENTRY LIST
***

Entry                       Address   Size  Type      Object
-----                       -------   ----  ----      ------
.iar.init_table$$Base    0x800'40b8          --   Gb  - Linker created -
.iar.init_table$$Limit   0x800'40dc          --   Gb  - Linker created -
?main                    0x800'411d         Code  Gb  cmain.o [4]
AHBPrescTable            0x800'4180   0x10  Data  Gb  system_stm32f4xx.o [1]
APBPrescTable            0x800'41ac    0x8  Data  Gb  system_stm32f4xx.o [1]
BusFault_Handler         0x800'3e97    0x2  Code  Gb  stm32f4xx_it.o [1]
CRCLib_CRC16             0x800'3293   0x26  Code  Gb  crc_lib.o [1]
CRCLib_CRC32             0x800'326d   0x26  Code  Gb  crc_lib.o [1]
CRCLib_CRC8              0x800'32b9   0x26  Code  Gb  crc_lib.o [1]
CRCLib_CheckSum          0x800'32df   0x26  Code  Gb  crc_lib.o [1]
CRCLib_Enable            0x800'3265    0x8  Code  Gb  crc_lib.o [1]
CRCTask_CRC16            0x800'2d2d   0x10  Code  Gb  crc_task.o [1]
CRCTask_CRC32            0x800'2d1d   0x10  Code  Gb  crc_task.o [1]
CRCTask_CRC8             0x800'2d3d   0x10  Code  Gb  crc_task.o [1]
CRCTask_CheckSum         0x800'2d4d   0x10  Code  Gb  crc_task.o [1]
CRCTask_Enable           0x800'2d15    0x8  Code  Gb  crc_task.o [1]
CSTACK$$Base            0x1000'0000          --   Gb  - Linker created -
CSTACK$$Limit           0x1000'2000          --   Gb  - Linker created -
CacheMore                0x800'1141   0x24  Code  Lc  xlocale_c.o [2]
DebugMon_Handler         0x800'3e9d    0x2  Code  Gb  stm32f4xx_it.o [1]
GPIOLib_Clock            0x800'3309   0x12  Code  Gb  gpio_lib.o [1]
GPIOLib_Init             0x800'331b    0x8  Code  Gb  gpio_lib.o [1]
GPIOTask_Clock           0x800'2dc1   0x12  Code  Gb  gpio_task.o [1]
GPIOTask_Init            0x800'2dd3    0x8  Code  Gb  gpio_task.o [1]
GPIO_Clock               0x800'34ab  0x11a  Code  Gb  gpio_cfg.o [1]
GPIO_Init                0x800'35c5   0x54  Code  Gb  gpio_cfg.o [1]
HAL_IncTick              0x800'4169   0x18  Code  Wk  stm32f4xx_hal.o [1]
HASH_RNG_IRQHandler      0x800'3f47   0x46  Code  Gb  stm32f4xx_it.o [1]
HardFault_Handler        0x800'3e93    0x2  Code  Gb  stm32f4xx_it.o [1]
IWDG_Reset               0x800'2d67   0x18  Code  Gb  iwdg_cfg.o [1]
LL_AHB1_GRP1_DisableClock
                         0x800'348b    0xa  Code  Lc  gpio_cfg.o [1]
LL_AHB1_GRP1_EnableClock
                         0x800'3475   0x16  Code  Lc  gpio_cfg.o [1]
LL_APB1_GRP1_DisableClock
                         0x800'26ad    0xc  Code  Lc  usart_cfg.o [1]
LL_APB1_GRP1_EnableClock
                         0x800'36e3   0x16  Code  Lc  main.o [1]
LL_APB1_GRP1_EnableClock
                         0x800'2695   0x18  Code  Lc  usart_cfg.o [1]
LL_APB1_GRP1_ForceReset
                         0x800'30d1    0xa  Code  Lc  stm32f4xx_ll_usart.o [1]
LL_APB1_GRP1_ReleaseReset
                         0x800'30db    0xa  Code  Lc  stm32f4xx_ll_usart.o [1]
LL_APB2_GRP1_DisableClock
                         0x800'26d1    0xc  Code  Lc  usart_cfg.o [1]
LL_APB2_GRP1_EnableClock
                         0x800'3495   0x16  Code  Lc  gpio_cfg.o [1]
LL_APB2_GRP1_EnableClock
                         0x800'26b9   0x18  Code  Lc  usart_cfg.o [1]
LL_APB2_GRP1_ForceReset
                         0x800'30e5    0xa  Code  Lc  stm32f4xx_ll_usart.o [1]
LL_APB2_GRP1_ReleaseReset
                         0x800'30ef    0xa  Code  Lc  stm32f4xx_ll_usart.o [1]
LL_FLASH_EnableDataCache
                         0x800'3865    0xc  Code  Lc  main.o [1]
LL_FLASH_EnableInstCache
                         0x800'3859    0xc  Code  Lc  main.o [1]
LL_FLASH_EnablePrefetch
                         0x800'384d    0xc  Code  Lc  main.o [1]
LL_FLASH_GetLatency      0x800'3843    0xa  Code  Lc  main.o [1]
LL_FLASH_SetLatency      0x800'3835    0xe  Code  Lc  main.o [1]
LL_GPIO_Init             0x800'2efb   0x9e  Code  Gb  stm32f4xx_ll_gpio.o [1]
LL_GPIO_SetAFPin_0_7     0x800'2e8b   0x34  Code  Lc  stm32f4xx_ll_gpio.o [1]
LL_GPIO_SetAFPin_8_15    0x800'2ebf   0x3c  Code  Lc  stm32f4xx_ll_gpio.o [1]
LL_GPIO_SetPinMode       0x800'2ddd   0x34  Code  Lc  stm32f4xx_ll_gpio.o [1]
LL_GPIO_SetPinMode       0x800'26dd   0x34  Code  Lc  usart_cfg.o [1]
LL_GPIO_SetPinOutputType
                         0x800'2e11   0x12  Code  Lc  stm32f4xx_ll_gpio.o [1]
LL_GPIO_SetPinPull       0x800'2e57   0x34  Code  Lc  stm32f4xx_ll_gpio.o [1]
LL_GPIO_SetPinSpeed      0x800'2e23   0x34  Code  Lc  stm32f4xx_ll_gpio.o [1]
LL_IWDG_ReloadCounter    0x800'2d5d    0xa  Code  Lc  iwdg_cfg.o [1]
LL_InitTick              0x800'3ca1   0x18  Code  Lc  systick_cfg.o [1]
LL_PWR_EnableBkUpAccess
                         0x800'3723    0xc  Code  Lc  main.o [1]
LL_PWR_SetRegulVoltageScaling
                         0x800'3715    0xe  Code  Lc  main.o [1]
LL_RCC_EnableRTC         0x800'37af    0xc  Code  Lc  main.o [1]
LL_RCC_ForceBackupDomainReset
                         0x800'37bb    0xc  Code  Lc  main.o [1]
LL_RCC_GetAHBPrescaler   0x800'332f    0xa  Code  Lc  stm32f4xx_ll_rcc.o [1]
LL_RCC_GetAPB1Prescaler
                         0x800'3339    0xa  Code  Lc  stm32f4xx_ll_rcc.o [1]
LL_RCC_GetAPB2Prescaler
                         0x800'3343    0xa  Code  Lc  stm32f4xx_ll_rcc.o [1]
LL_RCC_GetSysClkSource   0x800'376d    0xa  Code  Lc  main.o [1]
LL_RCC_GetSysClkSource   0x800'3325    0xa  Code  Lc  stm32f4xx_ll_rcc.o [1]
LL_RCC_GetSystemClocksFreq
                         0x800'3375   0x24  Code  Gb  stm32f4xx_ll_rcc.o [1]
LL_RCC_HSE_Enable        0x800'372f    0xc  Code  Lc  main.o [1]
LL_RCC_HSE_IsReady       0x800'373b    0xc  Code  Lc  main.o [1]
LL_RCC_LSI_Enable        0x800'3747    0xc  Code  Lc  main.o [1]
LL_RCC_LSI_IsReady       0x800'3753    0xc  Code  Lc  main.o [1]
LL_RCC_PLL_ConfigDomain_48M
                         0x800'381b   0x1a  Code  Lc  main.o [1]
LL_RCC_PLL_ConfigDomain_SYS
                         0x800'37f9   0x22  Code  Lc  main.o [1]
LL_RCC_PLL_Enable        0x800'37e1    0xc  Code  Lc  main.o [1]
LL_RCC_PLL_GetDivider    0x800'336b    0xa  Code  Lc  stm32f4xx_ll_rcc.o [1]
LL_RCC_PLL_GetMainSource
                         0x800'334d    0xa  Code  Lc  stm32f4xx_ll_rcc.o [1]
LL_RCC_PLL_GetN          0x800'3357    0xa  Code  Lc  stm32f4xx_ll_rcc.o [1]
LL_RCC_PLL_GetP          0x800'3361    0xa  Code  Lc  stm32f4xx_ll_rcc.o [1]
LL_RCC_PLL_IsReady       0x800'37ed    0xc  Code  Lc  main.o [1]
LL_RCC_ReleaseBackupDomainReset
                         0x800'37c7    0xc  Code  Lc  main.o [1]
LL_RCC_SetAHBPrescaler   0x800'3777    0xe  Code  Lc  main.o [1]
LL_RCC_SetAPB1Prescaler
                         0x800'3785    0xe  Code  Lc  main.o [1]
LL_RCC_SetAPB2Prescaler
                         0x800'3793    0xe  Code  Lc  main.o [1]
LL_RCC_SetRTCClockSource
                         0x800'37a1    0xe  Code  Lc  main.o [1]
LL_RCC_SetRTC_HSEPrescaler
                         0x800'37d3    0xe  Code  Lc  main.o [1]
LL_RCC_SetSysClkSource   0x800'375f    0xe  Code  Lc  main.o [1]
LL_RNG_ClearFlag_CEIS    0x800'3e31    0x8  Code  Lc  stm32f4xx_it.o [1]
LL_RNG_ClearFlag_SEIS    0x800'3e39    0x8  Code  Lc  stm32f4xx_it.o [1]
LL_RNG_Disable           0x800'3e0b    0xa  Code  Lc  stm32f4xx_it.o [1]
LL_RNG_Enable            0x800'3e01    0xa  Code  Lc  stm32f4xx_it.o [1]
LL_RNG_IsActiveFlag_CEIS
                         0x800'3e1d    0xa  Code  Lc  stm32f4xx_it.o [1]
LL_RNG_IsActiveFlag_DRDY
                         0x800'3e15    0x8  Code  Lc  stm32f4xx_it.o [1]
LL_RNG_IsActiveFlag_SEIS
                         0x800'3e27    0xa  Code  Lc  stm32f4xx_it.o [1]
LL_RNG_ReadRandData32    0x800'3e41    0x4  Code  Lc  stm32f4xx_it.o [1]
LL_SYSTICK_SetClkSource
                         0x800'36f9   0x1c  Code  Lc  main.o [1]
LL_SetSystemCoreClock    0x800'3a71    0x6  Code  Gb  stm32f4xx_ll_utils.o [1]
LL_USART_ClearFlag_RXNE
                         0x800'3e6b    0x8  Code  Lc  stm32f4xx_it.o [1]
LL_USART_ClearFlag_TC    0x800'3e63    0x8  Code  Lc  stm32f4xx_it.o [1]
LL_USART_ClearFlag_TC    0x800'2741    0x8  Code  Lc  usart_cfg.o [1]
LL_USART_ConfigAsyncMode
                         0x800'271b   0x12  Code  Lc  usart_cfg.o [1]
LL_USART_DeInit          0x800'30f9   0x98  Code  Gb  stm32f4xx_ll_usart.o [1]
LL_USART_DisableIT_TC    0x800'2767    0xa  Code  Lc  usart_cfg.o [1]
LL_USART_DisableIT_TXE   0x800'2771    0xa  Code  Lc  usart_cfg.o [1]
LL_USART_Enable          0x800'2711    0xa  Code  Lc  usart_cfg.o [1]
LL_USART_EnableIT_RXNE   0x800'2749    0xa  Code  Lc  usart_cfg.o [1]
LL_USART_EnableIT_TC     0x800'2753    0xa  Code  Lc  usart_cfg.o [1]
LL_USART_EnableIT_TXE    0x800'275d    0xa  Code  Lc  usart_cfg.o [1]
LL_USART_Init            0x800'3191   0xac  Code  Gb  stm32f4xx_ll_usart.o [1]
LL_USART_IsActiveFlag_RXNE
                         0x800'3e45    0xa  Code  Lc  stm32f4xx_it.o [1]
LL_USART_IsActiveFlag_TC
                         0x800'3e4f    0xa  Code  Lc  stm32f4xx_it.o [1]
LL_USART_IsActiveFlag_TC
                         0x800'272d    0xa  Code  Lc  usart_cfg.o [1]
LL_USART_IsActiveFlag_TXE
                         0x800'3e59    0xa  Code  Lc  stm32f4xx_it.o [1]
LL_USART_IsActiveFlag_TXE
                         0x800'2737    0xa  Code  Lc  usart_cfg.o [1]
LL_USART_IsEnabled       0x800'2f99    0xa  Code  Lc  stm32f4xx_ll_usart.o [1]
LL_USART_IsEnabledIT_RXNE
                         0x800'3e73    0xa  Code  Lc  stm32f4xx_it.o [1]
LL_USART_IsEnabledIT_TC
                         0x800'3e7d    0xa  Code  Lc  stm32f4xx_it.o [1]
LL_USART_IsEnabledIT_TC
                         0x800'277b    0xa  Code  Lc  usart_cfg.o [1]
LL_USART_IsEnabledIT_TXE
                         0x800'3e87    0xa  Code  Lc  stm32f4xx_it.o [1]
LL_USART_IsEnabledIT_TXE
                         0x800'2785    0xa  Code  Lc  usart_cfg.o [1]
LL_USART_ReceiveData8    0x800'278f    0x6  Code  Lc  usart_cfg.o [1]
LL_USART_SetBaudRate     0x800'2fbb  0x116  Code  Lc  stm32f4xx_ll_usart.o [1]
LL_USART_SetHWFlowCtrl   0x800'2faf    0xc  Code  Lc  stm32f4xx_ll_usart.o [1]
LL_USART_SetStopBitsLength
                         0x800'2fa3    0xc  Code  Lc  stm32f4xx_ll_usart.o [1]
LL_USART_TransmitData8   0x800'2795    0x8  Code  Lc  usart_cfg.o [1]
LoadInt                  0x800'034b   0x7a  Code  Lc  xprintffull.o [2]
MemManage_Handler        0x800'3e95    0x2  Code  Gb  stm32f4xx_it.o [1]
NMI_Handler              0x800'3e91    0x2  Code  Gb  stm32f4xx_it.o [1]
NVIC_EnableIRQ           0x800'260d   0x18  Code  Lc  usart_cfg.o [1]
NVIC_EncodePriority      0x800'36a3   0x40  Code  Lc  main.o [1]
NVIC_EncodePriority      0x800'3c61   0x40  Code  Lc  systick_cfg.o [1]
NVIC_EncodePriority      0x800'2655   0x40  Code  Lc  usart_cfg.o [1]
NVIC_GetPriorityGrouping
                         0x800'3667    0xc  Code  Lc  main.o [1]
NVIC_GetPriorityGrouping
                         0x800'3c2b    0xa  Code  Lc  systick_cfg.o [1]
NVIC_GetPriorityGrouping
                         0x800'2601    0xc  Code  Lc  usart_cfg.o [1]
NVIC_Init                0x800'3931   0x96  Code  Gb  main.o [1]
NVIC_SetPriority         0x800'3673   0x30  Code  Lc  main.o [1]
NVIC_SetPriority         0x800'3c35   0x2c  Code  Lc  systick_cfg.o [1]
NVIC_SetPriority         0x800'2625   0x30  Code  Lc  usart_cfg.o [1]
NVIC_SetPriorityGrouping
                         0x800'3645   0x22  Code  Lc  main.o [1]
NVIC_SetPriorityGrouping
                         0x800'3c0d   0x1e  Code  Lc  systick_cfg.o [1]
PendSV_Handler           0x800'3e9f    0x2  Code  Gb  stm32f4xx_it.o [1]
RCC_GetHCLKClockFreq     0x800'33c3   0x16  Code  Gb  stm32f4xx_ll_rcc.o [1]
RCC_GetPCLK1ClockFreq    0x800'33d9   0x14  Code  Gb  stm32f4xx_ll_rcc.o [1]
RCC_GetPCLK2ClockFreq    0x800'33ed   0x14  Code  Gb  stm32f4xx_ll_rcc.o [1]
RCC_GetSystemClockFreq   0x800'3399   0x2a  Code  Gb  stm32f4xx_ll_rcc.o [1]
RCC_PLL_GetFreqDomain_SYS
                         0x800'3401   0x5a  Code  Gb  stm32f4xx_ll_rcc.o [1]
Region$$Table$$Base      0x800'40b8          --   Gb  - Linker created -
Region$$Table$$Limit     0x800'40dc          --   Gb  - Linker created -
SVC_Handler              0x800'3e9b    0x2  Code  Gb  stm32f4xx_it.o [1]
SysTickLib_GetTick       0x800'3bfd    0x8  Code  Gb  systick_lib.o [1]
SysTickLib_IRQTask       0x800'3c05    0x8  Code  Gb  systick_lib.o [1]
SysTickLib_Init          0x800'3bf5    0x8  Code  Gb  systick_lib.o [1]
SysTickTask_GetTick      0x800'3a85    0x8  Code  Gb  systick_task.o [1]
SysTickTask_IRQTask      0x800'3a8d    0x8  Code  Gb  systick_task.o [1]
SysTickTask_Init         0x800'3a7d    0x8  Code  Gb  systick_task.o [1]
SysTick_GetTick          0x800'3d41   0x12  Code  Gb  systick_cfg.o [1]
SysTick_Handler          0x800'3ea1    0x8  Code  Gb  stm32f4xx_it.o [1]
SysTick_IRQTask          0x800'3d53   0x80  Code  Gb  systick_cfg.o [1]
SysTick_Init             0x800'3cf7   0x4a  Code  Gb  systick_cfg.o [1]
SysTick_Resume           0x800'3cc7    0xe  Code  Gb  systick_cfg.o [1]
SysTick_StructInit       0x800'3cd5   0x22  Code  Gb  systick_cfg.o [1]
SysTick_Suspend          0x800'3cb9    0xe  Code  Gb  systick_cfg.o [1]
Sys_Init                 0x800'39c7   0x34  Code  Gb  main.o [1]
SystemClock_Config       0x800'3871   0xc0  Code  Gb  main.o [1]
SystemCoreClock         0x2000'00b0    0x4  Data  Gb  system_stm32f4xx.o [1]
SystemInit               0x800'3f9d   0x40  Code  Gb  system_stm32f4xx.o [1]
USART1_IRQHandler        0x800'3ea9   0x9e  Code  Gb  stm32f4xx_it.o [1]
USART1_Init              0x800'2bfb   0xd4  Code  Gb  usart_cfg.o [1]
USARTLib_AddWriteByte    0x800'222b   0x4e  Code  Gb  usart_lib.o [1]
USARTLib_AddWriteData    0x800'2279   0x4a  Code  Gb  usart_lib.o [1]
USARTLib_CRCTask         0x800'22c3  0x206  Code  Gb  usart_lib.o [1]
USARTLib_ClearOVF        0x800'1fbf    0xc  Code  Gb  usart_lib.o [1]
USARTLib_EnableIT_TC     0x800'1f37   0x12  Code  Gb  usart_lib.o [1]
USARTLib_EnableIT_TXE    0x800'1f25   0x12  Code  Gb  usart_lib.o [1]
USARTLib_GPIOInit        0x800'1f49   0x12  Code  Gb  usart_lib.o [1]
USARTLib_GetReadState    0x800'1f97    0xc  Code  Gb  usart_lib.o [1]
USARTLib_ITWrite_TCTask
                         0x800'2215   0x16  Code  Gb  usart_lib.o [1]
USARTLib_ITWrite_TXETask
                         0x800'21bb   0x5a  Code  Gb  usart_lib.o [1]
USARTLib_Init            0x800'1ebd   0x68  Code  Gb  usart_lib.o [1]
USARTLib_Read16BitsCount_Task
                         0x800'20c1   0xde  Code  Gb  usart_lib.o [1]
USARTLib_Read16BitsCount_Task::tempVal
                        0x2000'0539    0x1  Data  Lc  usart_lib.o [1]
USARTLib_Read8BitsCount_Task
                         0x800'2009   0xb8  Code  Gb  usart_lib.o [1]
USARTLib_Read8BitsCount_Task::tempVal
                        0x2000'0538    0x1  Data  Lc  usart_lib.o [1]
USARTLib_ReadData8Bits   0x800'1f6d    0xc  Code  Gb  usart_lib.o [1]
USARTLib_ReadInit        0x800'1f79   0x1e  Code  Gb  usart_lib.o [1]
USARTLib_TimeOVFTask     0x800'1fcb   0x3e  Code  Gb  usart_lib.o [1]
USARTLib_TimeTick_Init   0x800'1fa3    0xc  Code  Gb  usart_lib.o [1]
USARTLib_TimeTick_OVF    0x800'1faf   0x10  Code  Gb  usart_lib.o [1]
USARTLib_WriteData8Bits
                         0x800'1f5b   0x12  Code  Gb  usart_lib.o [1]
USARTLib_WriteInit       0x800'219f   0x1c  Code  Gb  usart_lib.o [1]
USARTLib_WriteSTART      0x800'24c9  0x126  Code  Gb  usart_lib.o [1]
USARTTask_AddWriteData   0x800'3b45   0x1c  Code  Gb  usart_task.o [1]
USARTTask_CRCTask        0x800'3b61   0x10  Code  Gb  usart_task.o [1]
USARTTask_FuncTask       0x800'3b83   0x6c  Code  Gb  usart_task.o [1]
USARTTask_GetReadState   0x800'3ae5    0xc  Code  Gb  usart_task.o [1]
USARTTask_ITWrite_TCTask
                         0x800'3b39    0xc  Code  Gb  usart_task.o [1]
USARTTask_ITWrite_TXETask
                         0x800'3b2d    0xc  Code  Gb  usart_task.o [1]
USARTTask_Init           0x800'3a95   0x44  Code  Gb  usart_task.o [1]
USARTTask_Read16BitsCount_Task
                         0x800'3b0f   0x12  Code  Gb  usart_task.o [1]
USARTTask_Read8BitsCount_Task
                         0x800'3afd   0x12  Code  Gb  usart_task.o [1]
USARTTask_ReadData8Bits
                         0x800'3ad9    0xc  Code  Gb  usart_task.o [1]
USARTTask_ReadInit       0x800'3b21    0xc  Code  Gb  usart_task.o [1]
USARTTask_TimeOVFTask    0x800'3af1    0xc  Code  Gb  usart_task.o [1]
USARTTask_WriteSTART     0x800'3b71   0x12  Code  Gb  usart_task.o [1]
USART_ClearFlag_TC       0x800'2939   0x1c  Code  Gb  usart_cfg.o [1]
USART_ClearOVF           0x800'2a5b    0xe  Code  Gb  usart_cfg.o [1]
USART_Clock              0x800'2b21   0xda  Code  Gb  usart_cfg.o [1]
USART_EnableIT_TC        0x800'28d7   0x2e  Code  Gb  usart_cfg.o [1]
USART_EnableIT_TXE       0x800'2875   0x2e  Code  Gb  usart_cfg.o [1]
USART_GPIOInit           0x800'2955   0x36  Code  Gb  usart_cfg.o [1]
USART_GetReadState       0x800'2a69   0x10  Code  Gb  usart_cfg.o [1]
USART_Init               0x800'281d   0x58  Code  Gb  usart_cfg.o [1]
USART_IsActiveFlag_TC    0x800'291f   0x1a  Code  Gb  usart_cfg.o [1]
USART_IsActiveFlag_TXE   0x800'28bd   0x1a  Code  Gb  usart_cfg.o [1]
USART_IsEnabledIT_TC     0x800'2905   0x1a  Code  Gb  usart_cfg.o [1]
USART_IsEnabledIT_TXE    0x800'28a3   0x1a  Code  Gb  usart_cfg.o [1]
USART_Printf             0x800'2a79   0xa8  Code  Gb  usart_cfg.o [1]
USART_ReadData8Bits      0x800'29ad   0x1a  Code  Gb  usart_cfg.o [1]
USART_SendByte           0x800'2a2d   0x2e  Code  Gb  usart_cfg.o [1]
USART_StructInit         0x800'279d   0x80  Code  Gb  usart_cfg.o [1]
USART_TimeTick_Init      0x800'29c7   0x2c  Code  Gb  usart_cfg.o [1]
USART_TimeTick_OVF       0x800'29f3   0x3a  Code  Gb  usart_cfg.o [1]
USART_WriteData8Bits     0x800'298b   0x22  Code  Gb  usart_cfg.o [1]
UsageFault_Handler       0x800'3e99    0x2  Code  Gb  stm32f4xx_it.o [1]
_Encoding_8859_1_Mbrlen
                         0x800'11dd    0x2  Code  Gb  xencoding_8859_1.o [2]
_Encoding_8859_1_Wctomb
                         0x800'11cb   0x12  Code  Gb  xencoding_8859_1.o [2]
_Error_Handler           0x800'3a6d    0x2  Code  Gb  stm32_cfg.o [1]
_GenldFull               0x800'0ddd  0x274  Code  Lc  xprintffull.o [2]
_LdtobFull               0x800'09b1  0x400  Code  Lc  xprintffull.o [2]
_LitobFull               0x800'0859  0x112  Code  Lc  xprintffull.o [2]
_Locale_lconv           0x2000'0048   0x38  Data  Lc  xlocale_c.o [2]
_PrintfFull              0x800'0189  0x1aa  Code  Gb  xprintffull.o [2]
_PutcharsFull            0x800'1051   0x2e  Code  Lc  xprintffull.o [2]
_PutfldFull              0x800'03c5  0x2d8  Code  Lc  xprintffull.o [2]
_PutstrFull              0x800'0793   0xc6  Code  Lc  xprintffull.o [2]
_PuttxtFull              0x800'069d   0xf6  Code  Lc  xprintffull.o [2]
_SNProut                 0x800'125f   0x1a  Code  Gb  xsnprout.o [2]
__aeabi_cdcmple          0x800'17c9         Code  Gb  DblCmpLe.o [3]
__aeabi_cdrcmple         0x800'17f9         Code  Gb  DblCmpGe.o [3]
__aeabi_d2iz             0x800'1965         Code  Gb  DblToS32.o [3]
__aeabi_d2uiz            0x800'1cf1         Code  Gb  DblToU32.o [3]
__aeabi_ddiv             0x800'1aa9         Code  Gb  DblDiv.o [3]
__aeabi_dmul             0x800'15b5         Code  Gb  DblMul.o [3]
__aeabi_dsub             0x800'19c5         Code  Gb  DblSub.o [3]
__aeabi_i2d              0x800'19a1         Code  Gb  S32ToDbl.o [3]
__aeabi_ldiv0            0x800'1d39         Code  Gb  I64DivZer.o [4]
__aeabi_memcpy           0x800'12dd         Code  Gb  ABImemcpy.o [4]
__aeabi_memcpy4          0x800'12fd         Code  Gb  ABImemcpy.o [4]
__aeabi_memcpy8          0x800'12fd         Code  Gb  ABImemcpy.o [4]
__aeabi_ui2d             0x800'1d19         Code  Gb  U32ToDbl.o [3]
__aeabi_uldivmod         0x800'1385         Code  Gb  I64DivMod.o [4]
__cmain                  0x800'411d         Code  Gb  cmain.o [4]
__exit                   0x800'1ea9   0x14  Code  Gb  exit.o [5]
__iar_Fail_s             0x800'11e9   0x1c  Code  Gb  xfail_s.o [2]
__iar_Mbcurmax           0x800'12d1    0xa  Code  Gb  xmbcurmax.o [2]
__iar_Memchr             0x800'1279         Code  Gb  memchr.o [4]
__iar_Strchr             0x800'11b5         Code  Gb  strchr.o [4]
__iar_copy_init3         0x800'4041   0x2c  Code  Gb  copy_init3.o [4]
__iar_dadd               0x800'19d5         Code  Gb  DblSub.o [3]
__iar_data_init3         0x800'406d   0x28  Code  Gb  data_init.o [4]
__iar_dsub               0x800'1d3d         Code  Gb  DblAdd.o [3]
__iar_dsubStart          0x800'1d4f         Code  Gb  DblAdd.o [3]
__iar_frexp              0x800'1765         Code  Gb  frexp.o [3]
__iar_frexpl             0x800'1765         Code  Gb  frexp.o [3]
__iar_globLocale        0x2000'0000   0x48  Data  Lc  xlocale_c.o [2]
__iar_global_Locale      0x800'113d    0x4  Code  Gb  xlocale_c.o [2]
__iar_init_vfp           0x800'4095         Code  Gb  fpinit_M.o [3]
__iar_ldexp64            0x800'1829         Code  Gb  ldexp.o [3]
__iar_program_start      0x800'41a1         Code  Gb  cstartup_M.o [4]
__iar_scalbln64          0x800'1829         Code  Gb  ldexp.o [3]
__iar_scalbn64           0x800'1829         Code  Gb  ldexp.o [3]
__iar_softfp___iar_frexp64
                         0x800'1759         Code  Gb  frexp.o [3]
__iar_softfp_frexp       0x800'1759         Code  Gb  frexp.o [3]
__iar_softfp_frexpl      0x800'1759         Code  Gb  frexp.o [3]
__iar_zero_init3         0x800'1103   0x3a  Code  Gb  zero_init3.o [4]
__low_level_init         0x800'413b    0x4  Code  Gb  low_level_init.o [2]
__vector_table           0x800'0000         Data  Gb  startup_stm32f407xx.o [1]
_call_main               0x800'4129         Code  Gb  cmain.o [4]
_exit                    0x800'4145         Code  Gb  cexit.o [4]
_gLocale_mblen           0x800'11a1    0x4  Code  Gb  xlocale_c.o [2]
_gLocale_mblenInt        0x800'1165   0x2c  Code  Gb  xlocale_c.o [2]
_gLocale_wctomb          0x800'11a5    0x4  Code  Gb  xlocale_c.o [2]
_gLocale_wctombInt       0x800'119d    0x4  Code  Gb  xlocale_c.o [2]
_main                    0x800'4137         Code  Gb  cmain.o [4]
abort                    0x800'1d33    0x6  Code  Gb  abort.o [2]
crcTemp1                0x2000'0094   0x10  Data  Gb  main.o [1]
crcTemp2                0x2000'051c   0x10  Data  Gb  main.o [1]
exit                     0x800'413f    0x4  Code  Gb  exit.o [2]
g_CRC                   0x2000'0080   0x14  Data  Gb  crc_cfg.o [1]
g_HASH_RNG_Val          0x2000'052c    0x4  Data  Gb  random_cfg.o [1]
g_IWDG                  0x2000'00a8    0x4  Data  Gb  iwdg_cfg.o [1]
g_SysTick               0x2000'0500   0x1c  Data  Gb  systick_cfg.o [1]
g_USART1                0x2000'04c0   0x40  Data  Gb  usart_cfg.o [1]
ldexp                    0x800'1829         Code  Gb  ldexp.o [3]
ldexpl                   0x800'1829         Code  Gb  ldexp.o [3]
localeconv               0x800'11a9    0x4  Code  Gb  xlocale_c.o [2]
main                     0x800'39fb   0x1a  Code  Gb  main.o [1]
memchr                   0x800'1279         Code  Gb  memchr.o [4]
pCRC                    0x2000'00a4    0x4  Data  Gb  crc_cfg.o [1]
pIWDG                   0x2000'00ac    0x4  Data  Gb  iwdg_cfg.o [1]
pSysTick                0x2000'00b4    0x4  Data  Gb  systick_cfg.o [1]
pUSART1                 0x2000'00b8    0x4  Data  Gb  usart_cfg.o [1]
printfBuffer            0x2000'00c0  0x400  Data  Gb  usart_cfg.o [1]
scalbln                  0x800'1829         Code  Gb  ldexp.o [3]
scalblnl                 0x800'1829         Code  Gb  ldexp.o [3]
scalbn                   0x800'1829         Code  Gb  ldexp.o [3]
scalbnl                  0x800'1829         Code  Gb  ldexp.o [3]
scale                    0x800'096b   0x46  Code  Lc  xprintffull.o [2]
sec_hand                0x2000'0534    0x4  Data  Lc  xfail_s.o [2]
strchr                   0x800'11b5         Code  Gb  strchr.o [4]
strlen                   0x800'1229         Code  Gb  strlen.o [4]
uwTick                  0x2000'0530    0x4  Data  Gb  stm32f4xx_hal.o [1]
uwTickFreq              0x2000'00bc    0x1  Data  Gb  stm32f4xx_hal.o [1]
vsnprintf                0x800'2d85   0x3c  Code  Gb  vsnprint.o [2]


[1] = J:\STM32_MCU\STM32F407\STM32F407xxProject\EWARM\STM32F407xxxProject\Obj
[2] = dl7M_tlf.a
[3] = m7M_tls.a
[4] = rt7M_tl.a
[5] = shb_l.a

  16 916 bytes of readonly  code memory
     420 bytes of readonly  data memory
   9 527 bytes of readwrite data memory

Errors: none
Warnings: none
