###############################################################################
#
# IAR ELF Linker V8.30.1.114/W32 for ARM                  15/Jul/2018  00:08:02
# Copyright 2007-2018 IAR Systems AB.
#
#    Output file  =  
#        I:\STM32_MCU\STM32F407\STM32F407xxProject\EWARM\STM32F407xxxProject\Exe\STM32F407xxxProject.out
#    Map file     =  
#        I:\STM32_MCU\STM32F407\STM32F407xxProject\EWARM\STM32F407xxxProject\List\STM32F407xxxProject.map
#    Command line =  
#        -f C:\Users\Harry\AppData\Local\Temp\EW2907.tmp
#        (I:\STM32_MCU\STM32F407\STM32F407xxProject\EWARM\STM32F407xxxProject\Obj\ad5593_cfg.o
#        I:\STM32_MCU\STM32F407\STM32F407xxProject\EWARM\STM32F407xxxProject\Obj\ad5593_lib.o
#        I:\STM32_MCU\STM32F407\STM32F407xxProject\EWARM\STM32F407xxxProject\Obj\ad5593_task.o
#        I:\STM32_MCU\STM32F407\STM32F407xxProject\EWARM\STM32F407xxxProject\Obj\complier_cfg.o
#        I:\STM32_MCU\STM32F407\STM32F407xxProject\EWARM\STM32F407xxxProject\Obj\complier_lib.o
#        I:\STM32_MCU\STM32F407\STM32F407xxProject\EWARM\STM32F407xxxProject\Obj\crc_cfg.o
#        I:\STM32_MCU\STM32F407\STM32F407xxProject\EWARM\STM32F407xxxProject\Obj\crc_lib.o
#        I:\STM32_MCU\STM32F407\STM32F407xxProject\EWARM\STM32F407xxxProject\Obj\crc_task.o
#        I:\STM32_MCU\STM32F407\STM32F407xxProject\EWARM\STM32F407xxxProject\Obj\delay_cfg.o
#        I:\STM32_MCU\STM32F407\STM32F407xxProject\EWARM\STM32F407xxxProject\Obj\delay_lib.o
#        I:\STM32_MCU\STM32F407\STM32F407xxProject\EWARM\STM32F407xxxProject\Obj\delay_task.o
#        I:\STM32_MCU\STM32F407\STM32F407xxProject\EWARM\STM32F407xxxProject\Obj\dht11_cfg.o
#        I:\STM32_MCU\STM32F407\STM32F407xxProject\EWARM\STM32F407xxxProject\Obj\dht11_lib.o
#        I:\STM32_MCU\STM32F407\STM32F407xxProject\EWARM\STM32F407xxxProject\Obj\dht11_task.o
#        I:\STM32_MCU\STM32F407\STM32F407xxProject\EWARM\STM32F407xxxProject\Obj\ds18b20_cfg.o
#        I:\STM32_MCU\STM32F407\STM32F407xxProject\EWARM\STM32F407xxxProject\Obj\ds18b20_lib.o
#        I:\STM32_MCU\STM32F407\STM32F407xxProject\EWARM\STM32F407xxxProject\Obj\ds18b20_task.o
#        I:\STM32_MCU\STM32F407\STM32F407xxProject\EWARM\STM32F407xxxProject\Obj\gpio_cfg.o
#        I:\STM32_MCU\STM32F407\STM32F407xxProject\EWARM\STM32F407xxxProject\Obj\gpio_lib.o
#        I:\STM32_MCU\STM32F407\STM32F407xxProject\EWARM\STM32F407xxxProject\Obj\gpio_task.o
#        I:\STM32_MCU\STM32F407\STM32F407xxProject\EWARM\STM32F407xxxProject\Obj\i2c_cfg.o
#        I:\STM32_MCU\STM32F407\STM32F407xxProject\EWARM\STM32F407xxxProject\Obj\i2c_lib.o
#        I:\STM32_MCU\STM32F407\STM32F407xxProject\EWARM\STM32F407xxxProject\Obj\i2c_task.o
#        I:\STM32_MCU\STM32F407\STM32F407xxProject\EWARM\STM32F407xxxProject\Obj\iwdg_cfg.o
#        I:\STM32_MCU\STM32F407\STM32F407xxProject\EWARM\STM32F407xxxProject\Obj\iwdg_lib.o
#        I:\STM32_MCU\STM32F407\STM32F407xxProject\EWARM\STM32F407xxxProject\Obj\iwdg_task.o
#        I:\STM32_MCU\STM32F407\STM32F407xxProject\EWARM\STM32F407xxxProject\Obj\main.o
#        I:\STM32_MCU\STM32F407\STM32F407xxProject\EWARM\STM32F407xxxProject\Obj\one_wire_cfg.o
#        I:\STM32_MCU\STM32F407\STM32F407xxProject\EWARM\STM32F407xxxProject\Obj\one_wire_lib.o
#        I:\STM32_MCU\STM32F407\STM32F407xxProject\EWARM\STM32F407xxxProject\Obj\one_wire_task.o
#        I:\STM32_MCU\STM32F407\STM32F407xxProject\EWARM\STM32F407xxxProject\Obj\pcf8563_cfg.o
#        I:\STM32_MCU\STM32F407\STM32F407xxProject\EWARM\STM32F407xxxProject\Obj\pcf8563_lib.o
#        I:\STM32_MCU\STM32F407\STM32F407xxProject\EWARM\STM32F407xxxProject\Obj\pcf8563_task.o
#        I:\STM32_MCU\STM32F407\STM32F407xxProject\EWARM\STM32F407xxxProject\Obj\random_cfg.o
#        I:\STM32_MCU\STM32F407\STM32F407xxProject\EWARM\STM32F407xxxProject\Obj\random_lib.o
#        I:\STM32_MCU\STM32F407\STM32F407xxProject\EWARM\STM32F407xxxProject\Obj\random_task.o
#        I:\STM32_MCU\STM32F407\STM32F407xxProject\EWARM\STM32F407xxxProject\Obj\startup_stm32f407xx.o
#        I:\STM32_MCU\STM32F407\STM32F407xxProject\EWARM\STM32F407xxxProject\Obj\stm32_cfg.o
#        I:\STM32_MCU\STM32F407\STM32F407xxProject\EWARM\STM32F407xxxProject\Obj\stm32f4xx_hal.o
#        I:\STM32_MCU\STM32F407\STM32F407xxProject\EWARM\STM32F407xxxProject\Obj\stm32f4xx_hal_cortex.o
#        I:\STM32_MCU\STM32F407\STM32F407xxProject\EWARM\STM32F407xxxProject\Obj\stm32f4xx_hal_gpio.o
#        I:\STM32_MCU\STM32F407\STM32F407xxProject\EWARM\STM32F407xxxProject\Obj\stm32f4xx_hal_rcc.o
#        I:\STM32_MCU\STM32F407\STM32F407xxProject\EWARM\STM32F407xxxProject\Obj\stm32f4xx_it.o
#        I:\STM32_MCU\STM32F407\STM32F407xxProject\EWARM\STM32F407xxxProject\Obj\stm32f4xx_ll_adc.o
#        I:\STM32_MCU\STM32F407\STM32F407xxProject\EWARM\STM32F407xxxProject\Obj\stm32f4xx_ll_crc.o
#        I:\STM32_MCU\STM32F407\STM32F407xxProject\EWARM\STM32F407xxxProject\Obj\stm32f4xx_ll_dac.o
#        I:\STM32_MCU\STM32F407\STM32F407xxProject\EWARM\STM32F407xxxProject\Obj\stm32f4xx_ll_gpio.o
#        I:\STM32_MCU\STM32F407\STM32F407xxProject\EWARM\STM32F407xxxProject\Obj\stm32f4xx_ll_i2c.o
#        I:\STM32_MCU\STM32F407\STM32F407xxProject\EWARM\STM32F407xxxProject\Obj\stm32f4xx_ll_pwr.o
#        I:\STM32_MCU\STM32F407\STM32F407xxProject\EWARM\STM32F407xxxProject\Obj\stm32f4xx_ll_rcc.o
#        I:\STM32_MCU\STM32F407\STM32F407xxProject\EWARM\STM32F407xxxProject\Obj\stm32f4xx_ll_rng.o
#        I:\STM32_MCU\STM32F407\STM32F407xxProject\EWARM\STM32F407xxxProject\Obj\stm32f4xx_ll_rtc.o
#        I:\STM32_MCU\STM32F407\STM32F407xxProject\EWARM\STM32F407xxxProject\Obj\stm32f4xx_ll_spi.o
#        I:\STM32_MCU\STM32F407\STM32F407xxProject\EWARM\STM32F407xxxProject\Obj\stm32f4xx_ll_tim.o
#        I:\STM32_MCU\STM32F407\STM32F407xxProject\EWARM\STM32F407xxxProject\Obj\stm32f4xx_ll_usart.o
#        I:\STM32_MCU\STM32F407\STM32F407xxProject\EWARM\STM32F407xxxProject\Obj\stm32f4xx_ll_utils.o
#        I:\STM32_MCU\STM32F407\STM32F407xxProject\EWARM\STM32F407xxxProject\Obj\system_stm32f4xx.o
#        I:\STM32_MCU\STM32F407\STM32F407xxProject\EWARM\STM32F407xxxProject\Obj\systick_cfg.o
#        I:\STM32_MCU\STM32F407\STM32F407xxProject\EWARM\STM32F407xxxProject\Obj\systick_lib.o
#        I:\STM32_MCU\STM32F407\STM32F407xxProject\EWARM\STM32F407xxxProject\Obj\systick_task.o
#        I:\STM32_MCU\STM32F407\STM32F407xxProject\EWARM\STM32F407xxxProject\Obj\usart_cfg.o
#        I:\STM32_MCU\STM32F407\STM32F407xxProject\EWARM\STM32F407xxxProject\Obj\usart_lib.o
#        I:\STM32_MCU\STM32F407\STM32F407xxProject\EWARM\STM32F407xxxProject\Obj\usart_task.o
#        I:\STM32_MCU\STM32F407\STM32F407xxProject\EWARM\STM32F407xxxProject\Obj\wm8510_cfg.o
#        I:\STM32_MCU\STM32F407\STM32F407xxProject\EWARM\STM32F407xxxProject\Obj\wm8510_lib.o
#        I:\STM32_MCU\STM32F407\STM32F407xxProject\EWARM\STM32F407xxxProject\Obj\wm8510_task.o
#        --redirect _Printf=_PrintfFull --redirect _Scanf=_ScanfFull
#        --no_out_extension -o
#        I:\STM32_MCU\STM32F407\STM32F407xxProject\EWARM\STM32F407xxxProject\Exe\STM32F407xxxProject.out
#        --map
#        I:\STM32_MCU\STM32F407\STM32F407xxProject\EWARM\STM32F407xxxProject\List\STM32F407xxxProject.map
#        --config "D:\Program Files (x86)\IAR Systems\Embedded Workbench
#        8.1\arm\config\linker\ST\stm32f407xE.icf" --semihosting --entry
#        __iar_program_start --vfe --text_out locale)
#
###############################################################################

*******************************************************************************
*** RUNTIME MODEL ATTRIBUTES
***

CppFlavor       = *
__SystemLibrary = DLib
__dlib_version  = 6


*******************************************************************************
*** HEAP SELECTION
***

The basic heap was selected because no calls to memory allocation
functions were found in the application outside of system library
functions, and there are calls to deallocation functions in the
application.


*******************************************************************************
*** PLACEMENT SUMMARY
***

"A0":  place at 0x800'0000 { ro section .intvec };
"P1":  place in [from 0x800'0000 to 0x807'ffff] { ro };
define block CSTACK with size = 8K, alignment = 8 { };
"P3":  place in [from 0x1000'0000 to 0x1000'ffff] {
          block CSTACK, section .ccram };
define block HEAP with size = 8K, alignment = 8 { };
"P4":  place in [from 0x2000'0000 to 0x2001'bfff] |
                [from 0x2001'c000 to 0x2001'ffff] { rw, block HEAP };
initialize by copy { rw };

No sections matched the following patterns:

  ro section application_specific_ro  in "P2"
  section .backup_sram                in "P5"
  section .ccram                      in "P3"


  Section            Kind         Address    Size  Object
  -------            ----         -------    ----  ------
"A0":                                       0x188
  .intvec            ro code   0x800'0000   0x188  startup_stm32f407xx.o [1]
                             - 0x800'0188   0x188

"P1":                                      0x1f54
  .text              ro code   0x800'0188   0x5e8  wm8510_cfg.o [1]
  .text              ro code   0x800'0770    0x4c  i2c_task.o [1]
  .text              ro code   0x800'07bc    0x68  memcmp.o [4]
  .text              ro code   0x800'0824    0x72  i2c_lib.o [1]
  .text              ro code   0x800'0896   0x1dc  i2c_cfg.o [1]
  .text              ro code   0x800'0a72    0x1a  gpio_task.o [1]
  .text              ro code   0x800'0a8c   0x1bc  stm32f4xx_ll_gpio.o [1]
  .text              ro code   0x800'0c48    0x1a  gpio_lib.o [1]
  .text              ro code   0x800'0c62    0x3a  zero_init3.o [4]
  .text              ro code   0x800'0c9c   0x1d0  gpio_cfg.o [1]
  .text              ro code   0x800'0e6c   0x450  main.o [1]
  .text              ro code   0x800'12bc     0xa  stm32_cfg.o [1]
  .text              ro code   0x800'12c8     0xc  stm32f4xx_ll_utils.o [1]
  .text              ro code   0x800'12d4    0x30  systick_task.o [1]
  .text              ro code   0x800'1304     0x8  random_task.o [1]
  .text              ro code   0x800'130c     0x8  crc_task.o [1]
  .text              ro code   0x800'1314    0x20  dht11_task.o [1]
  .text              ro code   0x800'1334    0x18  delay_task.o [1]
  .text              ro code   0x800'134c    0x28  iwdg_cfg.o [1]
  .text              ro code   0x800'1374    0x30  systick_lib.o [1]
  .text              ro code   0x800'13a4     0x8  random_lib.o [1]
  .text              ro code   0x800'13ac     0x8  crc_lib.o [1]
  .text              ro code   0x800'13b4    0x20  dht11_lib.o [1]
  .text              ro code   0x800'13d4    0x18  delay_lib.o [1]
  .text              ro code   0x800'13ec   0x2b4  systick_cfg.o [1]
  .text              ro code   0x800'16a0    0x4c  random_cfg.o [1]
  .text              ro code   0x800'16ec   0x146  crc_cfg.o [1]
  .text              ro code   0x800'1834   0x2cc  dht11_cfg.o [1]
  .text              ro code   0x800'1b00    0x60  delay_cfg.o [1]
  .text              ro code   0x800'1b60    0x44  stm32f4xx_ll_crc.o [1]
  .rodata            const     0x800'1ba4   0x200  crc_cfg.o [1]
  .text              ro code   0x800'1da4    0x60  system_stm32f4xx.o [1]
  .rodata            const     0x800'1e04    0x44  main.o [1]
  .text              ro code   0x800'1e48    0x2c  copy_init3.o [4]
  .text              ro code   0x800'1e74    0x28  data_init.o [4]
  .text              ro code   0x800'1e9c    0x22  fpinit_M.o [3]
  .iar.init_table    const     0x800'1ec0    0x24  - Linker created -
  .text              ro code   0x800'1ee4    0x1e  cmain.o [4]
  .text              ro code   0x800'1f02     0x4  low_level_init.o [2]
  .text              ro code   0x800'1f06     0x4  exit.o [2]
  .text              ro code   0x800'1f0c     0xa  cexit.o [4]
  .text              ro code   0x800'1f18    0x14  exit.o [5]
  .text              ro code   0x800'1f2c    0x18  stm32f4xx_hal.o [1]
  .text              ro code   0x800'1f44    0x18  stm32f4xx_it.o [1]
  .text              ro code   0x800'1f5c    0x10  startup_stm32f407xx.o [1]
  .text              ro code   0x800'1f6c     0xc  cstartup_M.o [4]
  .text              ro code   0x800'1f78     0x4  startup_stm32f407xx.o [1]
  .text              ro code   0x800'1f7c     0x4  startup_stm32f407xx.o [1]
  .text              ro code   0x800'1f80     0x4  startup_stm32f407xx.o [1]
  .text              ro code   0x800'1f84     0x4  startup_stm32f407xx.o [1]
  .text              ro code   0x800'1f88     0x4  startup_stm32f407xx.o [1]
  .text              ro code   0x800'1f8c     0x4  startup_stm32f407xx.o [1]
  .text              ro code   0x800'1f90     0x4  startup_stm32f407xx.o [1]
  .text              ro code   0x800'1f94     0x4  startup_stm32f407xx.o [1]
  .text              ro code   0x800'1f98     0x4  startup_stm32f407xx.o [1]
  .text              ro code   0x800'1f9c     0x4  startup_stm32f407xx.o [1]
  .text              ro code   0x800'1fa0     0x4  startup_stm32f407xx.o [1]
  .text              ro code   0x800'1fa4     0x4  startup_stm32f407xx.o [1]
  .text              ro code   0x800'1fa8     0x4  startup_stm32f407xx.o [1]
  .text              ro code   0x800'1fac     0x4  startup_stm32f407xx.o [1]
  .text              ro code   0x800'1fb0     0x4  startup_stm32f407xx.o [1]
  .text              ro code   0x800'1fb4     0x4  startup_stm32f407xx.o [1]
  .text              ro code   0x800'1fb8     0x4  startup_stm32f407xx.o [1]
  .text              ro code   0x800'1fbc     0x4  startup_stm32f407xx.o [1]
  .text              ro code   0x800'1fc0     0x4  startup_stm32f407xx.o [1]
  .text              ro code   0x800'1fc4     0x4  startup_stm32f407xx.o [1]
  .text              ro code   0x800'1fc8     0x4  startup_stm32f407xx.o [1]
  .text              ro code   0x800'1fcc     0x4  startup_stm32f407xx.o [1]
  .text              ro code   0x800'1fd0     0x4  startup_stm32f407xx.o [1]
  .text              ro code   0x800'1fd4     0x4  startup_stm32f407xx.o [1]
  .text              ro code   0x800'1fd8     0x4  startup_stm32f407xx.o [1]
  .text              ro code   0x800'1fdc     0x4  startup_stm32f407xx.o [1]
  .text              ro code   0x800'1fe0     0x4  startup_stm32f407xx.o [1]
  .text              ro code   0x800'1fe4     0x4  startup_stm32f407xx.o [1]
  .text              ro code   0x800'1fe8     0x4  startup_stm32f407xx.o [1]
  .text              ro code   0x800'1fec     0x4  startup_stm32f407xx.o [1]
  .text              ro code   0x800'1ff0     0x4  startup_stm32f407xx.o [1]
  .text              ro code   0x800'1ff4     0x4  startup_stm32f407xx.o [1]
  .text              ro code   0x800'1ff8     0x4  startup_stm32f407xx.o [1]
  .text              ro code   0x800'1ffc     0x4  startup_stm32f407xx.o [1]
  .text              ro code   0x800'2000     0x4  startup_stm32f407xx.o [1]
  .text              ro code   0x800'2004     0x4  startup_stm32f407xx.o [1]
  .text              ro code   0x800'2008     0x4  startup_stm32f407xx.o [1]
  .text              ro code   0x800'200c     0x4  startup_stm32f407xx.o [1]
  .text              ro code   0x800'2010     0x4  startup_stm32f407xx.o [1]
  .text              ro code   0x800'2014     0x4  startup_stm32f407xx.o [1]
  .text              ro code   0x800'2018     0x4  startup_stm32f407xx.o [1]
  .text              ro code   0x800'201c     0x4  startup_stm32f407xx.o [1]
  .text              ro code   0x800'2020     0x4  startup_stm32f407xx.o [1]
  .text              ro code   0x800'2024     0x4  startup_stm32f407xx.o [1]
  .text              ro code   0x800'2028     0x4  startup_stm32f407xx.o [1]
  .text              ro code   0x800'202c     0x4  startup_stm32f407xx.o [1]
  .text              ro code   0x800'2030     0x4  startup_stm32f407xx.o [1]
  .text              ro code   0x800'2034     0x4  startup_stm32f407xx.o [1]
  .text              ro code   0x800'2038     0x4  startup_stm32f407xx.o [1]
  .text              ro code   0x800'203c     0x4  startup_stm32f407xx.o [1]
  .text              ro code   0x800'2040     0x4  startup_stm32f407xx.o [1]
  .text              ro code   0x800'2044     0x4  startup_stm32f407xx.o [1]
  .text              ro code   0x800'2048     0x4  startup_stm32f407xx.o [1]
  .text              ro code   0x800'204c     0x4  startup_stm32f407xx.o [1]
  .text              ro code   0x800'2050     0x4  startup_stm32f407xx.o [1]
  .text              ro code   0x800'2054     0x4  startup_stm32f407xx.o [1]
  .text              ro code   0x800'2058     0x4  startup_stm32f407xx.o [1]
  .text              ro code   0x800'205c     0x4  startup_stm32f407xx.o [1]
  .text              ro code   0x800'2060     0x4  startup_stm32f407xx.o [1]
  .text              ro code   0x800'2064     0x4  startup_stm32f407xx.o [1]
  .text              ro code   0x800'2068     0x4  startup_stm32f407xx.o [1]
  .text              ro code   0x800'206c     0x4  startup_stm32f407xx.o [1]
  .text              ro code   0x800'2070     0x4  startup_stm32f407xx.o [1]
  .text              ro code   0x800'2074     0x4  startup_stm32f407xx.o [1]
  .text              ro code   0x800'2078     0x4  startup_stm32f407xx.o [1]
  .text              ro code   0x800'207c     0x4  startup_stm32f407xx.o [1]
  .text              ro code   0x800'2080     0x4  startup_stm32f407xx.o [1]
  .text              ro code   0x800'2084     0x4  startup_stm32f407xx.o [1]
  .text              ro code   0x800'2088     0x4  startup_stm32f407xx.o [1]
  .text              ro code   0x800'208c     0x4  startup_stm32f407xx.o [1]
  .text              ro code   0x800'2090     0x4  startup_stm32f407xx.o [1]
  .text              ro code   0x800'2094     0x4  startup_stm32f407xx.o [1]
  .text              ro code   0x800'2098     0x4  startup_stm32f407xx.o [1]
  .text              ro code   0x800'209c     0x4  startup_stm32f407xx.o [1]
  .text              ro code   0x800'20a0     0x4  startup_stm32f407xx.o [1]
  .text              ro code   0x800'20a4     0x4  startup_stm32f407xx.o [1]
  .text              ro code   0x800'20a8     0x4  startup_stm32f407xx.o [1]
  .text              ro code   0x800'20ac     0x4  startup_stm32f407xx.o [1]
  .text              ro code   0x800'20b0     0x4  startup_stm32f407xx.o [1]
  .text              ro code   0x800'20b4     0x4  startup_stm32f407xx.o [1]
  .text              ro code   0x800'20b8     0x4  startup_stm32f407xx.o [1]
  .rodata            const     0x800'20bc     0x0  zero_init3.o [4]
  .rodata            const     0x800'20bc     0x0  copy_init3.o [4]
  Initializer bytes  const     0x800'20bc    0x20  <for P4 s0>
                             - 0x800'20dc  0x1f54

"P3":                                      0x2000
  CSTACK                      0x1000'0000  0x2000  <Block>
    CSTACK           uninit   0x1000'0000  0x2000  <Block tail>
                            - 0x1000'2000  0x2000

"P4", part 1 of 2:                           0x20
  P4 s0                       0x2000'0000    0x20  <Init block>
    .data            inited   0x2000'0000     0x4  crc_cfg.o [1]
    .data            inited   0x2000'0004     0x4  dht11_cfg.o [1]
    .data            inited   0x2000'0008     0x4  iwdg_cfg.o [1]
    .data            inited   0x2000'000c     0x4  iwdg_cfg.o [1]
    .data            inited   0x2000'0010     0x4  system_stm32f4xx.o [1]
    .data            inited   0x2000'0014     0x4  systick_cfg.o [1]
    .data            inited   0x2000'0018     0x4  wm8510_cfg.o [1]
    .data            inited   0x2000'001c     0x1  stm32f4xx_hal.o [1]
                            - 0x2000'0020    0x20

"P4", part 2 of 2:                           0x94
  .bss               zero     0x2000'0020    0x4c  wm8510_cfg.o [1]
  .bss               zero     0x2000'006c    0x1c  systick_cfg.o [1]
  .bss               zero     0x2000'0088    0x18  dht11_cfg.o [1]
  .bss               zero     0x2000'00a0    0x10  crc_cfg.o [1]
  .bss               zero     0x2000'00b0     0x4  stm32f4xx_hal.o [1]
                            - 0x2000'00b4    0x94

Unused ranges:

         From           To      Size
         ----           --      ----
   0x800'20dc   0x807'ffff  0x7'df24
  0x1000'2000  0x1000'ffff    0xe000
  0x2000'00b4  0x2001'bfff  0x1'bf4c
  0x2001'c000  0x2001'ffff    0x4000


*******************************************************************************
*** INIT TABLE
***

          Address      Size
          -------      ----
Zero (__iar_zero_init3)
    1 destination range, total size 0x94:
          0x2000'0020  0x94

Copy (__iar_copy_init3)
    1 source range, total size 0x20 (110% of destination):
           0x800'20bc  0x20
    1 destination range, total size 0x1d:
          0x2000'0000  0x1d



*******************************************************************************
*** MODULE SUMMARY
***

    Module                 ro code  ro data  rw data
    ------                 -------  -------  -------
command line/config:
    ------------------------------------------------
    Total:

I:\STM32_MCU\STM32F407\STM32F407xxProject\EWARM\STM32F407xxxProject\Obj: [1]
    crc_cfg.o                  326      516       20
    crc_lib.o                    8
    crc_task.o                   8
    delay_cfg.o                 96
    delay_lib.o                 24
    delay_task.o                24
    dht11_cfg.o                716        4       28
    dht11_lib.o                 32
    dht11_task.o                32
    gpio_cfg.o                 464
    gpio_lib.o                  26
    gpio_task.o                 26
    i2c_cfg.o                  476
    i2c_lib.o                  114
    i2c_task.o                  76
    iwdg_cfg.o                  40        8        8
    main.o                   1 104       68
    random_cfg.o                76
    random_lib.o                 8
    random_task.o                8
    startup_stm32f407xx.o      732
    stm32_cfg.o                 10
    stm32f4xx_hal.o             24        1        5
    stm32f4xx_it.o              24
    stm32f4xx_ll_crc.o          68
    stm32f4xx_ll_gpio.o        444
    stm32f4xx_ll_utils.o        12
    system_stm32f4xx.o          96        4        4
    systick_cfg.o              692        4       32
    systick_lib.o               48
    systick_task.o              48
    wm8510_cfg.o             1 512        4       80
    ------------------------------------------------
    Total:                   7 394      609      177

dl7M_tlf.a: [2]
    exit.o                       4
    low_level_init.o             4
    ------------------------------------------------
    Total:                       8

m7M_tls.a: [3]
    fpinit_M.o                  34
    ------------------------------------------------
    Total:                      34

rt7M_tl.a: [4]
    cexit.o                     10
    cmain.o                     30
    copy_init3.o                44
    cstartup_M.o                12
    data_init.o                 40
    memcmp.o                   104
    zero_init3.o                58
    ------------------------------------------------
    Total:                     298

shb_l.a: [5]
    exit.o                      20
    ------------------------------------------------
    Total:                      20

    Gaps                         8        2
    Linker created                       39    8 192
----------------------------------------------------
    Grand Total:             7 762      650    8 369


*******************************************************************************
*** ENTRY LIST
***

Entry                       Address   Size  Type      Object
-----                       -------   ----  ----      ------
.iar.init_table$$Base    0x800'1ec0          --   Gb  - Linker created -
.iar.init_table$$Limit   0x800'1ee4          --   Gb  - Linker created -
?main                    0x800'1ee5         Code  Gb  cmain.o [4]
BusFault_Handler         0x800'1f4b    0x2  Code  Gb  stm32f4xx_it.o [1]
CRCLib_Init              0x800'13ad    0x8  Code  Gb  crc_lib.o [1]
CRCTask_Init             0x800'130d    0x8  Code  Gb  crc_task.o [1]
CRC_CRC16_Table          0x800'17a5   0x32  Code  Gb  crc_cfg.o [1]
CRC_CRC32_HWCRC          0x800'1771   0x32  Code  Gb  crc_cfg.o [1]
CRC_CRC32_HWReSet        0x800'1765    0xa  Code  Gb  crc_cfg.o [1]
CRC_CRC8_Table           0x800'17d9   0x2a  Code  Gb  crc_cfg.o [1]
CRC_CheckSum             0x800'1815   0x1e  Code  Gb  crc_cfg.o [1]
CRC_DeInit               0x800'175b    0xa  Code  Gb  crc_cfg.o [1]
CRC_Init                 0x800'1723   0x38  Code  Gb  crc_cfg.o [1]
CRC_StuctInit            0x800'1711   0x12  Code  Gb  crc_cfg.o [1]
CSTACK$$Base            0x1000'0000          --   Gb  - Linker created -
CSTACK$$Limit           0x1000'2000          --   Gb  - Linker created -
DHT11Lib_Init            0x800'13b5   0x14  Code  Gb  dht11_lib.o [1]
DHT11Lib_Read            0x800'13c9    0xc  Code  Gb  dht11_lib.o [1]
DHT11Task_Init           0x800'1315   0x14  Code  Gb  dht11_task.o [1]
DHT11Task_Read           0x800'1329    0xc  Code  Gb  dht11_task.o [1]
DHT11_Check              0x800'195d   0x68  Code  Gb  dht11_cfg.o [1]
DHT11_Device0_Init       0x800'18f7   0x10  Code  Gb  dht11_cfg.o [1]
DHT11_GPIO_Init          0x800'1867   0x4a  Code  Gb  dht11_cfg.o [1]
DHT11_Init               0x800'18b1   0x46  Code  Gb  dht11_cfg.o [1]
DHT11_RESET              0x800'1919   0x44  Code  Gb  dht11_cfg.o [1]
DHT11_Read               0x800'1a7b   0x86  Code  Gb  dht11_cfg.o [1]
DHT11_ReadBit            0x800'19d7   0x7e  Code  Gb  dht11_cfg.o [1]
DHT11_ReadByte           0x800'1a55   0x26  Code  Gb  dht11_cfg.o [1]
DHT11_START              0x800'19c5   0x12  Code  Gb  dht11_cfg.o [1]
DHT11_StructInit         0x800'1851   0x16  Code  Gb  dht11_cfg.o [1]
DebugMon_Handler         0x800'1f51    0x2  Code  Gb  stm32f4xx_it.o [1]
DelayLib_ms              0x800'13d5    0xc  Code  Gb  delay_lib.o [1]
DelayNLib_us             0x800'13e1    0xc  Code  Gb  delay_lib.o [1]
DelayN_ms                0x800'1b39   0x24  Code  Gb  delay_cfg.o [1]
DelayN_us                0x800'1b21   0x18  Code  Gb  delay_cfg.o [1]
DelayTask_ms             0x800'1341    0xc  Code  Gb  delay_task.o [1]
DelayTask_us             0x800'1335    0xc  Code  Gb  delay_task.o [1]
Delay_ms                 0x800'1b01   0x20  Code  Gb  delay_cfg.o [1]
GPIOLib_Clock            0x800'0c49   0x12  Code  Gb  gpio_lib.o [1]
GPIOLib_Init             0x800'0c5b    0x8  Code  Gb  gpio_lib.o [1]
GPIOTask_Clock           0x800'0a73   0x12  Code  Gb  gpio_task.o [1]
GPIOTask_Init            0x800'0a85    0x8  Code  Gb  gpio_task.o [1]
GPIO_Clock               0x800'0cd3  0x11a  Code  Gb  gpio_cfg.o [1]
GPIO_Init                0x800'0ded   0x54  Code  Gb  gpio_cfg.o [1]
HAL_IncTick              0x800'1f2d   0x18  Code  Wk  stm32f4xx_hal.o [1]
HardFault_Handler        0x800'1f47    0x2  Code  Gb  stm32f4xx_it.o [1]
I2CLib_MSW_Init          0x800'0825   0x10  Code  Gb  i2c_lib.o [1]
I2CLib_MSW_ReadACK       0x800'0879    0xc  Code  Gb  i2c_lib.o [1]
I2CLib_MSW_START         0x800'0835   0x38  Code  Gb  i2c_lib.o [1]
I2CLib_MSW_STOP          0x800'086d    0xc  Code  Gb  i2c_lib.o [1]
I2CLib_MSW_SendByte      0x800'0885   0x12  Code  Gb  i2c_lib.o [1]
I2CTask_MSW_Init         0x800'0771   0x10  Code  Gb  i2c_task.o [1]
I2CTask_MSW_ReadACK      0x800'079f    0xc  Code  Gb  i2c_task.o [1]
I2CTask_MSW_START        0x800'0781   0x12  Code  Gb  i2c_task.o [1]
I2CTask_MSW_STOP         0x800'0793    0xc  Code  Gb  i2c_task.o [1]
I2CTask_MSW_SendByte     0x800'07ab   0x12  Code  Gb  i2c_task.o [1]
I2C_MSW_Init             0x800'08bd   0x68  Code  Gb  i2c_cfg.o [1]
I2C_MSW_ReadACK          0x800'09bd   0x40  Code  Gb  i2c_cfg.o [1]
I2C_MSW_START            0x800'0925   0x50  Code  Gb  i2c_cfg.o [1]
I2C_MSW_STOP             0x800'0975   0x48  Code  Gb  i2c_cfg.o [1]
I2C_MSW_SendBit          0x800'09fd   0x48  Code  Gb  i2c_cfg.o [1]
I2C_MSW_SendByte         0x800'0a45   0x2e  Code  Gb  i2c_cfg.o [1]
I2C_StructInit           0x800'08b3    0xa  Code  Gb  i2c_cfg.o [1]
IWDG_Reset               0x800'1357   0x18  Code  Gb  iwdg_cfg.o [1]
LL_AHB1_GRP1_DisableClock
                         0x800'0cb3    0xa  Code  Lc  gpio_cfg.o [1]
LL_AHB1_GRP1_EnableClock
                         0x800'16ed   0x16  Code  Lc  crc_cfg.o [1]
LL_AHB1_GRP1_EnableClock
                         0x800'0c9d   0x16  Code  Lc  gpio_cfg.o [1]
LL_AHB1_GRP1_ForceReset
                         0x800'1b61    0xa  Code  Lc  stm32f4xx_ll_crc.o [1]
LL_AHB1_GRP1_ReleaseReset
                         0x800'1b6b    0xa  Code  Lc  stm32f4xx_ll_crc.o [1]
LL_AHB2_GRP1_EnableClock
                         0x800'16a1   0x16  Code  Lc  random_cfg.o [1]
LL_APB1_GRP1_EnableClock
                         0x800'0f0b   0x16  Code  Lc  main.o [1]
LL_APB2_GRP1_EnableClock
                         0x800'0cbd   0x16  Code  Lc  gpio_cfg.o [1]
LL_CRC_DeInit            0x800'1b75   0x28  Code  Gb  stm32f4xx_ll_crc.o [1]
LL_CRC_FeedData32        0x800'1709    0x4  Code  Lc  crc_cfg.o [1]
LL_CRC_ReadData32        0x800'170d    0x4  Code  Lc  crc_cfg.o [1]
LL_CRC_ResetCRCCalculationUnit
                         0x800'1703    0x6  Code  Lc  crc_cfg.o [1]
LL_FLASH_EnableDataCache
                         0x800'108d    0xc  Code  Lc  main.o [1]
LL_FLASH_EnableInstCache
                         0x800'1081    0xc  Code  Lc  main.o [1]
LL_FLASH_EnablePrefetch
                         0x800'1075    0xc  Code  Lc  main.o [1]
LL_FLASH_GetLatency      0x800'106b    0xa  Code  Lc  main.o [1]
LL_FLASH_SetLatency      0x800'105d    0xe  Code  Lc  main.o [1]
LL_GPIO_Init             0x800'0bab   0x9e  Code  Gb  stm32f4xx_ll_gpio.o [1]
LL_GPIO_IsInputPinSet    0x800'1835   0x12  Code  Lc  dht11_cfg.o [1]
LL_GPIO_IsInputPinSet    0x800'0897   0x12  Code  Lc  i2c_cfg.o [1]
LL_GPIO_ResetOutputPin   0x800'184b    0x6  Code  Lc  dht11_cfg.o [1]
LL_GPIO_ResetOutputPin   0x800'08ad    0x6  Code  Lc  i2c_cfg.o [1]
LL_GPIO_SetAFPin_0_7     0x800'0b3b   0x34  Code  Lc  stm32f4xx_ll_gpio.o [1]
LL_GPIO_SetAFPin_8_15    0x800'0b6f   0x3c  Code  Lc  stm32f4xx_ll_gpio.o [1]
LL_GPIO_SetOutputPin     0x800'1847    0x4  Code  Lc  dht11_cfg.o [1]
LL_GPIO_SetOutputPin     0x800'08a9    0x4  Code  Lc  i2c_cfg.o [1]
LL_GPIO_SetPinMode       0x800'0a8d   0x34  Code  Lc  stm32f4xx_ll_gpio.o [1]
LL_GPIO_SetPinOutputType
                         0x800'0ac1   0x12  Code  Lc  stm32f4xx_ll_gpio.o [1]
LL_GPIO_SetPinPull       0x800'0b07   0x34  Code  Lc  stm32f4xx_ll_gpio.o [1]
LL_GPIO_SetPinSpeed      0x800'0ad3   0x34  Code  Lc  stm32f4xx_ll_gpio.o [1]
LL_IWDG_ReloadCounter    0x800'134d    0xa  Code  Lc  iwdg_cfg.o [1]
LL_InitTick              0x800'1481   0x18  Code  Lc  systick_cfg.o [1]
LL_PWR_EnableBkUpAccess
                         0x800'0f4b    0xc  Code  Lc  main.o [1]
LL_PWR_SetRegulVoltageScaling
                         0x800'0f3d    0xe  Code  Lc  main.o [1]
LL_RCC_EnableRTC         0x800'0fd7    0xc  Code  Lc  main.o [1]
LL_RCC_ForceBackupDomainReset
                         0x800'0fe3    0xc  Code  Lc  main.o [1]
LL_RCC_GetSysClkSource   0x800'0f95    0xa  Code  Lc  main.o [1]
LL_RCC_HSE_Enable        0x800'0f57    0xc  Code  Lc  main.o [1]
LL_RCC_HSE_IsReady       0x800'0f63    0xc  Code  Lc  main.o [1]
LL_RCC_LSI_Enable        0x800'0f6f    0xc  Code  Lc  main.o [1]
LL_RCC_LSI_IsReady       0x800'0f7b    0xc  Code  Lc  main.o [1]
LL_RCC_PLL_ConfigDomain_48M
                         0x800'1043   0x1a  Code  Lc  main.o [1]
LL_RCC_PLL_ConfigDomain_SYS
                         0x800'1021   0x22  Code  Lc  main.o [1]
LL_RCC_PLL_Enable        0x800'1009    0xc  Code  Lc  main.o [1]
LL_RCC_PLL_IsReady       0x800'1015    0xc  Code  Lc  main.o [1]
LL_RCC_ReleaseBackupDomainReset
                         0x800'0fef    0xc  Code  Lc  main.o [1]
LL_RCC_SetAHBPrescaler   0x800'0f9f    0xe  Code  Lc  main.o [1]
LL_RCC_SetAPB1Prescaler
                         0x800'0fad    0xe  Code  Lc  main.o [1]
LL_RCC_SetAPB2Prescaler
                         0x800'0fbb    0xe  Code  Lc  main.o [1]
LL_RCC_SetRTCClockSource
                         0x800'0fc9    0xe  Code  Lc  main.o [1]
LL_RCC_SetRTC_HSEPrescaler
                         0x800'0ffb    0xe  Code  Lc  main.o [1]
LL_RCC_SetSysClkSource   0x800'0f87    0xe  Code  Lc  main.o [1]
LL_RNG_Enable            0x800'16b7    0xa  Code  Lc  random_cfg.o [1]
LL_RNG_IsActiveFlag_DRDY
                         0x800'16c1    0x8  Code  Lc  random_cfg.o [1]
LL_SYSTICK_SetClkSource
                         0x800'0f21   0x1c  Code  Lc  main.o [1]
LL_SetSystemCoreClock    0x800'12c9    0x6  Code  Gb  stm32f4xx_ll_utils.o [1]
MemManage_Handler        0x800'1f49    0x2  Code  Gb  stm32f4xx_it.o [1]
NMI_Handler              0x800'1f45    0x2  Code  Gb  stm32f4xx_it.o [1]
NVIC_EncodePriority      0x800'0ecb   0x40  Code  Lc  main.o [1]
NVIC_EncodePriority      0x800'1441   0x40  Code  Lc  systick_cfg.o [1]
NVIC_GetPriorityGrouping
                         0x800'0e8f    0xc  Code  Lc  main.o [1]
NVIC_GetPriorityGrouping
                         0x800'140b    0xa  Code  Lc  systick_cfg.o [1]
NVIC_Init                0x800'1159   0x96  Code  Gb  main.o [1]
NVIC_SetPriority         0x800'0e9b   0x30  Code  Lc  main.o [1]
NVIC_SetPriority         0x800'1415   0x2c  Code  Lc  systick_cfg.o [1]
NVIC_SetPriorityGrouping
                         0x800'0e6d   0x22  Code  Lc  main.o [1]
NVIC_SetPriorityGrouping
                         0x800'13ed   0x1e  Code  Lc  systick_cfg.o [1]
PendSV_Handler           0x800'1f53    0x2  Code  Gb  stm32f4xx_it.o [1]
RandomLib_Init           0x800'13a5    0x8  Code  Gb  random_lib.o [1]
RandomTask_Init          0x800'1305    0x8  Code  Gb  random_task.o [1]
Random_Init              0x800'16c9   0x1c  Code  Gb  random_cfg.o [1]
Region$$Table$$Base      0x800'1ec0          --   Gb  - Linker created -
Region$$Table$$Limit     0x800'1ee4          --   Gb  - Linker created -
SVC_Handler              0x800'1f4f    0x2  Code  Gb  stm32f4xx_it.o [1]
SysTickLib_1msTick       0x800'139d    0x8  Code  Gb  systick_lib.o [1]
SysTickLib_IRQDecTick    0x800'137d    0xc  Code  Gb  systick_lib.o [1]
SysTickLib_IRQTask       0x800'1389    0x8  Code  Gb  systick_lib.o [1]
SysTickLib_Init          0x800'1375    0x8  Code  Gb  systick_lib.o [1]
SysTickLib_WaitTick      0x800'1391    0xc  Code  Gb  systick_lib.o [1]
SysTickTask_1msTick      0x800'12fd    0x8  Code  Gb  systick_task.o [1]
SysTickTask_IRQDecTick   0x800'12dd    0xc  Code  Gb  systick_task.o [1]
SysTickTask_IRQTask      0x800'12e9    0x8  Code  Gb  systick_task.o [1]
SysTickTask_Init         0x800'12d5    0x8  Code  Gb  systick_task.o [1]
SysTickTask_WaitTick     0x800'12f1    0xc  Code  Gb  systick_task.o [1]
SysTick_1msTick          0x800'162b   0x42  Code  Gb  systick_cfg.o [1]
SysTick_Handler          0x800'1f55    0x8  Code  Gb  stm32f4xx_it.o [1]
SysTick_IRQDecTick       0x800'1521   0x2a  Code  Gb  systick_cfg.o [1]
SysTick_IRQTask          0x800'154b   0x80  Code  Gb  systick_cfg.o [1]
SysTick_Init             0x800'14d7   0x4a  Code  Gb  systick_cfg.o [1]
SysTick_Resume           0x800'14a7    0xe  Code  Gb  systick_cfg.o [1]
SysTick_StructInit       0x800'14b5   0x22  Code  Gb  systick_cfg.o [1]
SysTick_Suspend          0x800'1499    0xe  Code  Gb  systick_cfg.o [1]
SysTick_WaitTick         0x800'15cb   0x60  Code  Gb  systick_cfg.o [1]
Sys_Init                 0x800'11ef   0x4c  Code  Gb  main.o [1]
SystemClock_Config       0x800'1099   0xc0  Code  Gb  main.o [1]
SystemCoreClock         0x2000'0010    0x4  Data  Gb  system_stm32f4xx.o [1]
SystemInit               0x800'1da5   0x40  Code  Gb  system_stm32f4xx.o [1]
UsageFault_Handler       0x800'1f4d    0x2  Code  Gb  stm32f4xx_it.o [1]
WM8510_Calc_PllRate      0x800'0329  0x2d6  Code  Gb  wm8510_cfg.o [1]
WM8510_Device0_Init      0x800'020d   0x36  Code  Gb  wm8510_cfg.o [1]
WM8510_Init              0x800'0243   0x4e  Code  Gb  wm8510_cfg.o [1]
WM8510_SWI2C_WriteReg    0x800'0291   0x74  Code  Gb  wm8510_cfg.o [1]
WM8510_SendCMD           0x800'0305   0x20  Code  Gb  wm8510_cfg.o [1]
WM8510_SetFreqHz         0x800'05ff  0x118  Code  Gb  wm8510_cfg.o [1]
WM8510_StructInit        0x800'0189   0x84  Code  Gb  wm8510_cfg.o [1]
_Error_Handler           0x800'12c5    0x2  Code  Gb  stm32_cfg.o [1]
__cmain                  0x800'1ee5         Code  Gb  cmain.o [4]
__exit                   0x800'1f19   0x14  Code  Gb  exit.o [5]
__iar_copy_init3         0x800'1e49   0x2c  Code  Gb  copy_init3.o [4]
__iar_data_init3         0x800'1e75   0x28  Code  Gb  data_init.o [4]
__iar_init_vfp           0x800'1e9d         Code  Gb  fpinit_M.o [3]
__iar_program_start      0x800'1f6d         Code  Gb  cstartup_M.o [4]
__iar_zero_init3         0x800'0c63   0x3a  Code  Gb  zero_init3.o [4]
__low_level_init         0x800'1f03    0x4  Code  Gb  low_level_init.o [2]
__vector_table           0x800'0000         Data  Gb  startup_stm32f407xx.o [1]
_call_main               0x800'1ef1         Code  Gb  cmain.o [4]
_exit                    0x800'1f0d         Code  Gb  cexit.o [4]
_irq_disable             0x800'12bd    0x4  Code  Gb  stm32_cfg.o [1]
_irq_enable              0x800'12c1    0x4  Code  Gb  stm32_cfg.o [1]
_main                    0x800'1eff         Code  Gb  cmain.o [4]
crc16Table               0x800'1ba4  0x200  Data  Gb  crc_cfg.o [1]
exit                     0x800'1f07    0x4  Code  Gb  exit.o [2]
g_CRC                   0x2000'00a0   0x10  Data  Gb  crc_cfg.o [1]
g_DHT11Device0          0x2000'0088   0x18  Data  Gb  dht11_cfg.o [1]
g_IWDG                  0x2000'0008    0x4  Data  Gb  iwdg_cfg.o [1]
g_SysTick               0x2000'006c   0x1c  Data  Gb  systick_cfg.o [1]
g_WM8510Device0         0x2000'0020   0x4c  Data  Gb  wm8510_cfg.o [1]
main                     0x800'123b   0x20  Code  Gb  main.o [1]
memcmp                   0x800'07bd         Code  Gb  memcmp.o [4]
pCRC                    0x2000'0000    0x4  Data  Gb  crc_cfg.o [1]
pDHT11Device0           0x2000'0004    0x4  Data  Gb  dht11_cfg.o [1]
pIWDG                   0x2000'000c    0x4  Data  Gb  iwdg_cfg.o [1]
pSysTick                0x2000'0014    0x4  Data  Gb  systick_cfg.o [1]
pWM8510Device0          0x2000'0018    0x4  Data  Gb  wm8510_cfg.o [1]
uwTick                  0x2000'00b0    0x4  Data  Gb  stm32f4xx_hal.o [1]
uwTickFreq              0x2000'001c    0x1  Data  Gb  stm32f4xx_hal.o [1]


[1] = I:\STM32_MCU\STM32F407\STM32F407xxProject\EWARM\STM32F407xxxProject\Obj
[2] = dl7M_tlf.a
[3] = m7M_tls.a
[4] = rt7M_tl.a
[5] = shb_l.a

  7 762 bytes of readonly  code memory
    650 bytes of readonly  data memory
  8 369 bytes of readwrite data memory

Errors: none
Warnings: none
