###############################################################################
#
# IAR ELF Linker V8.30.1.114/W32 for ARM                  19/Jul/2018  20:15:04
# Copyright 2007-2018 IAR Systems AB.
#
#    Output file  =  
#        J:\STM32_MCU\STM32F407\STM32F407xxProject\EWARM\STM32F407xxxProject\Exe\STM32F407xxxProject.out
#    Map file     =  
#        J:\STM32_MCU\STM32F407\STM32F407xxProject\EWARM\STM32F407xxxProject\List\STM32F407xxxProject.map
#    Command line =  
#        -f C:\Users\Harry\AppData\Local\Temp\EW982.tmp
#        (J:\STM32_MCU\STM32F407\STM32F407xxProject\EWARM\STM32F407xxxProject\Obj\ad5593_cfg.o
#        J:\STM32_MCU\STM32F407\STM32F407xxProject\EWARM\STM32F407xxxProject\Obj\ad5593_lib.o
#        J:\STM32_MCU\STM32F407\STM32F407xxProject\EWARM\STM32F407xxxProject\Obj\ad5593_task.o
#        J:\STM32_MCU\STM32F407\STM32F407xxProject\EWARM\STM32F407xxxProject\Obj\complier_cfg.o
#        J:\STM32_MCU\STM32F407\STM32F407xxProject\EWARM\STM32F407xxxProject\Obj\complier_lib.o
#        J:\STM32_MCU\STM32F407\STM32F407xxProject\EWARM\STM32F407xxxProject\Obj\crc_cfg.o
#        J:\STM32_MCU\STM32F407\STM32F407xxProject\EWARM\STM32F407xxxProject\Obj\crc_lib.o
#        J:\STM32_MCU\STM32F407\STM32F407xxProject\EWARM\STM32F407xxxProject\Obj\crc_task.o
#        J:\STM32_MCU\STM32F407\STM32F407xxProject\EWARM\STM32F407xxxProject\Obj\delay_cfg.o
#        J:\STM32_MCU\STM32F407\STM32F407xxProject\EWARM\STM32F407xxxProject\Obj\delay_lib.o
#        J:\STM32_MCU\STM32F407\STM32F407xxProject\EWARM\STM32F407xxxProject\Obj\delay_task.o
#        J:\STM32_MCU\STM32F407\STM32F407xxProject\EWARM\STM32F407xxxProject\Obj\dht11_cfg.o
#        J:\STM32_MCU\STM32F407\STM32F407xxProject\EWARM\STM32F407xxxProject\Obj\dht11_lib.o
#        J:\STM32_MCU\STM32F407\STM32F407xxProject\EWARM\STM32F407xxxProject\Obj\dht11_task.o
#        J:\STM32_MCU\STM32F407\STM32F407xxProject\EWARM\STM32F407xxxProject\Obj\ds18b20_cfg.o
#        J:\STM32_MCU\STM32F407\STM32F407xxProject\EWARM\STM32F407xxxProject\Obj\ds18b20_lib.o
#        J:\STM32_MCU\STM32F407\STM32F407xxProject\EWARM\STM32F407xxxProject\Obj\ds18b20_task.o
#        J:\STM32_MCU\STM32F407\STM32F407xxProject\EWARM\STM32F407xxxProject\Obj\gpio_cfg.o
#        J:\STM32_MCU\STM32F407\STM32F407xxProject\EWARM\STM32F407xxxProject\Obj\gpio_lib.o
#        J:\STM32_MCU\STM32F407\STM32F407xxProject\EWARM\STM32F407xxxProject\Obj\gpio_task.o
#        J:\STM32_MCU\STM32F407\STM32F407xxProject\EWARM\STM32F407xxxProject\Obj\i2c_cfg.o
#        J:\STM32_MCU\STM32F407\STM32F407xxProject\EWARM\STM32F407xxxProject\Obj\i2c_lib.o
#        J:\STM32_MCU\STM32F407\STM32F407xxProject\EWARM\STM32F407xxxProject\Obj\i2c_task.o
#        J:\STM32_MCU\STM32F407\STM32F407xxProject\EWARM\STM32F407xxxProject\Obj\iwdg_cfg.o
#        J:\STM32_MCU\STM32F407\STM32F407xxProject\EWARM\STM32F407xxxProject\Obj\iwdg_lib.o
#        J:\STM32_MCU\STM32F407\STM32F407xxProject\EWARM\STM32F407xxxProject\Obj\iwdg_task.o
#        J:\STM32_MCU\STM32F407\STM32F407xxProject\EWARM\STM32F407xxxProject\Obj\main.o
#        J:\STM32_MCU\STM32F407\STM32F407xxProject\EWARM\STM32F407xxxProject\Obj\one_wire_cfg.o
#        J:\STM32_MCU\STM32F407\STM32F407xxProject\EWARM\STM32F407xxxProject\Obj\one_wire_lib.o
#        J:\STM32_MCU\STM32F407\STM32F407xxProject\EWARM\STM32F407xxxProject\Obj\one_wire_task.o
#        J:\STM32_MCU\STM32F407\STM32F407xxProject\EWARM\STM32F407xxxProject\Obj\pcf8563_cfg.o
#        J:\STM32_MCU\STM32F407\STM32F407xxProject\EWARM\STM32F407xxxProject\Obj\pcf8563_lib.o
#        J:\STM32_MCU\STM32F407\STM32F407xxProject\EWARM\STM32F407xxxProject\Obj\pcf8563_task.o
#        J:\STM32_MCU\STM32F407\STM32F407xxProject\EWARM\STM32F407xxxProject\Obj\random_cfg.o
#        J:\STM32_MCU\STM32F407\STM32F407xxProject\EWARM\STM32F407xxxProject\Obj\random_lib.o
#        J:\STM32_MCU\STM32F407\STM32F407xxProject\EWARM\STM32F407xxxProject\Obj\random_task.o
#        J:\STM32_MCU\STM32F407\STM32F407xxProject\EWARM\STM32F407xxxProject\Obj\startup_stm32f407xx.o
#        J:\STM32_MCU\STM32F407\STM32F407xxProject\EWARM\STM32F407xxxProject\Obj\stm32_cfg.o
#        J:\STM32_MCU\STM32F407\STM32F407xxProject\EWARM\STM32F407xxxProject\Obj\stm32f4xx_hal.o
#        J:\STM32_MCU\STM32F407\STM32F407xxProject\EWARM\STM32F407xxxProject\Obj\stm32f4xx_hal_cortex.o
#        J:\STM32_MCU\STM32F407\STM32F407xxProject\EWARM\STM32F407xxxProject\Obj\stm32f4xx_hal_gpio.o
#        J:\STM32_MCU\STM32F407\STM32F407xxProject\EWARM\STM32F407xxxProject\Obj\stm32f4xx_hal_rcc.o
#        J:\STM32_MCU\STM32F407\STM32F407xxProject\EWARM\STM32F407xxxProject\Obj\stm32f4xx_it.o
#        J:\STM32_MCU\STM32F407\STM32F407xxProject\EWARM\STM32F407xxxProject\Obj\stm32f4xx_ll_adc.o
#        J:\STM32_MCU\STM32F407\STM32F407xxProject\EWARM\STM32F407xxxProject\Obj\stm32f4xx_ll_crc.o
#        J:\STM32_MCU\STM32F407\STM32F407xxProject\EWARM\STM32F407xxxProject\Obj\stm32f4xx_ll_dac.o
#        J:\STM32_MCU\STM32F407\STM32F407xxProject\EWARM\STM32F407xxxProject\Obj\stm32f4xx_ll_gpio.o
#        J:\STM32_MCU\STM32F407\STM32F407xxProject\EWARM\STM32F407xxxProject\Obj\stm32f4xx_ll_i2c.o
#        J:\STM32_MCU\STM32F407\STM32F407xxProject\EWARM\STM32F407xxxProject\Obj\stm32f4xx_ll_pwr.o
#        J:\STM32_MCU\STM32F407\STM32F407xxProject\EWARM\STM32F407xxxProject\Obj\stm32f4xx_ll_rcc.o
#        J:\STM32_MCU\STM32F407\STM32F407xxProject\EWARM\STM32F407xxxProject\Obj\stm32f4xx_ll_rng.o
#        J:\STM32_MCU\STM32F407\STM32F407xxProject\EWARM\STM32F407xxxProject\Obj\stm32f4xx_ll_rtc.o
#        J:\STM32_MCU\STM32F407\STM32F407xxProject\EWARM\STM32F407xxxProject\Obj\stm32f4xx_ll_spi.o
#        J:\STM32_MCU\STM32F407\STM32F407xxProject\EWARM\STM32F407xxxProject\Obj\stm32f4xx_ll_tim.o
#        J:\STM32_MCU\STM32F407\STM32F407xxProject\EWARM\STM32F407xxxProject\Obj\stm32f4xx_ll_usart.o
#        J:\STM32_MCU\STM32F407\STM32F407xxProject\EWARM\STM32F407xxxProject\Obj\stm32f4xx_ll_utils.o
#        J:\STM32_MCU\STM32F407\STM32F407xxProject\EWARM\STM32F407xxxProject\Obj\system_stm32f4xx.o
#        J:\STM32_MCU\STM32F407\STM32F407xxProject\EWARM\STM32F407xxxProject\Obj\systick_cfg.o
#        J:\STM32_MCU\STM32F407\STM32F407xxProject\EWARM\STM32F407xxxProject\Obj\systick_lib.o
#        J:\STM32_MCU\STM32F407\STM32F407xxProject\EWARM\STM32F407xxxProject\Obj\systick_task.o
#        J:\STM32_MCU\STM32F407\STM32F407xxProject\EWARM\STM32F407xxxProject\Obj\usart_cfg.o
#        J:\STM32_MCU\STM32F407\STM32F407xxProject\EWARM\STM32F407xxxProject\Obj\usart_lib.o
#        J:\STM32_MCU\STM32F407\STM32F407xxProject\EWARM\STM32F407xxxProject\Obj\usart_task.o
#        J:\STM32_MCU\STM32F407\STM32F407xxProject\EWARM\STM32F407xxxProject\Obj\wm8510_cfg.o
#        J:\STM32_MCU\STM32F407\STM32F407xxProject\EWARM\STM32F407xxxProject\Obj\wm8510_lib.o
#        J:\STM32_MCU\STM32F407\STM32F407xxProject\EWARM\STM32F407xxxProject\Obj\wm8510_task.o
#        --redirect _Printf=_PrintfFull --redirect _Scanf=_ScanfFull
#        --no_out_extension -o
#        J:\STM32_MCU\STM32F407\STM32F407xxProject\EWARM\STM32F407xxxProject\Exe\STM32F407xxxProject.out
#        --map
#        J:\STM32_MCU\STM32F407\STM32F407xxProject\EWARM\STM32F407xxxProject\List\STM32F407xxxProject.map
#        --config "D:\Program Files (x86)\IAR Systems\Embedded Workbench
#        8.1\arm\config\linker\ST\stm32f407xE.icf" --semihosting --entry
#        __iar_program_start --vfe --text_out locale)
#
###############################################################################

*******************************************************************************
*** RUNTIME MODEL ATTRIBUTES
***

CppFlavor       = *
__SystemLibrary = DLib
__dlib_version  = 6


*******************************************************************************
*** HEAP SELECTION
***

The basic heap was selected because no calls to memory allocation
functions were found in the application outside of system library
functions, and there are calls to deallocation functions in the
application.


*******************************************************************************
*** PLACEMENT SUMMARY
***

"A0":  place at 0x800'0000 { ro section .intvec };
"P1":  place in [from 0x800'0000 to 0x807'ffff] { ro };
define block CSTACK with size = 8K, alignment = 8 { };
"P3":  place in [from 0x1000'0000 to 0x1000'ffff] {
          block CSTACK, section .ccram };
define block HEAP with size = 8K, alignment = 8 { };
"P4":  place in [from 0x2000'0000 to 0x2001'bfff] |
                [from 0x2001'c000 to 0x2001'ffff] { rw, block HEAP };
initialize by copy { rw };

No sections matched the following patterns:

  ro section application_specific_ro  in "P2"
  section .backup_sram                in "P5"
  section .ccram                      in "P3"


  Section            Kind         Address    Size  Object
  -------            ----         -------    ----  ------
"A0":                                       0x188
  .intvec            ro code   0x800'0000   0x188  startup_stm32f407xx.o [1]
                             - 0x800'0188   0x188

"P1":                                      0x49ec
  .text              ro code   0x800'0188   0xf7a  xprintffull.o [2]
  .text              ro code   0x800'1102    0x3a  zero_init3.o [4]
  .text              ro code   0x800'113c    0x78  xlocale_c.o [2]
  .text              ro code   0x800'11b4    0x16  strchr.o [4]
  .text              ro code   0x800'11ca    0x1e  xencoding_8859_1.o [2]
  .text              ro code   0x800'11e8    0x40  xfail_s.o [2]
  .text              ro code   0x800'1228    0x36  strlen.o [4]
  .text              ro code   0x800'125e    0x1a  xsnprout.o [2]
  .text              ro code   0x800'1278    0x58  memchr.o [4]
  .text              ro code   0x800'12d0     0xa  xmbcurmax.o [2]
  .text              ro code   0x800'12dc    0xa6  ABImemcpy.o [4]
  .text              ro code   0x800'1384   0x230  I64DivMod.o [4]
  .text              ro code   0x800'15b4   0x1a2  DblMul.o [3]
  .text              ro code   0x800'1758    0x70  frexp.o [3]
  .text              ro code   0x800'17c8    0x2e  DblCmpLe.o [3]
  .text              ro code   0x800'17f8    0x2e  DblCmpGe.o [3]
  .text              ro code   0x800'1828   0x13a  ldexp.o [3]
  .text              ro code   0x800'1964    0x3a  DblToS32.o [3]
  .text              ro code   0x800'19a0    0x22  S32ToDbl.o [3]
  .text              ro code   0x800'19c4    0xe2  DblSub.o [3]
  .text              ro code   0x800'1aa8   0x246  DblDiv.o [3]
  .text              ro code   0x800'1cf0    0x28  DblToU32.o [3]
  .text              ro code   0x800'1d18    0x1a  U32ToDbl.o [3]
  .text              ro code   0x800'1d32     0x6  abort.o [2]
  .text              ro code   0x800'1d38     0x2  I64DivZer.o [4]
  .text              ro code   0x800'1d3c   0x16a  DblAdd.o [3]
  .text              ro code   0x800'1ea8    0x14  exit.o [5]
  .text              ro code   0x800'1ebc   0x654  usart_cfg.o [1]
  .text              ro code   0x800'2510    0x28  iwdg_cfg.o [1]
  .text              ro code   0x800'2538    0x3c  vsnprint.o [2]
  .text              ro code   0x800'2574    0x1a  gpio_task.o [1]
  .text              ro code   0x800'2590   0x1bc  stm32f4xx_ll_gpio.o [1]
  .text              ro code   0x800'274c   0x2cc  stm32f4xx_ll_usart.o [1]
  .text              ro code   0x800'2a18    0x1a  gpio_lib.o [1]
  .text              ro code   0x800'2a34   0x150  stm32f4xx_ll_rcc.o [1]
  .text              ro code   0x800'2b84   0x1d0  gpio_cfg.o [1]
  .text              ro code   0x800'2d54   0x5e8  wm8510_cfg.o [1]
  .text              ro code   0x800'333c    0x4c  i2c_task.o [1]
  .text              ro code   0x800'3388    0x68  memcmp.o [4]
  .text              ro code   0x800'33f0    0x72  i2c_lib.o [1]
  .text              ro code   0x800'3462   0x1dc  i2c_cfg.o [1]
  .text              ro code   0x800'3640   0x484  main.o [1]
  .text              ro code   0x800'3ac4     0xa  stm32_cfg.o [1]
  .text              ro code   0x800'3ad0     0xc  stm32f4xx_ll_utils.o [1]
  .text              ro code   0x800'3adc    0x38  systick_task.o [1]
  .text              ro code   0x800'3b14     0x8  random_task.o [1]
  .text              ro code   0x800'3b1c     0x8  crc_task.o [1]
  .text              ro code   0x800'3b24    0x20  dht11_task.o [1]
  .text              ro code   0x800'3b44    0x62  usart_task.o [1]
  .text              ro code   0x800'3ba6    0x18  delay_task.o [1]
  .text              ro code   0x800'3bbe    0x38  systick_lib.o [1]
  .text              ro code   0x800'3bf6     0x8  random_lib.o [1]
  .text              ro code   0x800'3c00     0x8  crc_lib.o [1]
  .text              ro code   0x800'3c08    0x20  dht11_lib.o [1]
  .text              ro code   0x800'3c28   0x114  usart_lib.o [1]
  .text              ro code   0x800'3d3c    0x18  delay_lib.o [1]
  .text              ro code   0x800'3d54   0x2c8  systick_cfg.o [1]
  .text              ro code   0x800'401c    0x4c  random_cfg.o [1]
  .text              ro code   0x800'4068   0x146  crc_cfg.o [1]
  .text              ro code   0x800'41b0   0x2cc  dht11_cfg.o [1]
  .text              ro code   0x800'447c    0x60  delay_cfg.o [1]
  .text              ro code   0x800'44dc    0x44  stm32f4xx_ll_crc.o [1]
  .rodata            const     0x800'4520   0x200  crc_cfg.o [1]
  .text              ro code   0x800'4720    0x80  stm32f4xx_it.o [1]
  .text              ro code   0x800'47a0    0x60  system_stm32f4xx.o [1]
  .rodata            const     0x800'4800    0x44  main.o [1]
  .text              ro code   0x800'4844    0x2c  copy_init3.o [4]
  .text              ro code   0x800'4870    0x28  data_init.o [4]
  .text              ro code   0x800'4898    0x22  fpinit_M.o [3]
  .iar.init_table    const     0x800'48bc    0x24  - Linker created -
  .text              ro code   0x800'48e0    0x1e  cmain.o [4]
  .text              ro code   0x800'48fe     0x4  low_level_init.o [2]
  .text              ro code   0x800'4902     0x4  exit.o [2]
  .text              ro code   0x800'4908     0xa  cexit.o [4]
  .rodata            const     0x800'4914    0x18  usart_cfg.o [1]
  .text              ro code   0x800'492c    0x18  stm32f4xx_hal.o [1]
  .rodata            const     0x800'4944    0x10  system_stm32f4xx.o [1]
  .text              ro code   0x800'4954    0x10  startup_stm32f407xx.o [1]
  .text              ro code   0x800'4964     0xc  cstartup_M.o [4]
  .rodata            const     0x800'4970     0x8  system_stm32f4xx.o [1]
  .rodata            const     0x800'4978     0x6  xlocale_c.o [2]
  .text              ro code   0x800'497e     0x4  startup_stm32f407xx.o [1]
  .text              ro code   0x800'4982     0x4  startup_stm32f407xx.o [1]
  .text              ro code   0x800'4986     0x4  startup_stm32f407xx.o [1]
  .text              ro code   0x800'498a     0x4  startup_stm32f407xx.o [1]
  .text              ro code   0x800'498e     0x4  startup_stm32f407xx.o [1]
  .text              ro code   0x800'4992     0x4  startup_stm32f407xx.o [1]
  .text              ro code   0x800'4996     0x4  startup_stm32f407xx.o [1]
  .text              ro code   0x800'499a     0x4  startup_stm32f407xx.o [1]
  .text              ro code   0x800'499e     0x4  startup_stm32f407xx.o [1]
  .text              ro code   0x800'49a2     0x4  startup_stm32f407xx.o [1]
  .text              ro code   0x800'49a6     0x4  startup_stm32f407xx.o [1]
  .text              ro code   0x800'49aa     0x4  startup_stm32f407xx.o [1]
  .text              ro code   0x800'49ae     0x4  startup_stm32f407xx.o [1]
  .text              ro code   0x800'49b2     0x4  startup_stm32f407xx.o [1]
  .text              ro code   0x800'49b6     0x4  startup_stm32f407xx.o [1]
  .text              ro code   0x800'49ba     0x4  startup_stm32f407xx.o [1]
  .text              ro code   0x800'49be     0x4  startup_stm32f407xx.o [1]
  .text              ro code   0x800'49c2     0x4  startup_stm32f407xx.o [1]
  .text              ro code   0x800'49c6     0x4  startup_stm32f407xx.o [1]
  .text              ro code   0x800'49ca     0x4  startup_stm32f407xx.o [1]
  .text              ro code   0x800'49ce     0x4  startup_stm32f407xx.o [1]
  .text              ro code   0x800'49d2     0x4  startup_stm32f407xx.o [1]
  .text              ro code   0x800'49d6     0x4  startup_stm32f407xx.o [1]
  .text              ro code   0x800'49da     0x4  startup_stm32f407xx.o [1]
  .text              ro code   0x800'49de     0x4  startup_stm32f407xx.o [1]
  .text              ro code   0x800'49e2     0x4  startup_stm32f407xx.o [1]
  .text              ro code   0x800'49e6     0x4  startup_stm32f407xx.o [1]
  .text              ro code   0x800'49ea     0x4  startup_stm32f407xx.o [1]
  .text              ro code   0x800'49ee     0x4  startup_stm32f407xx.o [1]
  .text              ro code   0x800'49f2     0x4  startup_stm32f407xx.o [1]
  .text              ro code   0x800'49f6     0x4  startup_stm32f407xx.o [1]
  .text              ro code   0x800'49fa     0x4  startup_stm32f407xx.o [1]
  .text              ro code   0x800'49fe     0x4  startup_stm32f407xx.o [1]
  .text              ro code   0x800'4a02     0x4  startup_stm32f407xx.o [1]
  .text              ro code   0x800'4a06     0x4  startup_stm32f407xx.o [1]
  .text              ro code   0x800'4a0a     0x4  startup_stm32f407xx.o [1]
  .text              ro code   0x800'4a0e     0x4  startup_stm32f407xx.o [1]
  .text              ro code   0x800'4a12     0x4  startup_stm32f407xx.o [1]
  .text              ro code   0x800'4a16     0x4  startup_stm32f407xx.o [1]
  .text              ro code   0x800'4a1a     0x4  startup_stm32f407xx.o [1]
  .text              ro code   0x800'4a1e     0x4  startup_stm32f407xx.o [1]
  .text              ro code   0x800'4a22     0x4  startup_stm32f407xx.o [1]
  .text              ro code   0x800'4a26     0x4  startup_stm32f407xx.o [1]
  .text              ro code   0x800'4a2a     0x4  startup_stm32f407xx.o [1]
  .text              ro code   0x800'4a2e     0x4  startup_stm32f407xx.o [1]
  .text              ro code   0x800'4a32     0x4  startup_stm32f407xx.o [1]
  .text              ro code   0x800'4a36     0x4  startup_stm32f407xx.o [1]
  .text              ro code   0x800'4a3a     0x4  startup_stm32f407xx.o [1]
  .text              ro code   0x800'4a3e     0x4  startup_stm32f407xx.o [1]
  .text              ro code   0x800'4a42     0x4  startup_stm32f407xx.o [1]
  .text              ro code   0x800'4a46     0x4  startup_stm32f407xx.o [1]
  .text              ro code   0x800'4a4a     0x4  startup_stm32f407xx.o [1]
  .text              ro code   0x800'4a4e     0x4  startup_stm32f407xx.o [1]
  .text              ro code   0x800'4a52     0x4  startup_stm32f407xx.o [1]
  .text              ro code   0x800'4a56     0x4  startup_stm32f407xx.o [1]
  .text              ro code   0x800'4a5a     0x4  startup_stm32f407xx.o [1]
  .text              ro code   0x800'4a5e     0x4  startup_stm32f407xx.o [1]
  .text              ro code   0x800'4a62     0x4  startup_stm32f407xx.o [1]
  .text              ro code   0x800'4a66     0x4  startup_stm32f407xx.o [1]
  .text              ro code   0x800'4a6a     0x4  startup_stm32f407xx.o [1]
  .text              ro code   0x800'4a6e     0x4  startup_stm32f407xx.o [1]
  .text              ro code   0x800'4a72     0x4  startup_stm32f407xx.o [1]
  .text              ro code   0x800'4a76     0x4  startup_stm32f407xx.o [1]
  .text              ro code   0x800'4a7a     0x4  startup_stm32f407xx.o [1]
  .text              ro code   0x800'4a7e     0x4  startup_stm32f407xx.o [1]
  .text              ro code   0x800'4a82     0x4  startup_stm32f407xx.o [1]
  .text              ro code   0x800'4a86     0x4  startup_stm32f407xx.o [1]
  .text              ro code   0x800'4a8a     0x4  startup_stm32f407xx.o [1]
  .text              ro code   0x800'4a8e     0x4  startup_stm32f407xx.o [1]
  .text              ro code   0x800'4a92     0x4  startup_stm32f407xx.o [1]
  .text              ro code   0x800'4a96     0x4  startup_stm32f407xx.o [1]
  .text              ro code   0x800'4a9a     0x4  startup_stm32f407xx.o [1]
  .text              ro code   0x800'4a9e     0x4  startup_stm32f407xx.o [1]
  .text              ro code   0x800'4aa2     0x4  startup_stm32f407xx.o [1]
  .text              ro code   0x800'4aa6     0x4  startup_stm32f407xx.o [1]
  .text              ro code   0x800'4aaa     0x4  startup_stm32f407xx.o [1]
  .text              ro code   0x800'4aae     0x4  startup_stm32f407xx.o [1]
  .text              ro code   0x800'4ab2     0x4  startup_stm32f407xx.o [1]
  .text              ro code   0x800'4ab6     0x4  startup_stm32f407xx.o [1]
  .text              ro code   0x800'4aba     0x4  startup_stm32f407xx.o [1]
  .rodata            const     0x800'4abe     0x0  zero_init3.o [4]
  .rodata            const     0x800'4abe     0x0  copy_init3.o [4]
  Initializer bytes  const     0x800'4ac0    0xb4  <for P4 s0>
                             - 0x800'4b74  0x49ec

"P3":                                      0x2000
  CSTACK                      0x1000'0000  0x2000  <Block>
    CSTACK           uninit   0x1000'0000  0x2000  <Block tail>
                            - 0x1000'2000  0x2000

"P4", part 1 of 2:                           0xb4
  P4 s0                       0x2000'0000    0xb4  <Init block>
    .data            inited   0x2000'0000    0x48  xlocale_c.o [2]
    .data            inited   0x2000'0048    0x38  xlocale_c.o [2]
    .data            inited   0x2000'0080    0x10  main.o [1]
    .data            inited   0x2000'0090     0x4  crc_cfg.o [1]
    .data            inited   0x2000'0094     0x4  dht11_cfg.o [1]
    .data            inited   0x2000'0098     0x4  iwdg_cfg.o [1]
    .data            inited   0x2000'009c     0x4  iwdg_cfg.o [1]
    .data            inited   0x2000'00a0     0x4  system_stm32f4xx.o [1]
    .data            inited   0x2000'00a4     0x4  systick_cfg.o [1]
    .data            inited   0x2000'00a8     0x4  usart_cfg.o [1]
    .data            inited   0x2000'00ac     0x4  wm8510_cfg.o [1]
    .data            inited   0x2000'00b0     0x1  stm32f4xx_hal.o [1]
                            - 0x2000'00b4    0xb4

"P4", part 2 of 2:                          0x500
  .bss               zero     0x2000'00b4   0x400  usart_cfg.o [1]
  .bss               zero     0x2000'04b4    0x54  usart_cfg.o [1]
  .bss               zero     0x2000'0508    0x4c  wm8510_cfg.o [1]
  .bss               zero     0x2000'0554    0x1c  systick_cfg.o [1]
  .bss               zero     0x2000'0570    0x18  dht11_cfg.o [1]
  .bss               zero     0x2000'0588    0x10  crc_cfg.o [1]
  .bss               zero     0x2000'0598    0x10  main.o [1]
  .bss               zero     0x2000'05a8     0x4  stm32f4xx_hal.o [1]
  .bss               zero     0x2000'05ac     0x4  xfail_s.o [2]
  .bss               zero     0x2000'05b0     0x1  usart_lib.o [1]
                            - 0x2000'05b1   0x4fd

Unused ranges:

         From           To      Size
         ----           --      ----
   0x800'4b74   0x807'ffff  0x7'b48c
  0x1000'2000  0x1000'ffff    0xe000
  0x2000'05b4  0x2001'bfff  0x1'ba4c
  0x2001'c000  0x2001'ffff    0x4000


*******************************************************************************
*** INIT TABLE
***

          Address      Size
          -------      ----
Zero (__iar_zero_init3)
    1 destination range, total size 0x4fd:
          0x2000'00b4  0x4fd

Copy (__iar_copy_init3)
    1 source range, total size 0xb4 (101% of destination):
           0x800'4ac0   0xb4
    1 destination range, total size 0xb1:
          0x2000'0000   0xb1



*******************************************************************************
*** MODULE SUMMARY
***

    Module                 ro code  ro data  rw data
    ------                 -------  -------  -------
command line/config:
    ------------------------------------------------
    Total:

J:\STM32_MCU\STM32F407\STM32F407xxProject\EWARM\STM32F407xxxProject\Obj: [1]
    crc_cfg.o                  326      516       20
    crc_lib.o                    8
    crc_task.o                   8
    delay_cfg.o                 96
    delay_lib.o                 24
    delay_task.o                24
    dht11_cfg.o                716        4       28
    dht11_lib.o                 32
    dht11_task.o                32
    gpio_cfg.o                 464
    gpio_lib.o                  26
    gpio_task.o                 26
    i2c_cfg.o                  476
    i2c_lib.o                  114
    i2c_task.o                  76
    iwdg_cfg.o                  40        8        8
    main.o                   1 156       84       32
    random_cfg.o                76
    random_lib.o                 8
    random_task.o                8
    startup_stm32f407xx.o      728
    stm32_cfg.o                 10
    stm32f4xx_hal.o             24        1        5
    stm32f4xx_it.o             128
    stm32f4xx_ll_crc.o          68
    stm32f4xx_ll_gpio.o        444
    stm32f4xx_ll_rcc.o         336
    stm32f4xx_ll_usart.o       716
    stm32f4xx_ll_utils.o        12
    system_stm32f4xx.o          96       28        4
    systick_cfg.o              712        4       32
    systick_lib.o               56
    systick_task.o              56
    usart_cfg.o              1 620       28    1 112
    usart_lib.o                276                 1
    usart_task.o                98
    wm8510_cfg.o             1 512        4       80
    ------------------------------------------------
    Total:                  10 628      677    1 322

dl7M_tlf.a: [2]
    abort.o                      6
    exit.o                       4
    low_level_init.o             4
    vsnprint.o                  60
    xencoding_8859_1.o          30
    xfail_s.o                   64                 4
    xlocale_c.o                120      134      128
    xmbcurmax.o                 10
    xprintffull.o            3 962
    xsnprout.o                  26
    ------------------------------------------------
    Total:                   4 286      134      132

m7M_tls.a: [3]
    DblAdd.o                   362
    DblCmpGe.o                  46
    DblCmpLe.o                  46
    DblDiv.o                   582
    DblMul.o                   418
    DblSub.o                   226
    DblToS32.o                  58
    DblToU32.o                  40
    S32ToDbl.o                  34
    U32ToDbl.o                  26
    fpinit_M.o                  34
    frexp.o                    112
    ldexp.o                    314
    ------------------------------------------------
    Total:                   2 298

rt7M_tl.a: [4]
    ABImemcpy.o                166
    I64DivMod.o                560
    I64DivZer.o                  2
    cexit.o                     10
    cmain.o                     30
    copy_init3.o                44
    cstartup_M.o                12
    data_init.o                 40
    memchr.o                    88
    memcmp.o                   104
    strchr.o                    22
    strlen.o                    54
    zero_init3.o                58
    ------------------------------------------------
    Total:                   1 190

shb_l.a: [5]
    exit.o                      20
    ------------------------------------------------
    Total:                      20

    Gaps                        38        4
    Linker created                       41    8 192
----------------------------------------------------
    Grand Total:            18 460      856    9 646


*******************************************************************************
*** ENTRY LIST
***

Entry                       Address   Size  Type      Object
-----                       -------   ----  ----      ------
.iar.init_table$$Base    0x800'48bc          --   Gb  - Linker created -
.iar.init_table$$Limit   0x800'48e0          --   Gb  - Linker created -
?main                    0x800'48e1         Code  Gb  cmain.o [4]
AHBPrescTable            0x800'4944   0x10  Data  Gb  system_stm32f4xx.o [1]
APBPrescTable            0x800'4970    0x8  Data  Gb  system_stm32f4xx.o [1]
BusFault_Handler         0x800'4743    0x2  Code  Gb  stm32f4xx_it.o [1]
CRCLib_Init              0x800'3c01    0x8  Code  Gb  crc_lib.o [1]
CRCTask_Init             0x800'3b1d    0x8  Code  Gb  crc_task.o [1]
CRC_CRC16_Table          0x800'4121   0x32  Code  Gb  crc_cfg.o [1]
CRC_CRC32_HWCRC          0x800'40ed   0x32  Code  Gb  crc_cfg.o [1]
CRC_CRC32_HWReSet        0x800'40e1    0xa  Code  Gb  crc_cfg.o [1]
CRC_CRC8_Table           0x800'4155   0x2a  Code  Gb  crc_cfg.o [1]
CRC_CheckSum             0x800'4191   0x1e  Code  Gb  crc_cfg.o [1]
CRC_DeInit               0x800'40d7    0xa  Code  Gb  crc_cfg.o [1]
CRC_Init                 0x800'409f   0x38  Code  Gb  crc_cfg.o [1]
CRC_StuctInit            0x800'408d   0x12  Code  Gb  crc_cfg.o [1]
CSTACK$$Base            0x1000'0000          --   Gb  - Linker created -
CSTACK$$Limit           0x1000'2000          --   Gb  - Linker created -
CacheMore                0x800'1141   0x24  Code  Lc  xlocale_c.o [2]
DHT11Lib_Init            0x800'3c09   0x14  Code  Gb  dht11_lib.o [1]
DHT11Lib_Read            0x800'3c1d    0xc  Code  Gb  dht11_lib.o [1]
DHT11Task_Init           0x800'3b25   0x14  Code  Gb  dht11_task.o [1]
DHT11Task_Read           0x800'3b39    0xc  Code  Gb  dht11_task.o [1]
DHT11_Check              0x800'42d9   0x68  Code  Gb  dht11_cfg.o [1]
DHT11_Device0_Init       0x800'4273   0x10  Code  Gb  dht11_cfg.o [1]
DHT11_GPIO_Init          0x800'41e3   0x4a  Code  Gb  dht11_cfg.o [1]
DHT11_Init               0x800'422d   0x46  Code  Gb  dht11_cfg.o [1]
DHT11_RESET              0x800'4295   0x44  Code  Gb  dht11_cfg.o [1]
DHT11_Read               0x800'43f7   0x86  Code  Gb  dht11_cfg.o [1]
DHT11_ReadBit            0x800'4353   0x7e  Code  Gb  dht11_cfg.o [1]
DHT11_ReadByte           0x800'43d1   0x26  Code  Gb  dht11_cfg.o [1]
DHT11_START              0x800'4341   0x12  Code  Gb  dht11_cfg.o [1]
DHT11_StructInit         0x800'41cd   0x16  Code  Gb  dht11_cfg.o [1]
DebugMon_Handler         0x800'4749    0x2  Code  Gb  stm32f4xx_it.o [1]
DelayLib_ms              0x800'3d3d    0xc  Code  Gb  delay_lib.o [1]
DelayNLib_us             0x800'3d49    0xc  Code  Gb  delay_lib.o [1]
DelayN_ms                0x800'44b5   0x24  Code  Gb  delay_cfg.o [1]
DelayN_us                0x800'449d   0x18  Code  Gb  delay_cfg.o [1]
DelayTask_ms             0x800'3bb3    0xc  Code  Gb  delay_task.o [1]
DelayTask_us             0x800'3ba7    0xc  Code  Gb  delay_task.o [1]
Delay_ms                 0x800'447d   0x20  Code  Gb  delay_cfg.o [1]
GPIOLib_Clock            0x800'2a19   0x12  Code  Gb  gpio_lib.o [1]
GPIOLib_Init             0x800'2a2b    0x8  Code  Gb  gpio_lib.o [1]
GPIOTask_Clock           0x800'2575   0x12  Code  Gb  gpio_task.o [1]
GPIOTask_Init            0x800'2587    0x8  Code  Gb  gpio_task.o [1]
GPIO_Clock               0x800'2bbb  0x11a  Code  Gb  gpio_cfg.o [1]
GPIO_Init                0x800'2cd5   0x54  Code  Gb  gpio_cfg.o [1]
HAL_IncTick              0x800'492d   0x18  Code  Wk  stm32f4xx_hal.o [1]
HardFault_Handler        0x800'473f    0x2  Code  Gb  stm32f4xx_it.o [1]
I2CLib_MSW_Init          0x800'33f1   0x10  Code  Gb  i2c_lib.o [1]
I2CLib_MSW_ReadACK       0x800'3445    0xc  Code  Gb  i2c_lib.o [1]
I2CLib_MSW_START         0x800'3401   0x38  Code  Gb  i2c_lib.o [1]
I2CLib_MSW_STOP          0x800'3439    0xc  Code  Gb  i2c_lib.o [1]
I2CLib_MSW_SendByte      0x800'3451   0x12  Code  Gb  i2c_lib.o [1]
I2CTask_MSW_Init         0x800'333d   0x10  Code  Gb  i2c_task.o [1]
I2CTask_MSW_ReadACK      0x800'336b    0xc  Code  Gb  i2c_task.o [1]
I2CTask_MSW_START        0x800'334d   0x12  Code  Gb  i2c_task.o [1]
I2CTask_MSW_STOP         0x800'335f    0xc  Code  Gb  i2c_task.o [1]
I2CTask_MSW_SendByte     0x800'3377   0x12  Code  Gb  i2c_task.o [1]
I2C_MSW_Init             0x800'3489   0x68  Code  Gb  i2c_cfg.o [1]
I2C_MSW_ReadACK          0x800'3589   0x40  Code  Gb  i2c_cfg.o [1]
I2C_MSW_START            0x800'34f1   0x50  Code  Gb  i2c_cfg.o [1]
I2C_MSW_STOP             0x800'3541   0x48  Code  Gb  i2c_cfg.o [1]
I2C_MSW_SendBit          0x800'35c9   0x48  Code  Gb  i2c_cfg.o [1]
I2C_MSW_SendByte         0x800'3611   0x2e  Code  Gb  i2c_cfg.o [1]
I2C_StructInit           0x800'347f    0xa  Code  Gb  i2c_cfg.o [1]
IWDG_Reset               0x800'251b   0x18  Code  Gb  iwdg_cfg.o [1]
LL_AHB1_GRP1_DisableClock
                         0x800'2b9b    0xa  Code  Lc  gpio_cfg.o [1]
LL_AHB1_GRP1_EnableClock
                         0x800'4069   0x16  Code  Lc  crc_cfg.o [1]
LL_AHB1_GRP1_EnableClock
                         0x800'2b85   0x16  Code  Lc  gpio_cfg.o [1]
LL_AHB1_GRP1_ForceReset
                         0x800'44dd    0xa  Code  Lc  stm32f4xx_ll_crc.o [1]
LL_AHB1_GRP1_ReleaseReset
                         0x800'44e7    0xa  Code  Lc  stm32f4xx_ll_crc.o [1]
LL_AHB2_GRP1_EnableClock
                         0x800'401d   0x16  Code  Lc  random_cfg.o [1]
LL_APB1_GRP1_DisableClock
                         0x800'1f69    0xc  Code  Lc  usart_cfg.o [1]
LL_APB1_GRP1_EnableClock
                         0x800'36df   0x18  Code  Lc  main.o [1]
LL_APB1_GRP1_EnableClock
                         0x800'1f51   0x18  Code  Lc  usart_cfg.o [1]
LL_APB1_GRP1_ForceReset
                         0x800'2885    0xa  Code  Lc  stm32f4xx_ll_usart.o [1]
LL_APB1_GRP1_ReleaseReset
                         0x800'288f    0xa  Code  Lc  stm32f4xx_ll_usart.o [1]
LL_APB2_GRP1_DisableClock
                         0x800'1f8d    0xc  Code  Lc  usart_cfg.o [1]
LL_APB2_GRP1_EnableClock
                         0x800'2ba5   0x16  Code  Lc  gpio_cfg.o [1]
LL_APB2_GRP1_EnableClock
                         0x800'1f75   0x18  Code  Lc  usart_cfg.o [1]
LL_APB2_GRP1_ForceReset
                         0x800'2899    0xa  Code  Lc  stm32f4xx_ll_usart.o [1]
LL_APB2_GRP1_ReleaseReset
                         0x800'28a3    0xa  Code  Lc  stm32f4xx_ll_usart.o [1]
LL_CRC_DeInit            0x800'44f1   0x28  Code  Gb  stm32f4xx_ll_crc.o [1]
LL_CRC_FeedData32        0x800'4085    0x4  Code  Lc  crc_cfg.o [1]
LL_CRC_ReadData32        0x800'4089    0x4  Code  Lc  crc_cfg.o [1]
LL_CRC_ResetCRCCalculationUnit
                         0x800'407f    0x6  Code  Lc  crc_cfg.o [1]
LL_FLASH_EnableDataCache
                         0x800'3865    0xc  Code  Lc  main.o [1]
LL_FLASH_EnableInstCache
                         0x800'3859    0xc  Code  Lc  main.o [1]
LL_FLASH_EnablePrefetch
                         0x800'384d    0xc  Code  Lc  main.o [1]
LL_FLASH_GetLatency      0x800'3843    0xa  Code  Lc  main.o [1]
LL_FLASH_SetLatency      0x800'3835    0xe  Code  Lc  main.o [1]
LL_GPIO_Init             0x800'26af   0x9e  Code  Gb  stm32f4xx_ll_gpio.o [1]
LL_GPIO_IsInputPinSet    0x800'41b1   0x12  Code  Lc  dht11_cfg.o [1]
LL_GPIO_IsInputPinSet    0x800'3463   0x12  Code  Lc  i2c_cfg.o [1]
LL_GPIO_ResetOutputPin   0x800'41c7    0x6  Code  Lc  dht11_cfg.o [1]
LL_GPIO_ResetOutputPin   0x800'3479    0x6  Code  Lc  i2c_cfg.o [1]
LL_GPIO_SetAFPin_0_7     0x800'263f   0x34  Code  Lc  stm32f4xx_ll_gpio.o [1]
LL_GPIO_SetAFPin_8_15    0x800'2673   0x3c  Code  Lc  stm32f4xx_ll_gpio.o [1]
LL_GPIO_SetOutputPin     0x800'41c3    0x4  Code  Lc  dht11_cfg.o [1]
LL_GPIO_SetOutputPin     0x800'3475    0x4  Code  Lc  i2c_cfg.o [1]
LL_GPIO_SetPinMode       0x800'2591   0x34  Code  Lc  stm32f4xx_ll_gpio.o [1]
LL_GPIO_SetPinMode       0x800'1f99   0x34  Code  Lc  usart_cfg.o [1]
LL_GPIO_SetPinOutputType
                         0x800'25c5   0x12  Code  Lc  stm32f4xx_ll_gpio.o [1]
LL_GPIO_SetPinPull       0x800'260b   0x34  Code  Lc  stm32f4xx_ll_gpio.o [1]
LL_GPIO_SetPinSpeed      0x800'25d7   0x34  Code  Lc  stm32f4xx_ll_gpio.o [1]
LL_IWDG_ReloadCounter    0x800'2511    0xa  Code  Lc  iwdg_cfg.o [1]
LL_InitTick              0x800'3de9   0x18  Code  Lc  systick_cfg.o [1]
LL_PWR_EnableBkUpAccess
                         0x800'3723    0xc  Code  Lc  main.o [1]
LL_PWR_SetRegulVoltageScaling
                         0x800'3715    0xe  Code  Lc  main.o [1]
LL_RCC_EnableRTC         0x800'37af    0xc  Code  Lc  main.o [1]
LL_RCC_ForceBackupDomainReset
                         0x800'37bb    0xc  Code  Lc  main.o [1]
LL_RCC_GetAHBPrescaler   0x800'2a3f    0xa  Code  Lc  stm32f4xx_ll_rcc.o [1]
LL_RCC_GetAPB1Prescaler
                         0x800'2a49    0xa  Code  Lc  stm32f4xx_ll_rcc.o [1]
LL_RCC_GetAPB2Prescaler
                         0x800'2a53    0xa  Code  Lc  stm32f4xx_ll_rcc.o [1]
LL_RCC_GetSysClkSource   0x800'376d    0xa  Code  Lc  main.o [1]
LL_RCC_GetSysClkSource   0x800'2a35    0xa  Code  Lc  stm32f4xx_ll_rcc.o [1]
LL_RCC_GetSystemClocksFreq
                         0x800'2a85   0x24  Code  Gb  stm32f4xx_ll_rcc.o [1]
LL_RCC_HSE_Enable        0x800'372f    0xc  Code  Lc  main.o [1]
LL_RCC_HSE_IsReady       0x800'373b    0xc  Code  Lc  main.o [1]
LL_RCC_LSI_Enable        0x800'3747    0xc  Code  Lc  main.o [1]
LL_RCC_LSI_IsReady       0x800'3753    0xc  Code  Lc  main.o [1]
LL_RCC_PLL_ConfigDomain_48M
                         0x800'381b   0x1a  Code  Lc  main.o [1]
LL_RCC_PLL_ConfigDomain_SYS
                         0x800'37f9   0x22  Code  Lc  main.o [1]
LL_RCC_PLL_Enable        0x800'37e1    0xc  Code  Lc  main.o [1]
LL_RCC_PLL_GetDivider    0x800'2a7b    0xa  Code  Lc  stm32f4xx_ll_rcc.o [1]
LL_RCC_PLL_GetMainSource
                         0x800'2a5d    0xa  Code  Lc  stm32f4xx_ll_rcc.o [1]
LL_RCC_PLL_GetN          0x800'2a67    0xa  Code  Lc  stm32f4xx_ll_rcc.o [1]
LL_RCC_PLL_GetP          0x800'2a71    0xa  Code  Lc  stm32f4xx_ll_rcc.o [1]
LL_RCC_PLL_IsReady       0x800'37ed    0xc  Code  Lc  main.o [1]
LL_RCC_ReleaseBackupDomainReset
                         0x800'37c7    0xc  Code  Lc  main.o [1]
LL_RCC_SetAHBPrescaler   0x800'3777    0xe  Code  Lc  main.o [1]
LL_RCC_SetAPB1Prescaler
                         0x800'3785    0xe  Code  Lc  main.o [1]
LL_RCC_SetAPB2Prescaler
                         0x800'3793    0xe  Code  Lc  main.o [1]
LL_RCC_SetRTCClockSource
                         0x800'37a1    0xe  Code  Lc  main.o [1]
LL_RCC_SetRTC_HSEPrescaler
                         0x800'37d3    0xe  Code  Lc  main.o [1]
LL_RCC_SetSysClkSource   0x800'375f    0xe  Code  Lc  main.o [1]
LL_RNG_Enable            0x800'4033    0xa  Code  Lc  random_cfg.o [1]
LL_RNG_IsActiveFlag_DRDY
                         0x800'403d    0x8  Code  Lc  random_cfg.o [1]
LL_SYSTICK_SetClkSource
                         0x800'36f7   0x1e  Code  Lc  main.o [1]
LL_SetSystemCoreClock    0x800'3ad1    0x6  Code  Gb  stm32f4xx_ll_utils.o [1]
LL_USART_ClearFlag_RXNE
                         0x800'472b    0x8  Code  Lc  stm32f4xx_it.o [1]
LL_USART_ClearFlag_TC    0x800'1ffd    0x8  Code  Lc  usart_cfg.o [1]
LL_USART_ConfigAsyncMode
                         0x800'1fd7   0x12  Code  Lc  usart_cfg.o [1]
LL_USART_DeInit          0x800'28ad   0x98  Code  Gb  stm32f4xx_ll_usart.o [1]
LL_USART_Enable          0x800'1fcd    0xa  Code  Lc  usart_cfg.o [1]
LL_USART_EnableIT_RXNE   0x800'2005    0xa  Code  Lc  usart_cfg.o [1]
LL_USART_Init            0x800'2945   0xac  Code  Gb  stm32f4xx_ll_usart.o [1]
LL_USART_IsActiveFlag_RXNE
                         0x800'4721    0xa  Code  Lc  stm32f4xx_it.o [1]
LL_USART_IsActiveFlag_TC
                         0x800'1fe9    0xa  Code  Lc  usart_cfg.o [1]
LL_USART_IsActiveFlag_TXE
                         0x800'1ff3    0xa  Code  Lc  usart_cfg.o [1]
LL_USART_IsEnabled       0x800'274d    0xa  Code  Lc  stm32f4xx_ll_usart.o [1]
LL_USART_IsEnabledIT_RXNE
                         0x800'4733    0xa  Code  Lc  stm32f4xx_it.o [1]
LL_USART_IsEnabledIT_TC
                         0x800'200f    0xa  Code  Lc  usart_cfg.o [1]
LL_USART_IsEnabledIT_TXE
                         0x800'2019    0xa  Code  Lc  usart_cfg.o [1]
LL_USART_ReceiveData8    0x800'2023    0x6  Code  Lc  usart_cfg.o [1]
LL_USART_SetBaudRate     0x800'276f  0x116  Code  Lc  stm32f4xx_ll_usart.o [1]
LL_USART_SetHWFlowCtrl   0x800'2763    0xc  Code  Lc  stm32f4xx_ll_usart.o [1]
LL_USART_SetStopBitsLength
                         0x800'2757    0xc  Code  Lc  stm32f4xx_ll_usart.o [1]
LL_USART_TransmitData8   0x800'2029    0x8  Code  Lc  usart_cfg.o [1]
LoadInt                  0x800'034b   0x7a  Code  Lc  xprintffull.o [2]
MemManage_Handler        0x800'4741    0x2  Code  Gb  stm32f4xx_it.o [1]
NMI_Handler              0x800'473d    0x2  Code  Gb  stm32f4xx_it.o [1]
NVIC_EnableIRQ           0x800'1ec9   0x18  Code  Lc  usart_cfg.o [1]
NVIC_EncodePriority      0x800'369f   0x40  Code  Lc  main.o [1]
NVIC_EncodePriority      0x800'3da9   0x40  Code  Lc  systick_cfg.o [1]
NVIC_EncodePriority      0x800'1f11   0x40  Code  Lc  usart_cfg.o [1]
NVIC_GetPriorityGrouping
                         0x800'3663    0xc  Code  Lc  main.o [1]
NVIC_GetPriorityGrouping
                         0x800'3d73    0xa  Code  Lc  systick_cfg.o [1]
NVIC_GetPriorityGrouping
                         0x800'1ebd    0xc  Code  Lc  usart_cfg.o [1]
NVIC_Init                0x800'3931   0x96  Code  Gb  main.o [1]
NVIC_SetPriority         0x800'366f   0x30  Code  Lc  main.o [1]
NVIC_SetPriority         0x800'3d7d   0x2c  Code  Lc  systick_cfg.o [1]
NVIC_SetPriority         0x800'1ee1   0x30  Code  Lc  usart_cfg.o [1]
NVIC_SetPriorityGrouping
                         0x800'3641   0x22  Code  Lc  main.o [1]
NVIC_SetPriorityGrouping
                         0x800'3d55   0x1e  Code  Lc  systick_cfg.o [1]
PendSV_Handler           0x800'474b    0x2  Code  Gb  stm32f4xx_it.o [1]
RCC_GetHCLKClockFreq     0x800'2ad3   0x16  Code  Gb  stm32f4xx_ll_rcc.o [1]
RCC_GetPCLK1ClockFreq    0x800'2ae9   0x14  Code  Gb  stm32f4xx_ll_rcc.o [1]
RCC_GetPCLK2ClockFreq    0x800'2afd   0x14  Code  Gb  stm32f4xx_ll_rcc.o [1]
RCC_GetSystemClockFreq   0x800'2aa9   0x2a  Code  Gb  stm32f4xx_ll_rcc.o [1]
RCC_PLL_GetFreqDomain_SYS
                         0x800'2b11   0x5a  Code  Gb  stm32f4xx_ll_rcc.o [1]
RandomLib_Init           0x800'3bf7    0x8  Code  Gb  random_lib.o [1]
RandomTask_Init          0x800'3b15    0x8  Code  Gb  random_task.o [1]
Random_Init              0x800'4045   0x1c  Code  Gb  random_cfg.o [1]
Region$$Table$$Base      0x800'48bc          --   Gb  - Linker created -
Region$$Table$$Limit     0x800'48e0          --   Gb  - Linker created -
SVC_Handler              0x800'4747    0x2  Code  Gb  stm32f4xx_it.o [1]
SysTickLib_1msTick       0x800'3bef    0x8  Code  Gb  systick_lib.o [1]
SysTickLib_GetTick       0x800'3bd3    0x8  Code  Gb  systick_lib.o [1]
SysTickLib_IRQDecTick    0x800'3bc7    0xc  Code  Gb  systick_lib.o [1]
SysTickLib_IRQTask       0x800'3bdb    0x8  Code  Gb  systick_lib.o [1]
SysTickLib_Init          0x800'3bbf    0x8  Code  Gb  systick_lib.o [1]
SysTickLib_WaitTick      0x800'3be3    0xc  Code  Gb  systick_lib.o [1]
SysTickTask_1msTick      0x800'3b0d    0x8  Code  Gb  systick_task.o [1]
SysTickTask_GetTick      0x800'3af1    0x8  Code  Gb  systick_task.o [1]
SysTickTask_IRQDecTick   0x800'3ae5    0xc  Code  Gb  systick_task.o [1]
SysTickTask_IRQTask      0x800'3af9    0x8  Code  Gb  systick_task.o [1]
SysTickTask_Init         0x800'3add    0x8  Code  Gb  systick_task.o [1]
SysTickTask_WaitTick     0x800'3b01    0xc  Code  Gb  systick_task.o [1]
SysTick_1msTick          0x800'3fa5   0x42  Code  Gb  systick_cfg.o [1]
SysTick_GetTick          0x800'3eb3   0x12  Code  Gb  systick_cfg.o [1]
SysTick_Handler          0x800'474d    0x8  Code  Gb  stm32f4xx_it.o [1]
SysTick_IRQDecTick       0x800'3e89   0x2a  Code  Gb  systick_cfg.o [1]
SysTick_IRQTask          0x800'3ec5   0x80  Code  Gb  systick_cfg.o [1]
SysTick_Init             0x800'3e3f   0x4a  Code  Gb  systick_cfg.o [1]
SysTick_Resume           0x800'3e0f    0xe  Code  Gb  systick_cfg.o [1]
SysTick_StructInit       0x800'3e1d   0x22  Code  Gb  systick_cfg.o [1]
SysTick_Suspend          0x800'3e01    0xe  Code  Gb  systick_cfg.o [1]
SysTick_WaitTick         0x800'3f45   0x60  Code  Gb  systick_cfg.o [1]
Sys_Init                 0x800'39c7   0x6e  Code  Gb  main.o [1]
SystemClock_Config       0x800'3871   0xc0  Code  Gb  main.o [1]
SystemCoreClock         0x2000'00a0    0x4  Data  Gb  system_stm32f4xx.o [1]
SystemInit               0x800'47a1   0x40  Code  Gb  system_stm32f4xx.o [1]
USART1_IRQHandler        0x800'4755   0x44  Code  Gb  stm32f4xx_it.o [1]
USART1_Init              0x800'2405   0xc8  Code  Gb  usart_cfg.o [1]
USARTLib_Init            0x800'3c29   0x44  Code  Gb  usart_lib.o [1]
USARTLib_Rece8BitsCount_Task
                         0x800'3c85   0xb2  Code  Gb  usart_lib.o [1]
USARTLib_Rece8BitsCount_Task::tempVal
                        0x2000'05b0    0x1  Data  Lc  usart_lib.o [1]
USARTLib_ReceiveData8Bits
                         0x800'3c6d    0xc  Code  Gb  usart_lib.o [1]
USARTLib_TimeTick_Init   0x800'3c79    0xc  Code  Gb  usart_lib.o [1]
USARTTask_Init           0x800'3b45   0x44  Code  Gb  usart_task.o [1]
USARTTask_Rece8BitsCount_Task
                         0x800'3b95   0x12  Code  Gb  usart_task.o [1]
USARTTask_ReceiveData8Bits
                         0x800'3b89    0xc  Code  Gb  usart_task.o [1]
USART_ClearFlag_TC       0x800'2199   0x1c  Code  Gb  usart_cfg.o [1]
USART_Clock              0x800'232b   0xda  Code  Gb  usart_cfg.o [1]
USART_GPIOInit           0x800'21b5   0x36  Code  Gb  usart_cfg.o [1]
USART_Init               0x800'20c9   0x68  Code  Gb  usart_cfg.o [1]
USART_IsActiveFlag_TC    0x800'217f   0x1a  Code  Gb  usart_cfg.o [1]
USART_IsActiveFlag_TXE   0x800'214b   0x1a  Code  Gb  usart_cfg.o [1]
USART_IsEnabledIT_TC     0x800'2165   0x1a  Code  Gb  usart_cfg.o [1]
USART_IsEnabledIT_TXE    0x800'2131   0x1a  Code  Gb  usart_cfg.o [1]
USART_Printf             0x800'2281   0xaa  Code  Gb  usart_cfg.o [1]
USART_ReceiveData8Bits   0x800'220d   0x1a  Code  Gb  usart_cfg.o [1]
USART_SendByte           0x800'2253   0x2e  Code  Gb  usart_cfg.o [1]
USART_StructInit         0x800'2031   0x98  Code  Gb  usart_cfg.o [1]
USART_TimeTick_Init      0x800'2227   0x2c  Code  Gb  usart_cfg.o [1]
USART_TransmitData8Bits
                         0x800'21eb   0x22  Code  Gb  usart_cfg.o [1]
UsageFault_Handler       0x800'4745    0x2  Code  Gb  stm32f4xx_it.o [1]
WM8510_Calc_PllRate      0x800'2ef5  0x2d6  Code  Gb  wm8510_cfg.o [1]
WM8510_Device0_Init      0x800'2dd9   0x36  Code  Gb  wm8510_cfg.o [1]
WM8510_Init              0x800'2e0f   0x4e  Code  Gb  wm8510_cfg.o [1]
WM8510_SWI2C_WriteReg    0x800'2e5d   0x74  Code  Gb  wm8510_cfg.o [1]
WM8510_SendCMD           0x800'2ed1   0x20  Code  Gb  wm8510_cfg.o [1]
WM8510_SetFreqHz         0x800'31cb  0x118  Code  Gb  wm8510_cfg.o [1]
WM8510_StructInit        0x800'2d55   0x84  Code  Gb  wm8510_cfg.o [1]
_Encoding_8859_1_Mbrlen
                         0x800'11dd    0x2  Code  Gb  xencoding_8859_1.o [2]
_Encoding_8859_1_Wctomb
                         0x800'11cb   0x12  Code  Gb  xencoding_8859_1.o [2]
_Error_Handler           0x800'3acd    0x2  Code  Gb  stm32_cfg.o [1]
_GenldFull               0x800'0ddd  0x274  Code  Lc  xprintffull.o [2]
_LdtobFull               0x800'09b1  0x400  Code  Lc  xprintffull.o [2]
_LitobFull               0x800'0859  0x112  Code  Lc  xprintffull.o [2]
_Locale_lconv           0x2000'0048   0x38  Data  Lc  xlocale_c.o [2]
_PrintfFull              0x800'0189  0x1aa  Code  Gb  xprintffull.o [2]
_PutcharsFull            0x800'1051   0x2e  Code  Lc  xprintffull.o [2]
_PutfldFull              0x800'03c5  0x2d8  Code  Lc  xprintffull.o [2]
_PutstrFull              0x800'0793   0xc6  Code  Lc  xprintffull.o [2]
_PuttxtFull              0x800'069d   0xf6  Code  Lc  xprintffull.o [2]
_SNProut                 0x800'125f   0x1a  Code  Gb  xsnprout.o [2]
__aeabi_cdcmple          0x800'17c9         Code  Gb  DblCmpLe.o [3]
__aeabi_cdrcmple         0x800'17f9         Code  Gb  DblCmpGe.o [3]
__aeabi_d2iz             0x800'1965         Code  Gb  DblToS32.o [3]
__aeabi_d2uiz            0x800'1cf1         Code  Gb  DblToU32.o [3]
__aeabi_ddiv             0x800'1aa9         Code  Gb  DblDiv.o [3]
__aeabi_dmul             0x800'15b5         Code  Gb  DblMul.o [3]
__aeabi_dsub             0x800'19c5         Code  Gb  DblSub.o [3]
__aeabi_i2d              0x800'19a1         Code  Gb  S32ToDbl.o [3]
__aeabi_ldiv0            0x800'1d39         Code  Gb  I64DivZer.o [4]
__aeabi_memcpy           0x800'12dd         Code  Gb  ABImemcpy.o [4]
__aeabi_memcpy4          0x800'12fd         Code  Gb  ABImemcpy.o [4]
__aeabi_memcpy8          0x800'12fd         Code  Gb  ABImemcpy.o [4]
__aeabi_ui2d             0x800'1d19         Code  Gb  U32ToDbl.o [3]
__aeabi_uldivmod         0x800'1385         Code  Gb  I64DivMod.o [4]
__cmain                  0x800'48e1         Code  Gb  cmain.o [4]
__exit                   0x800'1ea9   0x14  Code  Gb  exit.o [5]
__iar_Fail_s             0x800'11e9   0x1c  Code  Gb  xfail_s.o [2]
__iar_Mbcurmax           0x800'12d1    0xa  Code  Gb  xmbcurmax.o [2]
__iar_Memchr             0x800'1279         Code  Gb  memchr.o [4]
__iar_Strchr             0x800'11b5         Code  Gb  strchr.o [4]
__iar_copy_init3         0x800'4845   0x2c  Code  Gb  copy_init3.o [4]
__iar_dadd               0x800'19d5         Code  Gb  DblSub.o [3]
__iar_data_init3         0x800'4871   0x28  Code  Gb  data_init.o [4]
__iar_dsub               0x800'1d3d         Code  Gb  DblAdd.o [3]
__iar_dsubStart          0x800'1d4f         Code  Gb  DblAdd.o [3]
__iar_frexp              0x800'1765         Code  Gb  frexp.o [3]
__iar_frexpl             0x800'1765         Code  Gb  frexp.o [3]
__iar_globLocale        0x2000'0000   0x48  Data  Lc  xlocale_c.o [2]
__iar_global_Locale      0x800'113d    0x4  Code  Gb  xlocale_c.o [2]
__iar_init_vfp           0x800'4899         Code  Gb  fpinit_M.o [3]
__iar_ldexp64            0x800'1829         Code  Gb  ldexp.o [3]
__iar_program_start      0x800'4965         Code  Gb  cstartup_M.o [4]
__iar_scalbln64          0x800'1829         Code  Gb  ldexp.o [3]
__iar_scalbn64           0x800'1829         Code  Gb  ldexp.o [3]
__iar_softfp___iar_frexp64
                         0x800'1759         Code  Gb  frexp.o [3]
__iar_softfp_frexp       0x800'1759         Code  Gb  frexp.o [3]
__iar_softfp_frexpl      0x800'1759         Code  Gb  frexp.o [3]
__iar_zero_init3         0x800'1103   0x3a  Code  Gb  zero_init3.o [4]
__low_level_init         0x800'48ff    0x4  Code  Gb  low_level_init.o [2]
__vector_table           0x800'0000         Data  Gb  startup_stm32f407xx.o [1]
_call_main               0x800'48ed         Code  Gb  cmain.o [4]
_exit                    0x800'4909         Code  Gb  cexit.o [4]
_gLocale_mblen           0x800'11a1    0x4  Code  Gb  xlocale_c.o [2]
_gLocale_mblenInt        0x800'1165   0x2c  Code  Gb  xlocale_c.o [2]
_gLocale_wctomb          0x800'11a5    0x4  Code  Gb  xlocale_c.o [2]
_gLocale_wctombInt       0x800'119d    0x4  Code  Gb  xlocale_c.o [2]
_irq_disable             0x800'3ac5    0x4  Code  Gb  stm32_cfg.o [1]
_irq_enable              0x800'3ac9    0x4  Code  Gb  stm32_cfg.o [1]
_main                    0x800'48fb         Code  Gb  cmain.o [4]
abort                    0x800'1d33    0x6  Code  Gb  abort.o [2]
crc16Table               0x800'4520  0x200  Data  Gb  crc_cfg.o [1]
crcTemp1                0x2000'0080   0x10  Data  Gb  main.o [1]
crcTemp2                0x2000'0598   0x10  Data  Gb  main.o [1]
exit                     0x800'4903    0x4  Code  Gb  exit.o [2]
g_CRC                   0x2000'0588   0x10  Data  Gb  crc_cfg.o [1]
g_DHT11Device0          0x2000'0570   0x18  Data  Gb  dht11_cfg.o [1]
g_IWDG                  0x2000'0098    0x4  Data  Gb  iwdg_cfg.o [1]
g_SysTick               0x2000'0554   0x1c  Data  Gb  systick_cfg.o [1]
g_USART1                0x2000'04b4   0x54  Data  Gb  usart_cfg.o [1]
g_WM8510Device0         0x2000'0508   0x4c  Data  Gb  wm8510_cfg.o [1]
ldexp                    0x800'1829         Code  Gb  ldexp.o [3]
ldexpl                   0x800'1829         Code  Gb  ldexp.o [3]
localeconv               0x800'11a9    0x4  Code  Gb  xlocale_c.o [2]
main                     0x800'3a35   0x20  Code  Gb  main.o [1]
memchr                   0x800'1279         Code  Gb  memchr.o [4]
memcmp                   0x800'3389         Code  Gb  memcmp.o [4]
pCRC                    0x2000'0090    0x4  Data  Gb  crc_cfg.o [1]
pDHT11Device0           0x2000'0094    0x4  Data  Gb  dht11_cfg.o [1]
pIWDG                   0x2000'009c    0x4  Data  Gb  iwdg_cfg.o [1]
pSysTick                0x2000'00a4    0x4  Data  Gb  systick_cfg.o [1]
pUSART1                 0x2000'00a8    0x4  Data  Gb  usart_cfg.o [1]
pWM8510Device0          0x2000'00ac    0x4  Data  Gb  wm8510_cfg.o [1]
printfBuffer            0x2000'00b4  0x400  Data  Gb  usart_cfg.o [1]
scalbln                  0x800'1829         Code  Gb  ldexp.o [3]
scalblnl                 0x800'1829         Code  Gb  ldexp.o [3]
scalbn                   0x800'1829         Code  Gb  ldexp.o [3]
scalbnl                  0x800'1829         Code  Gb  ldexp.o [3]
scale                    0x800'096b   0x46  Code  Lc  xprintffull.o [2]
sec_hand                0x2000'05ac    0x4  Data  Lc  xfail_s.o [2]
strchr                   0x800'11b5         Code  Gb  strchr.o [4]
strlen                   0x800'1229         Code  Gb  strlen.o [4]
uwTick                  0x2000'05a8    0x4  Data  Gb  stm32f4xx_hal.o [1]
uwTickFreq              0x2000'00b0    0x1  Data  Gb  stm32f4xx_hal.o [1]
vsnprintf                0x800'2539   0x3c  Code  Gb  vsnprint.o [2]


[1] = J:\STM32_MCU\STM32F407\STM32F407xxProject\EWARM\STM32F407xxxProject\Obj
[2] = dl7M_tlf.a
[3] = m7M_tls.a
[4] = rt7M_tl.a
[5] = shb_l.a

  18 460 bytes of readonly  code memory
     856 bytes of readonly  data memory
   9 646 bytes of readwrite data memory

Errors: none
Warnings: none
