Component: ARM Compiler 5.06 update 6 (build 750) Tool: armlink [4d35ed]

==============================================================================

Section Cross References

    stm32f4xx_hal.o(i.HAL_DeInit) refers to stm32f4xx_hal.o(i.HAL_MspDeInit) for HAL_MspDeInit
    stm32f4xx_hal.o(i.HAL_Delay) refers to stm32f4xx_hal.o(i.HAL_GetTick) for HAL_GetTick
    stm32f4xx_hal.o(i.HAL_Delay) refers to stm32f4xx_hal.o(.data) for uwTickFreq
    stm32f4xx_hal.o(i.HAL_GetTick) refers to stm32f4xx_hal.o(.data) for uwTick
    stm32f4xx_hal.o(i.HAL_GetTickFreq) refers to stm32f4xx_hal.o(.data) for uwTickFreq
    stm32f4xx_hal.o(i.HAL_GetTickPrio) refers to stm32f4xx_hal.o(.data) for uwTickPrio
    stm32f4xx_hal.o(i.HAL_IncTick) refers to stm32f4xx_hal.o(.data) for uwTick
    stm32f4xx_hal.o(i.HAL_Init) refers to stm32f4xx_hal_cortex.o(i.HAL_NVIC_SetPriorityGrouping) for HAL_NVIC_SetPriorityGrouping
    stm32f4xx_hal.o(i.HAL_Init) refers to stm32f4xx_hal.o(i.HAL_InitTick) for HAL_InitTick
    stm32f4xx_hal.o(i.HAL_Init) refers to stm32f4xx_hal.o(i.HAL_MspInit) for HAL_MspInit
    stm32f4xx_hal.o(i.HAL_InitTick) refers to stm32f4xx_hal_cortex.o(i.HAL_SYSTICK_Config) for HAL_SYSTICK_Config
    stm32f4xx_hal.o(i.HAL_InitTick) refers to stm32f4xx_hal_cortex.o(i.HAL_NVIC_SetPriority) for HAL_NVIC_SetPriority
    stm32f4xx_hal.o(i.HAL_InitTick) refers to stm32f4xx_hal.o(.data) for uwTickFreq
    stm32f4xx_hal.o(i.HAL_InitTick) refers to system_stm32f4xx.o(.data) for SystemCoreClock
    stm32f4xx_hal.o(i.HAL_SetTickFreq) refers to stm32f4xx_hal.o(i.HAL_InitTick) for HAL_InitTick
    stm32f4xx_hal.o(i.HAL_SetTickFreq) refers to stm32f4xx_hal.o(.data) for uwTickFreq
    stm32f4xx_hal_cortex.o(i.HAL_NVIC_GetPriorityGrouping) refers to stm32f4xx_hal_cortex.o(i.NVIC_GetPriorityGrouping) for NVIC_GetPriorityGrouping
    stm32f4xx_hal_cortex.o(i.HAL_NVIC_SetPriority) refers to stm32f4xx_hal_cortex.o(i.NVIC_GetPriorityGrouping) for NVIC_GetPriorityGrouping
    stm32f4xx_hal_cortex.o(i.HAL_NVIC_SetPriority) refers to stm32f4xx_hal_cortex.o(i.NVIC_SetPriority) for NVIC_SetPriority
    stm32f4xx_hal_cortex.o(i.HAL_SYSTICK_Config) refers to stm32f4xx_hal_cortex.o(i.NVIC_SetPriority) for NVIC_SetPriority
    stm32f4xx_hal_cortex.o(i.HAL_SYSTICK_IRQHandler) refers to stm32f4xx_hal_cortex.o(i.HAL_SYSTICK_Callback) for HAL_SYSTICK_Callback
    stm32f4xx_hal_gpio.o(i.HAL_GPIO_EXTI_IRQHandler) refers to stm32f4xx_hal_gpio.o(i.HAL_GPIO_EXTI_Callback) for HAL_GPIO_EXTI_Callback
    stm32f4xx_hal_rcc.o(i.HAL_RCC_ClockConfig) refers to stm32f4xx_hal.o(i.HAL_GetTick) for HAL_GetTick
    stm32f4xx_hal_rcc.o(i.HAL_RCC_ClockConfig) refers to stm32f4xx_hal_rcc.o(i.HAL_RCC_GetSysClockFreq) for HAL_RCC_GetSysClockFreq
    stm32f4xx_hal_rcc.o(i.HAL_RCC_ClockConfig) refers to stm32f4xx_hal.o(i.HAL_InitTick) for HAL_InitTick
    stm32f4xx_hal_rcc.o(i.HAL_RCC_ClockConfig) refers to system_stm32f4xx.o(.constdata) for AHBPrescTable
    stm32f4xx_hal_rcc.o(i.HAL_RCC_ClockConfig) refers to system_stm32f4xx.o(.data) for SystemCoreClock
    stm32f4xx_hal_rcc.o(i.HAL_RCC_GetHCLKFreq) refers to system_stm32f4xx.o(.data) for SystemCoreClock
    stm32f4xx_hal_rcc.o(i.HAL_RCC_GetPCLK1Freq) refers to stm32f4xx_hal_rcc.o(i.HAL_RCC_GetHCLKFreq) for HAL_RCC_GetHCLKFreq
    stm32f4xx_hal_rcc.o(i.HAL_RCC_GetPCLK1Freq) refers to system_stm32f4xx.o(.constdata) for APBPrescTable
    stm32f4xx_hal_rcc.o(i.HAL_RCC_GetPCLK2Freq) refers to stm32f4xx_hal_rcc.o(i.HAL_RCC_GetHCLKFreq) for HAL_RCC_GetHCLKFreq
    stm32f4xx_hal_rcc.o(i.HAL_RCC_GetPCLK2Freq) refers to system_stm32f4xx.o(.constdata) for APBPrescTable
    stm32f4xx_hal_rcc.o(i.HAL_RCC_GetSysClockFreq) refers to uldiv.o(.text) for __aeabi_uldivmod
    stm32f4xx_hal_rcc.o(i.HAL_RCC_MCOConfig) refers to stm32f4xx_hal_gpio.o(i.HAL_GPIO_Init) for HAL_GPIO_Init
    stm32f4xx_hal_rcc.o(i.HAL_RCC_NMI_IRQHandler) refers to stm32f4xx_hal_rcc.o(i.HAL_RCC_CSSCallback) for HAL_RCC_CSSCallback
    stm32f4xx_hal_rcc.o(i.HAL_RCC_OscConfig) refers to stm32f4xx_hal.o(i.HAL_GetTick) for HAL_GetTick
    stm32f4xx_ll_adc.o(i.LL_ADC_CommonInit) refers to stm32f4xx_ll_adc.o(i.LL_ADC_IsEnabled) for LL_ADC_IsEnabled
    stm32f4xx_ll_adc.o(i.LL_ADC_DeInit) refers to stm32f4xx_ll_adc.o(i.LL_ADC_IsEnabled) for LL_ADC_IsEnabled
    stm32f4xx_ll_adc.o(i.LL_ADC_INJ_Init) refers to stm32f4xx_ll_adc.o(i.LL_ADC_IsEnabled) for LL_ADC_IsEnabled
    stm32f4xx_ll_adc.o(i.LL_ADC_Init) refers to stm32f4xx_ll_adc.o(i.LL_ADC_IsEnabled) for LL_ADC_IsEnabled
    stm32f4xx_ll_adc.o(i.LL_ADC_REG_Init) refers to stm32f4xx_ll_adc.o(i.LL_ADC_IsEnabled) for LL_ADC_IsEnabled
    stm32f4xx_ll_exti.o(i.LL_EXTI_Init) refers to stm32f4xx_ll_exti.o(i.LL_EXTI_DisableEvent_0_31) for LL_EXTI_DisableEvent_0_31
    stm32f4xx_ll_exti.o(i.LL_EXTI_Init) refers to stm32f4xx_ll_exti.o(i.LL_EXTI_EnableIT_0_31) for LL_EXTI_EnableIT_0_31
    stm32f4xx_ll_exti.o(i.LL_EXTI_Init) refers to stm32f4xx_ll_exti.o(i.LL_EXTI_DisableIT_0_31) for LL_EXTI_DisableIT_0_31
[...]
    Removing stm32f4xx_hal_gpio.o(i.HAL_GPIO_ReadPin), (16 bytes).
    Removing stm32f4xx_hal_gpio.o(i.HAL_GPIO_TogglePin), (8 bytes).
    Removing stm32f4xx_hal_gpio.o(i.HAL_GPIO_WritePin), (12 bytes).
    Removing stm32f4xx_hal_gpio.o(.constdata), (35 bytes).
    Removing stm32f4xx_hal_rcc.o(.rev16_text), (4 bytes).
    Removing stm32f4xx_hal_rcc.o(.revsh_text), (4 bytes).
    Removing stm32f4xx_hal_rcc.o(.rrx_text), (6 bytes).
    Removing stm32f4xx_hal_rcc.o(i.HAL_RCC_CSSCallback), (2 bytes).
    Removing stm32f4xx_hal_rcc.o(i.HAL_RCC_ClockConfig), (384 bytes).
    Removing stm32f4xx_hal_rcc.o(i.HAL_RCC_DeInit), (4 bytes).
    Removing stm32f4xx_hal_rcc.o(i.HAL_RCC_DisableCSS), (12 bytes).
    Removing stm32f4xx_hal_rcc.o(i.HAL_RCC_EnableCSS), (12 bytes).
    Removing stm32f4xx_hal_rcc.o(i.HAL_RCC_GetClockConfig), (68 bytes).
    Removing stm32f4xx_hal_rcc.o(i.HAL_RCC_GetHCLKFreq), (12 bytes).
    Removing stm32f4xx_hal_rcc.o(i.HAL_RCC_GetOscConfig), (244 bytes).
    Removing stm32f4xx_hal_rcc.o(i.HAL_RCC_GetPCLK1Freq), (32 bytes).
    Removing stm32f4xx_hal_rcc.o(i.HAL_RCC_GetPCLK2Freq), (32 bytes).
    Removing stm32f4xx_hal_rcc.o(i.HAL_RCC_GetSysClockFreq), (176 bytes).
    Removing stm32f4xx_hal_rcc.o(i.HAL_RCC_MCOConfig), (192 bytes).
    Removing stm32f4xx_hal_rcc.o(i.HAL_RCC_NMI_IRQHandler), (32 bytes).
    Removing stm32f4xx_hal_rcc.o(i.HAL_RCC_OscConfig), (1096 bytes).
    Removing stm32f4xx_hal_rcc.o(.constdata), (35 bytes).
    Removing stm32f4xx_ll_adc.o(.rev16_text), (4 bytes).
    Removing stm32f4xx_ll_adc.o(.revsh_text), (4 bytes).
    Removing stm32f4xx_ll_adc.o(.rrx_text), (6 bytes).
    Removing stm32f4xx_ll_adc.o(i.LL_ADC_CommonDeInit), (40 bytes).
    Removing stm32f4xx_ll_adc.o(i.LL_ADC_CommonInit), (112 bytes).
    Removing stm32f4xx_ll_adc.o(i.LL_ADC_CommonStructInit), (12 bytes).
    Removing stm32f4xx_ll_adc.o(i.LL_ADC_DeInit), (212 bytes).
    Removing stm32f4xx_ll_adc.o(i.LL_ADC_INJ_Init), (94 bytes).
    Removing stm32f4xx_ll_adc.o(i.LL_ADC_INJ_StructInit), (12 bytes).
    Removing stm32f4xx_ll_adc.o(i.LL_ADC_Init), (56 bytes).
    Removing stm32f4xx_ll_adc.o(i.LL_ADC_IsEnabled), (10 bytes).
    Removing stm32f4xx_ll_adc.o(i.LL_ADC_REG_Init), (108 bytes).
    Removing stm32f4xx_ll_adc.o(i.LL_ADC_REG_StructInit), (14 bytes).
    Removing stm32f4xx_ll_adc.o(i.LL_ADC_StructInit), (14 bytes).
    Removing stm32f4xx_ll_adc.o(.constdata), (35 bytes).
    Removing stm32f4xx_ll_crc.o(.rev16_text), (4 bytes).
    Removing stm32f4xx_ll_crc.o(.revsh_text), (4 bytes).
    Removing stm32f4xx_ll_crc.o(.rrx_text), (6 bytes).
    Removing stm32f4xx_ll_crc.o(i.LL_CRC_DeInit), (56 bytes).
    Removing stm32f4xx_ll_crc.o(.constdata), (35 bytes).
    Removing stm32f4xx_ll_exti.o(.rev16_text), (4 bytes).
    Removing stm32f4xx_ll_exti.o(.revsh_text), (4 bytes).
    Removing stm32f4xx_ll_exti.o(.rrx_text), (6 bytes).
    Removing stm32f4xx_ll_exti.o(i.LL_EXTI_DeInit), (40 bytes).
    Removing stm32f4xx_ll_exti.o(i.LL_EXTI_DisableEvent_0_31), (16 bytes).
    Removing stm32f4xx_ll_exti.o(i.LL_EXTI_DisableIT_0_31), (16 bytes).
    Removing stm32f4xx_ll_exti.o(i.LL_EXTI_EnableEvent_0_31), (16 bytes).
    Removing stm32f4xx_ll_exti.o(i.LL_EXTI_EnableFallingTrig_0_31), (16 bytes).
    Removing stm32f4xx_ll_exti.o(i.LL_EXTI_EnableIT_0_31), (16 bytes).
    Removing stm32f4xx_ll_exti.o(i.LL_EXTI_EnableRisingTrig_0_31), (16 bytes).
    Removing stm32f4xx_ll_exti.o(i.LL_EXTI_Init), (188 bytes).
    Removing stm32f4xx_ll_exti.o(i.LL_EXTI_StructInit), (14 bytes).
    Removing stm32f4xx_ll_exti.o(.constdata), (35 bytes).
    Removing stm32f4xx_ll_gpio.o(.rev16_text), (4 bytes).
    Removing stm32f4xx_ll_gpio.o(.revsh_text), (4 bytes).
    Removing stm32f4xx_ll_gpio.o(.rrx_text), (6 bytes).
    Removing stm32f4xx_ll_gpio.o(i.LL_AHB1_GRP1_ForceReset), (16 bytes).
    Removing stm32f4xx_ll_gpio.o(i.LL_AHB1_GRP1_ReleaseReset), (16 bytes).
    Removing stm32f4xx_ll_gpio.o(i.LL_GPIO_DeInit), (228 bytes).
    Removing stm32f4xx_ll_gpio.o(i.LL_GPIO_StructInit), (22 bytes).
    Removing stm32f4xx_ll_gpio.o(.constdata), (35 bytes).
    Removing stm32f4xx_ll_rcc.o(.rev16_text), (4 bytes).
    Removing stm32f4xx_ll_rcc.o(.revsh_text), (4 bytes).
    Removing stm32f4xx_ll_rcc.o(.rrx_text), (6 bytes).
    Removing stm32f4xx_ll_rcc.o(i.LL_RCC_DeInit), (196 bytes).
    Removing stm32f4xx_ll_rcc.o(i.LL_RCC_GetI2SClockFreq), (72 bytes).
    Removing stm32f4xx_ll_rcc.o(i.LL_RCC_GetRNGClockFreq), (22 bytes).
    Removing stm32f4xx_ll_rcc.o(i.LL_RCC_GetSDIOClockFreq), (28 bytes).
    Removing stm32f4xx_ll_rcc.o(i.LL_RCC_GetSystemClocksFreq), (36 bytes).
    Removing stm32f4xx_ll_rcc.o(i.LL_RCC_GetUSBClockFreq), (22 bytes).
    Removing stm32f4xx_ll_rcc.o(i.LL_RCC_PLL_GetN), (16 bytes).
    Removing stm32f4xx_ll_rcc.o(i.LL_RCC_PLL_IsReady), (16 bytes).
    Removing stm32f4xx_ll_rcc.o(i.RCC_GetHCLKClockFreq), (32 bytes).
    Removing stm32f4xx_ll_rcc.o(i.RCC_GetPCLK1ClockFreq), (36 bytes).
    Removing stm32f4xx_ll_rcc.o(i.RCC_GetPCLK2ClockFreq), (36 bytes).
    Removing stm32f4xx_ll_rcc.o(i.RCC_GetSystemClockFreq), (68 bytes).
    Removing stm32f4xx_ll_rcc.o(i.RCC_PLLI2S_GetFreqDomain_I2S), (96 bytes).
    Removing stm32f4xx_ll_rcc.o(i.RCC_PLL_GetFreqDomain_48M), (92 bytes).
    Removing stm32f4xx_ll_rcc.o(i.RCC_PLL_GetFreqDomain_SYS), (112 bytes).
    Removing stm32f4xx_ll_rcc.o(.constdata), (35 bytes).
    Removing stm32f4xx_ll_rng.o(.rev16_text), (4 bytes).
    Removing stm32f4xx_ll_rng.o(.revsh_text), (4 bytes).
    Removing stm32f4xx_ll_rng.o(.rrx_text), (6 bytes).
    Removing stm32f4xx_ll_rng.o(i.LL_RNG_DeInit), (36 bytes).
    Removing stm32f4xx_ll_rng.o(.constdata), (35 bytes).
    Removing stm32f4xx_ll_rtc.o(.rev16_text), (4 bytes).
    Removing stm32f4xx_ll_rtc.o(.revsh_text), (4 bytes).
    Removing stm32f4xx_ll_rtc.o(.rrx_text), (6 bytes).
    Removing stm32f4xx_ll_rtc.o(i.LL_RTC_ALMA_ConfigTime), (72 bytes).
    Removing stm32f4xx_ll_rtc.o(i.LL_RTC_ALMA_Init), (302 bytes).
    Removing stm32f4xx_ll_rtc.o(i.LL_RTC_ALMA_SetDay), (26 bytes).
    Removing stm32f4xx_ll_rtc.o(i.LL_RTC_ALMA_StructInit), (22 bytes).
    Removing stm32f4xx_ll_rtc.o(i.LL_RTC_ALMB_ConfigTime), (72 bytes).
    Removing stm32f4xx_ll_rtc.o(i.LL_RTC_ALMB_Init), (302 bytes).
    Removing stm32f4xx_ll_rtc.o(i.LL_RTC_ALMB_SetDay), (36 bytes).
    Removing stm32f4xx_ll_rtc.o(i.LL_RTC_ALMB_StructInit), (22 bytes).
    Removing stm32f4xx_ll_rtc.o(i.LL_RTC_DATE_Config), (72 bytes).
    Removing stm32f4xx_ll_rtc.o(i.LL_RTC_DATE_Init), (220 bytes).
    Removing stm32f4xx_ll_rtc.o(i.LL_RTC_DATE_StructInit), (14 bytes).
    Removing stm32f4xx_ll_rtc.o(i.LL_RTC_DeInit), (80 bytes).
    Removing stm32f4xx_ll_rtc.o(i.LL_RTC_DisableInitMode), (8 bytes).
    Removing stm32f4xx_ll_rtc.o(i.LL_RTC_DisableWriteProtection), (10 bytes).
    Removing stm32f4xx_ll_rtc.o(i.LL_RTC_EnableWriteProtection), (6 bytes).
    Removing stm32f4xx_ll_rtc.o(i.LL_RTC_EnterInitMode), (80 bytes).
    Removing stm32f4xx_ll_rtc.o(i.LL_RTC_ExitInitMode), (14 bytes).
    Removing stm32f4xx_ll_rtc.o(i.LL_RTC_GetHourFormat), (10 bytes).
    Removing stm32f4xx_ll_rtc.o(i.LL_RTC_Init), (84 bytes).
    Removing stm32f4xx_ll_rtc.o(i.LL_RTC_IsActiveFlag_INIT), (10 bytes).
    Removing stm32f4xx_ll_rtc.o(i.LL_RTC_IsActiveFlag_RS), (10 bytes).
    Removing stm32f4xx_ll_rtc.o(i.LL_RTC_IsShadowRegBypassEnabled), (10 bytes).
    Removing stm32f4xx_ll_rtc.o(i.LL_RTC_StructInit), (14 bytes).
    Removing stm32f4xx_ll_rtc.o(i.LL_RTC_TIME_Config), (72 bytes).
    Removing stm32f4xx_ll_rtc.o(i.LL_RTC_TIME_Init), (228 bytes).
    Removing stm32f4xx_ll_rtc.o(i.LL_RTC_TIME_StructInit), (12 bytes).
    Removing stm32f4xx_ll_rtc.o(i.LL_RTC_WaitForSynchro), (134 bytes).
    Removing stm32f4xx_ll_rtc.o(i.LL_SYSTICK_IsActiveCounterFlag), (12 bytes).
    Removing stm32f4xx_ll_rtc.o(.constdata), (35 bytes).
    Removing stm32f4xx_ll_spi.o(.rev16_text), (4 bytes).
    Removing stm32f4xx_ll_spi.o(.revsh_text), (4 bytes).
    Removing stm32f4xx_ll_spi.o(.rrx_text), (6 bytes).
    Removing stm32f4xx_ll_spi.o(i.LL_APB1_GRP1_ForceReset), (16 bytes).
    Removing stm32f4xx_ll_spi.o(i.LL_APB1_GRP1_ReleaseReset), (16 bytes).
    Removing stm32f4xx_ll_spi.o(i.LL_I2S_ConfigPrescaler), (18 bytes).
    Removing stm32f4xx_ll_spi.o(i.LL_I2S_DeInit), (12 bytes).
    Removing stm32f4xx_ll_spi.o(i.LL_I2S_Init), (202 bytes).
    Removing stm32f4xx_ll_spi.o(i.LL_I2S_InitFullDuplex), (96 bytes).
    Removing stm32f4xx_ll_spi.o(i.LL_I2S_IsEnabled), (10 bytes).
    Removing stm32f4xx_ll_spi.o(i.LL_I2S_StructInit), (20 bytes).
    Removing stm32f4xx_ll_spi.o(i.LL_SPI_DeInit), (100 bytes).
    Removing stm32f4xx_ll_spi.o(i.LL_SPI_Init), (108 bytes).
    Removing stm32f4xx_ll_spi.o(i.LL_SPI_StructInit), (26 bytes).
    Removing stm32f4xx_ll_spi.o(.constdata), (35 bytes).
    Removing stm32f4xx_ll_tim.o(.rev16_text), (4 bytes).
    Removing stm32f4xx_ll_tim.o(.revsh_text), (4 bytes).
    Removing stm32f4xx_ll_tim.o(.rrx_text), (6 bytes).
    Removing stm32f4xx_ll_tim.o(i.IC1Config), (52 bytes).
    Removing stm32f4xx_ll_tim.o(i.IC2Config), (56 bytes).
    Removing stm32f4xx_ll_tim.o(i.IC3Config), (58 bytes).
    Removing stm32f4xx_ll_tim.o(i.IC4Config), (58 bytes).
    Removing stm32f4xx_ll_tim.o(i.LL_APB1_GRP1_ForceReset), (16 bytes).
    Removing stm32f4xx_ll_tim.o(i.LL_APB1_GRP1_ReleaseReset), (16 bytes).
    Removing stm32f4xx_ll_tim.o(i.LL_APB2_GRP1_ForceReset), (16 bytes).
    Removing stm32f4xx_ll_tim.o(i.LL_APB2_GRP1_ReleaseReset), (16 bytes).
    Removing stm32f4xx_ll_tim.o(i.LL_TIM_BDTR_Init), (82 bytes).
    Removing stm32f4xx_ll_tim.o(i.LL_TIM_BDTR_StructInit), (18 bytes).
    Removing stm32f4xx_ll_tim.o(i.LL_TIM_DeInit), (356 bytes).
    Removing stm32f4xx_ll_tim.o(i.LL_TIM_ENCODER_Init), (104 bytes).
    Removing stm32f4xx_ll_tim.o(i.LL_TIM_ENCODER_StructInit), (36 bytes).
    Removing stm32f4xx_ll_tim.o(i.LL_TIM_HALLSENSOR_Init), (124 bytes).
    Removing stm32f4xx_ll_tim.o(i.LL_TIM_HALLSENSOR_StructInit), (12 bytes).
    Removing stm32f4xx_ll_tim.o(i.LL_TIM_IC_Init), (92 bytes).
    Removing stm32f4xx_ll_tim.o(i.LL_TIM_IC_StructInit), (18 bytes).
    Removing stm32f4xx_ll_tim.o(i.LL_TIM_Init), (232 bytes).
    Removing stm32f4xx_ll_tim.o(i.LL_TIM_OC_Init), (92 bytes).
    Removing stm32f4xx_ll_tim.o(i.LL_TIM_OC_SetCompareCH2), (4 bytes).
    Removing stm32f4xx_ll_tim.o(i.LL_TIM_OC_StructInit), (20 bytes).
    Removing stm32f4xx_ll_tim.o(i.LL_TIM_StructInit), (18 bytes).
    Removing stm32f4xx_ll_tim.o(i.OC1Config), (136 bytes).
    Removing stm32f4xx_ll_tim.o(i.OC2Config), (148 bytes).
    Removing stm32f4xx_ll_tim.o(i.OC3Config), (136 bytes).
    Removing stm32f4xx_ll_tim.o(i.OC4Config), (104 bytes).
    Removing stm32f4xx_ll_tim.o(.constdata), (35 bytes).
    Removing stm32f4xx_ll_usart.o(.rev16_text), (4 bytes).
    Removing stm32f4xx_ll_usart.o(.revsh_text), (4 bytes).
    Removing stm32f4xx_ll_usart.o(.rrx_text), (6 bytes).
    Removing stm32f4xx_ll_usart.o(i.LL_APB1_GRP1_ForceReset), (16 bytes).
    Removing stm32f4xx_ll_usart.o(i.LL_APB1_GRP1_ReleaseReset), (16 bytes).
    Removing stm32f4xx_ll_usart.o(i.LL_APB2_GRP1_ForceReset), (16 bytes).
    Removing stm32f4xx_ll_usart.o(i.LL_APB2_GRP1_ReleaseReset), (16 bytes).
    Removing stm32f4xx_ll_usart.o(i.LL_USART_ClockInit), (66 bytes).
    Removing stm32f4xx_ll_usart.o(i.LL_USART_ClockStructInit), (12 bytes).
    Removing stm32f4xx_ll_usart.o(i.LL_USART_DeInit), (172 bytes).
    Removing stm32f4xx_ll_usart.o(i.LL_USART_Init), (196 bytes).
    Removing stm32f4xx_ll_usart.o(i.LL_USART_IsEnabled), (10 bytes).
    Removing stm32f4xx_ll_usart.o(i.LL_USART_SetBaudRate), (322 bytes).
    Removing stm32f4xx_ll_usart.o(i.LL_USART_StructInit), (26 bytes).
    Removing stm32f4xx_ll_usart.o(.constdata), (35 bytes).
    Removing stm32f4xx_ll_utils.o(.rev16_text), (4 bytes).
    Removing stm32f4xx_ll_utils.o(.revsh_text), (4 bytes).
    Removing stm32f4xx_ll_utils.o(.rrx_text), (6 bytes).
    Removing stm32f4xx_ll_utils.o(i.LL_Init1msTick), (28 bytes).
    Removing stm32f4xx_ll_utils.o(i.LL_PLL_ConfigSystemClock_HSE), (152 bytes).
    Removing stm32f4xx_ll_utils.o(i.LL_PLL_ConfigSystemClock_HSI), (104 bytes).
    Removing stm32f4xx_ll_utils.o(i.LL_RCC_HSE_IsReady), (16 bytes).
    Removing stm32f4xx_ll_utils.o(i.LL_RCC_HSI_IsReady), (16 bytes).
    Removing stm32f4xx_ll_utils.o(i.LL_RCC_PLL_ConfigDomain_SYS), (48 bytes).
    Removing stm32f4xx_ll_utils.o(i.LL_RCC_PLL_IsReady), (16 bytes).
    Removing stm32f4xx_ll_utils.o(i.LL_mDelay), (40 bytes).
    Removing stm32f4xx_ll_utils.o(i.UTILS_EnablePLLAndSwitchSystem), (212 bytes).
    Removing stm32f4xx_ll_utils.o(i.UTILS_GetPLLOutputFrequency), (40 bytes).
    Removing stm32f4xx_ll_utils.o(i.UTILS_PLL_IsBusy), (36 bytes).
    Removing stm32f4xx_ll_utils.o(i.UTILS_SetFlashLatency), (204 bytes).
    Removing stm32f4xx_ll_utils.o(.constdata), (35 bytes).
    Removing system_stm32f4xx.o(.rev16_text), (4 bytes).
    Removing system_stm32f4xx.o(.revsh_text), (4 bytes).
    Removing system_stm32f4xx.o(.rrx_text), (6 bytes).
    Removing system_stm32f4xx.o(i.SystemCoreClockUpdate), (192 bytes).
    Removing system_stm32f4xx.o(.constdata), (59 bytes).
    Removing startup_stm32f407xx.o(HEAP), (1024 bytes).
    Removing stm32_cfg.o(.rev16_text), (4 bytes).
    Removing stm32_cfg.o(.revsh_text), (4 bytes).
    Removing stm32_cfg.o(.rrx_text), (6 bytes).
    Removing stm32_cfg.o(.constdata), (35 bytes).
    Removing stm32f4xx_it.o(.rev16_text), (4 bytes).
    Removing stm32f4xx_it.o(.revsh_text), (4 bytes).
    Removing stm32f4xx_it.o(.rrx_text), (6 bytes).
    Removing stm32f4xx_it.o(.constdata), (35 bytes).
    Removing complier_cfg.o(.rev16_text), (4 bytes).
    Removing complier_cfg.o(.revsh_text), (4 bytes).
    Removing complier_cfg.o(.rrx_text), (6 bytes).
    Removing complier_cfg.o(.constdata), (35 bytes).
    Removing complier_lib.o(.rev16_text), (4 bytes).
    Removing complier_lib.o(.revsh_text), (4 bytes).
    Removing complier_lib.o(.rrx_text), (6 bytes).
    Removing complier_lib.o(i.AscSortFun1), (100 bytes).
    Removing complier_lib.o(i.AscSortFun2), (110 bytes).
    Removing complier_lib.o(i.BcdToDec), (20 bytes).
    Removing complier_lib.o(i.CalcAvgFun1), (112 bytes).
    Removing complier_lib.o(i.CalcAvgFun2), (108 bytes).
    Removing complier_lib.o(i.CalcAvgFun3), (112 bytes).
    Removing complier_lib.o(i.CalcAvgFun4), (104 bytes).
    Removing complier_lib.o(i.CalcCheckSum), (34 bytes).
    Removing complier_lib.o(i.CompareFun1), (36 bytes).
    Removing complier_lib.o(i.CompareFun2), (36 bytes).
    Removing complier_lib.o(i.CompareFun3), (40 bytes).
    Removing complier_lib.o(i.CompareFun4), (40 bytes).
    Removing complier_lib.o(i.DecToBcd), (28 bytes).
    Removing complier_lib.o(i.DescSortFun1), (100 bytes).
    Removing complier_lib.o(i.DescSortFun2), (110 bytes).
    Removing complier_lib.o(i.HexToBcd), (26 bytes).
    Removing complier_lib.o(.constdata), (35 bytes).
    Removing main.o(.rev16_text), (4 bytes).
    Removing main.o(.revsh_text), (4 bytes).
    Removing main.o(.rrx_text), (6 bytes).
    Removing main.o(.constdata), (35 bytes).
    Removing crc_cfg.o(.rev16_text), (4 bytes).
    Removing crc_cfg.o(.revsh_text), (4 bytes).
    Removing crc_cfg.o(.rrx_text), (6 bytes).
    Removing crc_cfg.o(i.CRC32_DeInit), (20 bytes).
    Removing crc_cfg.o(i.CRC32_HWGetCalc323BitsData), (52 bytes).
    Removing crc_cfg.o(i.CRC32_HWGetCalc8BitsData), (52 bytes).
    Removing crc_cfg.o(i.CRC32_HWReSet), (16 bytes).
    Removing crc_cfg.o(i.CRC32_Init), (84 bytes).
    Removing crc_cfg.o(i.CRC32_Revbit), (40 bytes).
    Removing crc_cfg.o(i.CRC32_SWGetCalc32BitsData), (60 bytes).
    Removing crc_cfg.o(i.CRC32_SWGetCalc8BitsData), (60 bytes).
    Removing crc_cfg.o(i.LL_CRC_FeedData32), (4 bytes).
    Removing crc_cfg.o(.constdata), (1572 bytes).
    Removing crc_cfg.o(.data), (12 bytes).
    Removing crc_lib.o(.rev16_text), (4 bytes).
    Removing crc_lib.o(.revsh_text), (4 bytes).
    Removing crc_lib.o(.rrx_text), (6 bytes).
    Removing crc_lib.o(i.CRC32Lib_HWGetCalc32BitsData), (16 bytes).
    Removing crc_lib.o(i.CRC32Lib_HWGetCalc8BitsData), (16 bytes).
    Removing crc_lib.o(i.CRC32Lib_Init), (68 bytes).
    Removing crc_lib.o(i.CRC32Lib_SWGetCalc32BitsData), (16 bytes).
    Removing crc_lib.o(i.CRC32Lib_SWGetCalc8BitsData), (16 bytes).
    Removing crc_lib.o(.constdata), (35 bytes).
    Removing crc_task.o(.rev16_text), (4 bytes).
    Removing crc_task.o(.revsh_text), (4 bytes).
    Removing crc_task.o(.rrx_text), (6 bytes).
    Removing crc_task.o(i.CRC32Task_GetCalc32BitsData), (24 bytes).
    Removing crc_task.o(i.CRC32Task_GetCalc8BitsData), (24 bytes).
    Removing crc_task.o(i.CRC32Task_Init), (12 bytes).
    Removing crc_task.o(.constdata), (35 bytes).
    Removing delay_cfg.o(.rev16_text), (4 bytes).
    Removing delay_cfg.o(.revsh_text), (4 bytes).
    Removing delay_cfg.o(.rrx_text), (6 bytes).
    Removing delay_cfg.o(i.DelayN_s), (26 bytes).
    Removing delay_cfg.o(i.Delay_1us), (48 bytes).
    Removing delay_cfg.o(i.Delay_s), (40 bytes).
    Removing delay_cfg.o(i.Delay_us), (12 bytes).
    Removing delay_cfg.o(.constdata), (35 bytes).
    Removing delay_lib.o(.rev16_text), (4 bytes).
    Removing delay_lib.o(.revsh_text), (4 bytes).
    Removing delay_lib.o(.rrx_text), (6 bytes).
    Removing delay_lib.o(i.DelayLib_1us), (12 bytes).
    Removing delay_lib.o(i.DelayLib_nop), (12 bytes).
    Removing delay_lib.o(i.DelayLib_s), (12 bytes).
    Removing delay_lib.o(i.DelayLib_us), (12 bytes).
    Removing delay_lib.o(i.DelayNLib_ms), (12 bytes).
    Removing delay_lib.o(i.DelayNLib_s), (12 bytes).
    Removing delay_lib.o(.constdata), (35 bytes).
    Removing delay_task.o(.rev16_text), (4 bytes).
    Removing delay_task.o(.revsh_text), (4 bytes).
    Removing delay_task.o(.rrx_text), (6 bytes).
    Removing delay_task.o(i.DelayTask_1us), (12 bytes).
    Removing delay_task.o(i.DelayTask_nop), (12 bytes).
    Removing delay_task.o(i.DelayTask_s), (12 bytes).
    Removing delay_task.o(.constdata), (35 bytes).
    Removing dht11_cfg.o(.rev16_text), (4 bytes).
    Removing dht11_cfg.o(.revsh_text), (4 bytes).
    Removing dht11_cfg.o(.rrx_text), (6 bytes).
    Removing dht11_cfg.o(i.DHT11_DeInit), (22 bytes).
    Removing dht11_cfg.o(.constdata), (35 bytes).
    Removing dht11_lib.o(.rev16_text), (4 bytes).
    Removing dht11_lib.o(.revsh_text), (4 bytes).
    Removing dht11_lib.o(.rrx_text), (6 bytes).
    Removing dht11_lib.o(i.DHT11Lib_DeInit), (12 bytes).
    Removing dht11_lib.o(i.DHT11Lib_Init), (20 bytes).
    Removing dht11_lib.o(i.DHT11Lib_Read), (12 bytes).
    Removing dht11_lib.o(.constdata), (35 bytes).
    Removing dht11_task.o(.rev16_text), (4 bytes).
    Removing dht11_task.o(.revsh_text), (4 bytes).
    Removing dht11_task.o(.rrx_text), (6 bytes).
    Removing dht11_task.o(i.DHT11Task_DeInit), (12 bytes).
    Removing dht11_task.o(i.DHT11Task_Init), (20 bytes).
    Removing dht11_task.o(i.DHT11Task_Read), (12 bytes).
    Removing dht11_task.o(.constdata), (35 bytes).
    Removing ds18b20_cfg.o(.rev16_text), (4 bytes).
    Removing ds18b20_cfg.o(.revsh_text), (4 bytes).
    Removing ds18b20_cfg.o(.rrx_text), (6 bytes).
    Removing ds18b20_cfg.o(i.DS18B20_DeInit), (14 bytes).
    Removing ds18b20_cfg.o(i.DS18B20_Device0_Init), (20 bytes).
    Removing ds18b20_cfg.o(i.DS18B20_Init), (60 bytes).
    Removing ds18b20_cfg.o(i.DS18B20_ReadByte), (14 bytes).
    Removing ds18b20_cfg.o(i.DS18B20_ReadDeviceID), (56 bytes).
    Removing ds18b20_cfg.o(i.DS18B20_ReadWenDu), (146 bytes).
    Removing ds18b20_cfg.o(i.DS18B20_ReadWenDuByID), (194 bytes).
    Removing ds18b20_cfg.o(i.DS18B20_START), (14 bytes).
    Removing ds18b20_cfg.o(i.DS18B20_StructInit), (14 bytes).
    Removing ds18b20_cfg.o(i.DS18B20_WriteByte), (18 bytes).
    Removing ds18b20_cfg.o(.bss), (24 bytes).
    Removing ds18b20_cfg.o(.constdata), (35 bytes).
    Removing ds18b20_cfg.o(.data), (4 bytes).
    Removing ds18b20_lib.o(.rev16_text), (4 bytes).
    Removing ds18b20_lib.o(.revsh_text), (4 bytes).
    Removing ds18b20_lib.o(.rrx_text), (6 bytes).
    Removing ds18b20_lib.o(i.DS18B20Lib_DeInit), (12 bytes).
    Removing ds18b20_lib.o(i.DS18B20Lib_Init), (20 bytes).
    Removing ds18b20_lib.o(i.DS18B20Lib_ReadDeviceID), (16 bytes).
    Removing ds18b20_lib.o(i.DS18B20Lib_ReadWenDu), (12 bytes).
    Removing ds18b20_lib.o(i.DS18B20Lib_ReadWenDuByID), (16 bytes).
    Removing ds18b20_lib.o(.constdata), (35 bytes).
    Removing ds18b20_task.o(.rev16_text), (4 bytes).
    Removing ds18b20_task.o(.revsh_text), (4 bytes).
    Removing ds18b20_task.o(.rrx_text), (6 bytes).
    Removing ds18b20_task.o(i.DS18B20Task_DeInit), (12 bytes).
    Removing ds18b20_task.o(i.DS18B20Task_Init), (20 bytes).
    Removing ds18b20_task.o(i.DS18B20Task_ReadDeviceID), (16 bytes).
    Removing ds18b20_task.o(i.DS18B20Task_ReadWenDu), (12 bytes).
    Removing ds18b20_task.o(i.DS18B20Task_ReadWenDuByID), (16 bytes).
    Removing ds18b20_task.o(.constdata), (35 bytes).
    Removing gpio_cfg.o(.rev16_text), (4 bytes).
    Removing gpio_cfg.o(.revsh_text), (4 bytes).
    Removing gpio_cfg.o(.rrx_text), (6 bytes).
    Removing gpio_cfg.o(.constdata), (35 bytes).
    Removing gpio_lib.o(.rev16_text), (4 bytes).
    Removing gpio_lib.o(.revsh_text), (4 bytes).
    Removing gpio_lib.o(.rrx_text), (6 bytes).
    Removing gpio_lib.o(.constdata), (35 bytes).
    Removing gpio_task.o(.rev16_text), (4 bytes).
    Removing gpio_task.o(.revsh_text), (4 bytes).
    Removing gpio_task.o(.rrx_text), (6 bytes).
    Removing gpio_task.o(.constdata), (35 bytes).
    Removing i2c_cfg.o(.rev16_text), (4 bytes).
    Removing i2c_cfg.o(.revsh_text), (4 bytes).
    Removing i2c_cfg.o(.rrx_text), (6 bytes).
    Removing i2c_cfg.o(i.I2C_HandlerType_Init), (6 bytes).
    Removing i2c_cfg.o(i.I2C_MSW_ACK), (42 bytes).
    Removing i2c_cfg.o(i.I2C_MSW_DeInit), (52 bytes).
    Removing i2c_cfg.o(i.I2C_MSW_Init), (88 bytes).
    Removing i2c_cfg.o(i.I2C_MSW_NACK), (42 bytes).
    Removing i2c_cfg.o(i.I2C_MSW_ReadACK), (56 bytes).
    Removing i2c_cfg.o(i.I2C_MSW_ReadBit), (58 bytes).
    Removing i2c_cfg.o(i.I2C_MSW_ReadBits), (102 bytes).
    Removing i2c_cfg.o(i.I2C_MSW_ReadByte), (52 bytes).
    Removing i2c_cfg.o(i.I2C_MSW_START), (74 bytes).
    Removing i2c_cfg.o(i.I2C_MSW_STOP), (74 bytes).
    Removing i2c_cfg.o(i.I2C_MSW_SendACK), (24 bytes).
    Removing i2c_cfg.o(i.I2C_MSW_SendBit), (70 bytes).
    Removing i2c_cfg.o(i.I2C_MSW_SendBits), (104 bytes).
    Removing i2c_cfg.o(i.I2C_MSW_SendByte), (44 bytes).
    Removing i2c_cfg.o(i.I2C_MSW_SendCMD), (70 bytes).
    Removing i2c_cfg.o(i.I2C_MSW_WaitACK), (72 bytes).
    Removing i2c_cfg.o(i.LL_GPIO_IsInputPinSet), (18 bytes).
    Removing i2c_cfg.o(i.LL_GPIO_ResetOutputPin), (6 bytes).
    Removing i2c_cfg.o(i.LL_GPIO_SetOutputPin), (4 bytes).
    Removing i2c_cfg.o(i.LL_GPIO_SetPinMode), (40 bytes).
    Removing i2c_cfg.o(.constdata), (35 bytes).
    Removing i2c_lib.o(.rev16_text), (4 bytes).
    Removing i2c_lib.o(.revsh_text), (4 bytes).
    Removing i2c_lib.o(.rrx_text), (6 bytes).
    Removing i2c_lib.o(i.I2CLib_MSW_ACK), (12 bytes).
    Removing i2c_lib.o(i.I2CLib_MSW_DeInit), (12 bytes).
    Removing i2c_lib.o(i.I2CLib_MSW_Init), (22 bytes).
    Removing i2c_lib.o(i.I2CLib_MSW_NACK), (12 bytes).
    Removing i2c_lib.o(i.I2CLib_MSW_Read), (90 bytes).
    Removing i2c_lib.o(i.I2CLib_MSW_ReadACK), (12 bytes).
    Removing i2c_lib.o(i.I2CLib_MSW_ReadBits), (20 bytes).
    Removing i2c_lib.o(i.I2CLib_MSW_ReadByte), (12 bytes).
    Removing i2c_lib.o(i.I2CLib_MSW_START), (48 bytes).
    Removing i2c_lib.o(i.I2CLib_MSW_STOP), (12 bytes).
    Removing i2c_lib.o(i.I2CLib_MSW_Send), (70 bytes).
    Removing i2c_lib.o(i.I2CLib_MSW_SendACK), (16 bytes).
    Removing i2c_lib.o(i.I2CLib_MSW_SendBits), (20 bytes).
    Removing i2c_lib.o(i.I2CLib_MSW_SendByte), (16 bytes).
    Removing i2c_lib.o(i.I2CLib_MSW_SendCMD), (28 bytes).
    Removing i2c_lib.o(i.I2CLib_MSW_WaitACK), (12 bytes).
    Removing i2c_lib.o(.constdata), (35 bytes).
    Removing i2c_task.o(.rev16_text), (4 bytes).
    Removing i2c_task.o(.revsh_text), (4 bytes).
    Removing i2c_task.o(.rrx_text), (6 bytes).
    Removing i2c_task.o(i.I2CTask_MSW_DeInit), (12 bytes).
    Removing i2c_task.o(i.I2CTask_MSW_Init), (16 bytes).
    Removing i2c_task.o(i.I2CTask_MSW_Read), (20 bytes).
    Removing i2c_task.o(i.I2CTask_MSW_ReadACK), (12 bytes).
    Removing i2c_task.o(i.I2CTask_MSW_ReadByte), (12 bytes).
    Removing i2c_task.o(i.I2CTask_MSW_START), (16 bytes).
    Removing i2c_task.o(i.I2CTask_MSW_STOP), (12 bytes).
    Removing i2c_task.o(i.I2CTask_MSW_Send), (20 bytes).
    Removing i2c_task.o(i.I2CTask_MSW_SendACK), (16 bytes).
    Removing i2c_task.o(i.I2CTask_MSW_SendByte), (16 bytes).
    Removing i2c_task.o(i.I2CTask_MSW_SendCMD), (28 bytes).
    Removing i2c_task.o(.constdata), (35 bytes).
    Removing iwdg_cfg.o(.rev16_text), (4 bytes).
    Removing iwdg_cfg.o(.revsh_text), (4 bytes).
    Removing iwdg_cfg.o(.rrx_text), (6 bytes).
    Removing iwdg_cfg.o(i.IWDG_DeInit), (6 bytes).
    Removing iwdg_cfg.o(i.IWDG_Init), (96 bytes).
    Removing iwdg_cfg.o(.constdata), (35 bytes).
    Removing iwdg_lib.o(.rev16_text), (4 bytes).
    Removing iwdg_lib.o(.revsh_text), (4 bytes).
    Removing iwdg_lib.o(.rrx_text), (6 bytes).
    Removing iwdg_lib.o(i.IWDGLib_DeInit), (12 bytes).
    Removing iwdg_lib.o(i.IWDGLib_Init), (12 bytes).
    Removing iwdg_lib.o(i.IWDGLib_Reset), (12 bytes).
    Removing iwdg_lib.o(.constdata), (35 bytes).
    Removing iwdg_task.o(.rev16_text), (4 bytes).
    Removing iwdg_task.o(.revsh_text), (4 bytes).
    Removing iwdg_task.o(.rrx_text), (6 bytes).
    Removing iwdg_task.o(i.IWDGTask_DeInit), (12 bytes).
    Removing iwdg_task.o(i.IWDGTask_Init), (12 bytes).
    Removing iwdg_task.o(i.IWDGTask_Reset), (12 bytes).
    Removing iwdg_task.o(.constdata), (35 bytes).
    Removing random_cfg.o(.rev16_text), (4 bytes).
    Removing random_cfg.o(.revsh_text), (4 bytes).
    Removing random_cfg.o(.rrx_text), (6 bytes).
    Removing random_cfg.o(i.Random_DeInit), (32 bytes).
    Removing random_cfg.o(i.Random_GetRand), (58 bytes).
    Removing random_cfg.o(i.Random_GetVal), (28 bytes).
    Removing random_cfg.o(.constdata), (35 bytes).
    Removing random_lib.o(.rev16_text), (4 bytes).
    Removing random_lib.o(.revsh_text), (4 bytes).
    Removing random_lib.o(.rrx_text), (6 bytes).
    Removing random_lib.o(i.RandomLib_DeInit), (8 bytes).
    Removing random_lib.o(i.RandomLib_GetRand), (16 bytes).
    Removing random_lib.o(.constdata), (35 bytes).
    Removing random_task.o(.rev16_text), (4 bytes).
    Removing random_task.o(.revsh_text), (4 bytes).
    Removing random_task.o(.rrx_text), (6 bytes).
    Removing random_task.o(i.RandomTask_DeInit), (8 bytes).
    Removing random_task.o(i.RandomTask_GetRand), (16 bytes).
    Removing random_task.o(.constdata), (35 bytes).
    Removing systick_cfg.o(.rev16_text), (4 bytes).
    Removing systick_cfg.o(.revsh_text), (4 bytes).
    Removing systick_cfg.o(.rrx_text), (6 bytes).
    Removing systick_cfg.o(i.SysTick_DeInit), (10 bytes).
    Removing systick_cfg.o(i.SysTick_GetTick), (24 bytes).
    Removing systick_cfg.o(i.SysTick_GetTickOVF), (12 bytes).
    Removing systick_cfg.o(i.SysTick_TickTask), (40 bytes).
    Removing systick_cfg.o(.constdata), (35 bytes).
    Removing systick_lib.o(.rev16_text), (4 bytes).
    Removing systick_lib.o(.revsh_text), (4 bytes).
    Removing systick_lib.o(.rrx_text), (6 bytes).
    Removing systick_lib.o(i.SysTickLib_DeInit), (8 bytes).
    Removing systick_lib.o(i.SysTickLib_GetTick), (8 bytes).
    Removing systick_lib.o(i.SysTickLib_GetTickOVF), (8 bytes).
    Removing systick_lib.o(i.SysTickLib_TickTask), (16 bytes).
    Removing systick_lib.o(.constdata), (35 bytes).
    Removing systick_task.o(.rev16_text), (4 bytes).
    Removing systick_task.o(.revsh_text), (4 bytes).
    Removing systick_task.o(.rrx_text), (6 bytes).
    Removing systick_task.o(i.SysTickTask_DeInit), (8 bytes).
    Removing systick_task.o(i.SysTickTask_GetTick), (8 bytes).
    Removing systick_task.o(i.SysTickTask_GetTickOVF), (8 bytes).
    Removing systick_task.o(i.SysTickTask_TickTask), (16 bytes).
    Removing systick_task.o(.constdata), (35 bytes).
    Removing one_wire_cfg.o(.rev16_text), (4 bytes).
    Removing one_wire_cfg.o(.revsh_text), (4 bytes).
    Removing one_wire_cfg.o(.rrx_text), (6 bytes).
    Removing one_wire_cfg.o(i.LL_GPIO_IsInputPinSet), (14 bytes).
    Removing one_wire_cfg.o(i.OneWire_DeInit), (20 bytes).
    Removing one_wire_cfg.o(i.OneWire_Init), (80 bytes).
    Removing one_wire_cfg.o(i.OneWire_ReadBit), (66 bytes).
    Removing one_wire_cfg.o(i.OneWire_ReadByte), (40 bytes).
    Removing one_wire_cfg.o(i.OneWire_START), (58 bytes).
    Removing one_wire_cfg.o(i.OneWire_StructInit), (8 bytes).
    Removing one_wire_cfg.o(i.OneWire_WriteBit), (56 bytes).
    Removing one_wire_cfg.o(i.OneWire_WriteByte), (32 bytes).
    Removing one_wire_lib.o(.rev16_text), (4 bytes).
    Removing one_wire_lib.o(.revsh_text), (4 bytes).
    Removing one_wire_lib.o(.rrx_text), (6 bytes).
    Removing one_wire_lib.o(i.OneWireLib_DeInit), (4 bytes).
    Removing one_wire_lib.o(i.OneWireLib_Init), (4 bytes).
    Removing one_wire_lib.o(i.OneWireLib_ReadByte), (4 bytes).
    Removing one_wire_lib.o(i.OneWireLib_START), (4 bytes).
    Removing one_wire_lib.o(i.OneWireLib_WriteByte), (4 bytes).
    Removing one_wire_task.o(.rev16_text), (4 bytes).
    Removing one_wire_task.o(.revsh_text), (4 bytes).
    Removing one_wire_task.o(.rrx_text), (6 bytes).
    Removing one_wire_task.o(i.OneWireTask_DeInit), (4 bytes).
    Removing one_wire_task.o(i.OneWireTask_Init), (4 bytes).
    Removing one_wire_task.o(i.OneWireTask_ReadByte), (4 bytes).
    Removing one_wire_task.o(i.OneWireTask_START), (4 bytes).
    Removing one_wire_task.o(i.OneWireTask_WriteByte), (4 bytes).
    Removing pcf8563_cfg.o(.rev16_text), (4 bytes).
    Removing pcf8563_cfg.o(.revsh_text), (4 bytes).
    Removing pcf8563_cfg.o(.rrx_text), (6 bytes).
    Removing pcf8563_cfg.o(i.PCF8563_ClockOut), (64 bytes).
    Removing pcf8563_cfg.o(i.PCF8563_DeInit), (6 bytes).
    Removing pcf8563_cfg.o(i.PCF8563_Device0_Init), (40 bytes).
    Removing pcf8563_cfg.o(i.PCF8563_Device1_Init), (4 bytes).
    Removing pcf8563_cfg.o(i.PCF8563_Init), (40 bytes).
    Removing pcf8563_cfg.o(i.PCF8563_ReadRTC), (102 bytes).
    Removing pcf8563_cfg.o(i.PCF8563_ReadReg), (120 bytes).
    Removing pcf8563_cfg.o(i.PCF8563_WriteRTC), (248 bytes).
    Removing pcf8563_cfg.o(i.PCF8563_WriteReg), (68 bytes).
    Removing pcf8563_cfg.o(.bss), (48 bytes).
    Removing pcf8563_cfg.o(.data), (4 bytes).
    Removing pcf8563_lib.o(.rev16_text), (4 bytes).
    Removing pcf8563_lib.o(.revsh_text), (4 bytes).
    Removing pcf8563_lib.o(.rrx_text), (6 bytes).
    Removing pcf8563_lib.o(i.PCF8563Lib_ClockOut), (4 bytes).
    Removing pcf8563_lib.o(i.PCF8563Lib_DeInit), (4 bytes).
    Removing pcf8563_lib.o(i.PCF8563Lib_Init), (4 bytes).
    Removing pcf8563_lib.o(i.PCF8563Lib_ReadRTC), (4 bytes).
    Removing pcf8563_lib.o(i.PCF8563Lib_WriteRTC), (4 bytes).
    Removing pcf8563_task.o(.rev16_text), (4 bytes).
    Removing pcf8563_task.o(.revsh_text), (4 bytes).
    Removing pcf8563_task.o(.rrx_text), (6 bytes).
    Removing pcf8563_task.o(i.PCF8563Task_ClockOut), (4 bytes).
    Removing pcf8563_task.o(i.PCF8563Task_DeInit), (4 bytes).
    Removing pcf8563_task.o(i.PCF8563Task_Init), (4 bytes).
    Removing pcf8563_task.o(i.PCF8563Task_ReadRTC), (4 bytes).
    Removing pcf8563_task.o(i.PCF8563Task_WriteRTC), (4 bytes).
    Removing dadd.o(.text), (334 bytes).
    Removing ddiv.o(.text), (222 bytes).
    Removing dflti.o(.text), (34 bytes).
    Removing dfltui.o(.text), (26 bytes).
    Removing dfixui.o(.text), (50 bytes).
    Removing depilogue.o(.text), (186 bytes).

608 unused section(s) (total 25728 bytes) removed from the image.

==============================================================================

Image Symbol Table

    Local Symbols

    Symbol Name                              Value     Ov Type        Size  Object(Section)

    ../clib/microlib/division.c              0x00000000   Number         0  uldiv.o ABSOLUTE
    ../clib/microlib/init/entry.s            0x00000000   Number         0  entry5.o ABSOLUTE
    ../clib/microlib/init/entry.s            0x00000000   Number         0  entry8a.o ABSOLUTE
    ../clib/microlib/init/entry.s            0x00000000   Number         0  entry7b.o ABSOLUTE
    ../clib/microlib/init/entry.s            0x00000000   Number         0  entry11b.o ABSOLUTE
    ../clib/microlib/init/entry.s            0x00000000   Number         0  entry11a.o ABSOLUTE
    ../clib/microlib/init/entry.s            0x00000000   Number         0  entry10b.o ABSOLUTE
    ../clib/microlib/init/entry.s            0x00000000   Number         0  entry7a.o ABSOLUTE
    ../clib/microlib/init/entry.s            0x00000000   Number         0  entry2.o ABSOLUTE
    ../clib/microlib/init/entry.s            0x00000000   Number         0  entry10a.o ABSOLUTE
    ../clib/microlib/init/entry.s            0x00000000   Number         0  entry.o ABSOLUTE
    ../clib/microlib/init/entry.s            0x00000000   Number         0  entry9b.o ABSOLUTE
    ../clib/microlib/init/entry.s            0x00000000   Number         0  entry9a.o ABSOLUTE
    ../clib/microlib/init/entry.s            0x00000000   Number         0  entry8b.o ABSOLUTE
    ../clib/microlib/longlong.c              0x00000000   Number         0  llsshr.o ABSOLUTE
    ../clib/microlib/longlong.c              0x00000000   Number         0  llushr.o ABSOLUTE
    ../clib/microlib/longlong.c              0x00000000   Number         0  llshl.o ABSOLUTE
    ../clib/microlib/stubs.s                 0x00000000   Number         0  iusefp.o ABSOLUTE
    ../fplib/microlib/fpadd.c                0x00000000   Number         0  dadd.o ABSOLUTE
    ../fplib/microlib/fpdiv.c                0x00000000   Number         0  ddiv.o ABSOLUTE
    ../fplib/microlib/fpepilogue.c           0x00000000   Number         0  depilogue.o ABSOLUTE
    ../fplib/microlib/fpfix.c                0x00000000   Number         0  dfixui.o ABSOLUTE
    ../fplib/microlib/fpflt.c                0x00000000   Number         0  dfltui.o ABSOLUTE
    ../fplib/microlib/fpflt.c                0x00000000   Number         0  dflti.o ABSOLUTE
    ..\Application\AD5593\ad5593_cfg.c       0x00000000   Number         0  ad5593_cfg.o ABSOLUTE
    ..\Application\AD5593\ad5593_lib.c       0x00000000   Number         0  ad5593_lib.o ABSOLUTE
    ..\Application\AD5593\ad5593_task.c      0x00000000   Number         0  ad5593_task.o ABSOLUTE
    ..\Application\APP\main.c                0x00000000   Number         0  main.o ABSOLUTE
    ..\Application\AT24Cxx\at24cxx_cfg.c     0x00000000   Number         0  at24cxx_cfg.o ABSOLUTE
    ..\Application\AT24Cxx\at24cxx_lib.c     0x00000000   Number         0  at24cxx_lib.o ABSOLUTE
    ..\Application\AT24Cxx\at24cxx_task.c    0x00000000   Number         0  at24cxx_task.o ABSOLUTE
    ..\Application\CRC\crc_cfg.c             0x00000000   Number         0  crc_cfg.o ABSOLUTE
    ..\Application\CRC\crc_lib.c             0x00000000   Number         0  crc_lib.o ABSOLUTE
    ..\Application\CRC\crc_task.c            0x00000000   Number         0  crc_task.o ABSOLUTE
    ..\Application\DHT11\dht11_cfg.c         0x00000000   Number         0  dht11_cfg.o ABSOLUTE
    ..\Application\DHT11\dht11_lib.c         0x00000000   Number         0  dht11_lib.o ABSOLUTE
    ..\Application\DHT11\dht11_task.c        0x00000000   Number         0  dht11_task.o ABSOLUTE
    ..\Application\DS18B20\ds18b20_cfg.c     0x00000000   Number         0  ds18b20_cfg.o ABSOLUTE
    ..\Application\DS18B20\ds18b20_lib.c     0x00000000   Number         0  ds18b20_lib.o ABSOLUTE
    ..\Application\DS18B20\ds18b20_task.c    0x00000000   Number         0  ds18b20_task.o ABSOLUTE
    ..\Application\Delay\delay_cfg.c         0x00000000   Number         0  delay_cfg.o ABSOLUTE
    ..\Application\Delay\delay_lib.c         0x00000000   Number         0  delay_lib.o ABSOLUTE
    ..\Application\Delay\delay_task.c        0x00000000   Number         0  delay_task.o ABSOLUTE
    ..\Application\GPIO\gpio_cfg.c           0x00000000   Number         0  gpio_cfg.o ABSOLUTE
    ..\Application\GPIO\gpio_lib.c           0x00000000   Number         0  gpio_lib.o ABSOLUTE
    ..\Application\GPIO\gpio_task.c          0x00000000   Number         0  gpio_task.o ABSOLUTE
    ..\Application\I2C\i2c_cfg.c             0x00000000   Number         0  i2c_cfg.o ABSOLUTE
    ..\Application\I2C\i2c_lib.c             0x00000000   Number         0  i2c_lib.o ABSOLUTE
    ..\Application\I2C\i2c_task.c            0x00000000   Number         0  i2c_task.o ABSOLUTE
    ..\Application\IWDG\iwdg_cfg.c           0x00000000   Number         0  iwdg_cfg.o ABSOLUTE
    ..\Application\IWDG\iwdg_lib.c           0x00000000   Number         0  iwdg_lib.o ABSOLUTE
    ..\Application\IWDG\iwdg_task.c          0x00000000   Number         0  iwdg_task.o ABSOLUTE
    ..\Application\OneWire\one_wire_cfg.c    0x00000000   Number         0  one_wire_cfg.o ABSOLUTE
    ..\Application\OneWire\one_wire_lib.c    0x00000000   Number         0  one_wire_lib.o ABSOLUTE
    ..\Application\OneWire\one_wire_task.c   0x00000000   Number         0  one_wire_task.o ABSOLUTE
    ..\Application\PCF8563\pcf8563_cfg.c     0x00000000   Number         0  pcf8563_cfg.o ABSOLUTE
    ..\Application\PCF8563\pcf8563_lib.c     0x00000000   Number         0  pcf8563_lib.o ABSOLUTE
    ..\Application\PCF8563\pcf8563_task.c    0x00000000   Number         0  pcf8563_task.o ABSOLUTE
    ..\Application\Random\random_cfg.c       0x00000000   Number         0  random_cfg.o ABSOLUTE
    ..\Application\Random\random_lib.c       0x00000000   Number         0  random_lib.o ABSOLUTE
    ..\Application\Random\random_task.c      0x00000000   Number         0  random_task.o ABSOLUTE
    ..\Application\SysTick\systick_cfg.c     0x00000000   Number         0  systick_cfg.o ABSOLUTE
    ..\Application\SysTick\systick_lib.c     0x00000000   Number         0  systick_lib.o ABSOLUTE
    ..\Application\SysTick\systick_task.c    0x00000000   Number         0  systick_task.o ABSOLUTE
    ..\Application\USART\usart_cfg.c         0x00000000   Number         0  usart_cfg.o ABSOLUTE
    ..\Application\USART\usart_lib.c         0x00000000   Number         0  usart_lib.o ABSOLUTE
    ..\Application\USART\usart_task.c        0x00000000   Number         0  usart_task.o ABSOLUTE
    ..\Application\WM8510\wm8510_cfg.c       0x00000000   Number         0  wm8510_cfg.o ABSOLUTE
    ..\Application\WM8510\wm8510_lib.c       0x00000000   Number         0  wm8510_lib.o ABSOLUTE
    ..\Application\WM8510\wm8510_task.c      0x00000000   Number         0  wm8510_task.o ABSOLUTE
    ..\Complier\complier_cfg.c               0x00000000   Number         0  complier_cfg.o ABSOLUTE
    ..\Complier\complier_lib.c               0x00000000   Number         0  complier_lib.o ABSOLUTE
    ..\Drivers\STM32F4xx_HAL_Driver\Src\stm32f4xx_hal.c 0x00000000   Number         0  stm32f4xx_hal.o ABSOLUTE
    ..\Drivers\STM32F4xx_HAL_Driver\Src\stm32f4xx_hal_cortex.c 0x00000000   Number         0  stm32f4xx_hal_cortex.o ABSOLUTE
    ..\Drivers\STM32F4xx_HAL_Driver\Src\stm32f4xx_hal_crc.c 0x00000000   Number         0  stm32f4xx_hal_crc.o ABSOLUTE
    ..\Drivers\STM32F4xx_HAL_Driver\Src\stm32f4xx_hal_gpio.c 0x00000000   Number         0  stm32f4xx_hal_gpio.o ABSOLUTE
    ..\Drivers\STM32F4xx_HAL_Driver\Src\stm32f4xx_hal_rcc.c 0x00000000   Number         0  stm32f4xx_hal_rcc.o ABSOLUTE
    ..\Drivers\STM32F4xx_HAL_Driver\Src\stm32f4xx_ll_adc.c 0x00000000   Number         0  stm32f4xx_ll_adc.o ABSOLUTE
    ..\Drivers\STM32F4xx_HAL_Driver\Src\stm32f4xx_ll_crc.c 0x00000000   Number         0  stm32f4xx_ll_crc.o ABSOLUTE
    ..\Drivers\STM32F4xx_HAL_Driver\Src\stm32f4xx_ll_exti.c 0x00000000   Number         0  stm32f4xx_ll_exti.o ABSOLUTE
    ..\Drivers\STM32F4xx_HAL_Driver\Src\stm32f4xx_ll_gpio.c 0x00000000   Number         0  stm32f4xx_ll_gpio.o ABSOLUTE
    ..\Drivers\STM32F4xx_HAL_Driver\Src\stm32f4xx_ll_rcc.c 0x00000000   Number         0  stm32f4xx_ll_rcc.o ABSOLUTE
    ..\Drivers\STM32F4xx_HAL_Driver\Src\stm32f4xx_ll_rng.c 0x00000000   Number         0  stm32f4xx_ll_rng.o ABSOLUTE
    ..\Drivers\STM32F4xx_HAL_Driver\Src\stm32f4xx_ll_rtc.c 0x00000000   Number         0  stm32f4xx_ll_rtc.o ABSOLUTE
    ..\Drivers\STM32F4xx_HAL_Driver\Src\stm32f4xx_ll_spi.c 0x00000000   Number         0  stm32f4xx_ll_spi.o ABSOLUTE
    ..\Drivers\STM32F4xx_HAL_Driver\Src\stm32f4xx_ll_tim.c 0x00000000   Number         0  stm32f4xx_ll_tim.o ABSOLUTE
    ..\Drivers\STM32F4xx_HAL_Driver\Src\stm32f4xx_ll_usart.c 0x00000000   Number         0  stm32f4xx_ll_usart.o ABSOLUTE
    ..\Drivers\STM32F4xx_HAL_Driver\Src\stm32f4xx_ll_utils.c 0x00000000   Number         0  stm32f4xx_ll_utils.o ABSOLUTE
    ..\STARTUP\MDKARM\startup_stm32f407xx.s  0x00000000   Number         0  startup_stm32f407xx.o ABSOLUTE
    ..\STM32F4xx\stm32_cfg.c                 0x00000000   Number         0  stm32_cfg.o ABSOLUTE
    ..\STM32F4xx\stm32f4xx_it.c              0x00000000   Number         0  stm32f4xx_it.o ABSOLUTE
    ..\STM32F4xx\system_stm32f4xx.c          0x00000000   Number         0  system_stm32f4xx.o ABSOLUTE
    ..\\Application\\APP\\main.c             0x00000000   Number         0  main.o ABSOLUTE
    ..\\Application\\CRC\\crc_cfg.c          0x00000000   Number         0  crc_cfg.o ABSOLUTE
    ..\\Application\\CRC\\crc_lib.c          0x00000000   Number         0  crc_lib.o ABSOLUTE
    ..\\Application\\CRC\\crc_task.c         0x00000000   Number         0  crc_task.o ABSOLUTE
    ..\\Application\\DHT11\\dht11_cfg.c      0x00000000   Number         0  dht11_cfg.o ABSOLUTE
    ..\\Application\\DHT11\\dht11_lib.c      0x00000000   Number         0  dht11_lib.o ABSOLUTE
    ..\\Application\\DHT11\\dht11_task.c     0x00000000   Number         0  dht11_task.o ABSOLUTE
    ..\\Application\\DS18B20\\ds18b20_cfg.c  0x00000000   Number         0  ds18b20_cfg.o ABSOLUTE
    ..\\Application\\DS18B20\\ds18b20_lib.c  0x00000000   Number         0  ds18b20_lib.o ABSOLUTE
    ..\\Application\\DS18B20\\ds18b20_task.c 0x00000000   Number         0  ds18b20_task.o ABSOLUTE
    ..\\Application\\Delay\\delay_cfg.c      0x00000000   Number         0  delay_cfg.o ABSOLUTE
    ..\\Application\\Delay\\delay_lib.c      0x00000000   Number         0  delay_lib.o ABSOLUTE
    ..\\Application\\Delay\\delay_task.c     0x00000000   Number         0  delay_task.o ABSOLUTE
    ..\\Application\\GPIO\\gpio_cfg.c        0x00000000   Number         0  gpio_cfg.o ABSOLUTE
    ..\\Application\\GPIO\\gpio_lib.c        0x00000000   Number         0  gpio_lib.o ABSOLUTE
    ..\\Application\\GPIO\\gpio_task.c       0x00000000   Number         0  gpio_task.o ABSOLUTE
    ..\\Application\\I2C\\i2c_cfg.c          0x00000000   Number         0  i2c_cfg.o ABSOLUTE
    ..\\Application\\I2C\\i2c_lib.c          0x00000000   Number         0  i2c_lib.o ABSOLUTE
    ..\\Application\\I2C\\i2c_task.c         0x00000000   Number         0  i2c_task.o ABSOLUTE
    ..\\Application\\IWDG\\iwdg_cfg.c        0x00000000   Number         0  iwdg_cfg.o ABSOLUTE
    ..\\Application\\IWDG\\iwdg_lib.c        0x00000000   Number         0  iwdg_lib.o ABSOLUTE
    ..\\Application\\IWDG\\iwdg_task.c       0x00000000   Number         0  iwdg_task.o ABSOLUTE
    ..\\Application\\OneWire\\one_wire_cfg.c 0x00000000   Number         0  one_wire_cfg.o ABSOLUTE
    ..\\Application\\OneWire\\one_wire_lib.c 0x00000000   Number         0  one_wire_lib.o ABSOLUTE
    ..\\Application\\OneWire\\one_wire_task.c 0x00000000   Number         0  one_wire_task.o ABSOLUTE
    ..\\Application\\PCF8563\\pcf8563_cfg.c  0x00000000   Number         0  pcf8563_cfg.o ABSOLUTE
    ..\\Application\\PCF8563\\pcf8563_lib.c  0x00000000   Number         0  pcf8563_lib.o ABSOLUTE
    ..\\Application\\PCF8563\\pcf8563_task.c 0x00000000   Number         0  pcf8563_task.o ABSOLUTE
    ..\\Application\\Random\\random_cfg.c    0x00000000   Number         0  random_cfg.o ABSOLUTE
    ..\\Application\\Random\\random_lib.c    0x00000000   Number         0  random_lib.o ABSOLUTE
    ..\\Application\\Random\\random_task.c   0x00000000   Number         0  random_task.o ABSOLUTE
    ..\\Application\\SysTick\\systick_cfg.c  0x00000000   Number         0  systick_cfg.o ABSOLUTE
    ..\\Application\\SysTick\\systick_lib.c  0x00000000   Number         0  systick_lib.o ABSOLUTE
    ..\\Application\\SysTick\\systick_task.c 0x00000000   Number         0  systick_task.o ABSOLUTE
    ..\\Complier\\complier_cfg.c             0x00000000   Number         0  complier_cfg.o ABSOLUTE
    ..\\Complier\\complier_lib.c             0x00000000   Number         0  complier_lib.o ABSOLUTE
    ..\\Drivers\\STM32F4xx_HAL_Driver\\Src\\stm32f4xx_hal.c 0x00000000   Number         0  stm32f4xx_hal.o ABSOLUTE
    ..\\Drivers\\STM32F4xx_HAL_Driver\\Src\\stm32f4xx_hal_cortex.c 0x00000000   Number         0  stm32f4xx_hal_cortex.o ABSOLUTE
    ..\\Drivers\\STM32F4xx_HAL_Driver\\Src\\stm32f4xx_hal_crc.c 0x00000000   Number         0  stm32f4xx_hal_crc.o ABSOLUTE
    ..\\Drivers\\STM32F4xx_HAL_Driver\\Src\\stm32f4xx_hal_gpio.c 0x00000000   Number         0  stm32f4xx_hal_gpio.o ABSOLUTE
    ..\\Drivers\\STM32F4xx_HAL_Driver\\Src\\stm32f4xx_hal_rcc.c 0x00000000   Number         0  stm32f4xx_hal_rcc.o ABSOLUTE
    ..\\Drivers\\STM32F4xx_HAL_Driver\\Src\\stm32f4xx_ll_adc.c 0x00000000   Number         0  stm32f4xx_ll_adc.o ABSOLUTE
    ..\\Drivers\\STM32F4xx_HAL_Driver\\Src\\stm32f4xx_ll_crc.c 0x00000000   Number         0  stm32f4xx_ll_crc.o ABSOLUTE
    ..\\Drivers\\STM32F4xx_HAL_Driver\\Src\\stm32f4xx_ll_exti.c 0x00000000   Number         0  stm32f4xx_ll_exti.o ABSOLUTE
    ..\\Drivers\\STM32F4xx_HAL_Driver\\Src\\stm32f4xx_ll_gpio.c 0x00000000   Number         0  stm32f4xx_ll_gpio.o ABSOLUTE
    ..\\Drivers\\STM32F4xx_HAL_Driver\\Src\\stm32f4xx_ll_rcc.c 0x00000000   Number         0  stm32f4xx_ll_rcc.o ABSOLUTE
    ..\\Drivers\\STM32F4xx_HAL_Driver\\Src\\stm32f4xx_ll_rng.c 0x00000000   Number         0  stm32f4xx_ll_rng.o ABSOLUTE
    ..\\Drivers\\STM32F4xx_HAL_Driver\\Src\\stm32f4xx_ll_rtc.c 0x00000000   Number         0  stm32f4xx_ll_rtc.o ABSOLUTE
    ..\\Drivers\\STM32F4xx_HAL_Driver\\Src\\stm32f4xx_ll_spi.c 0x00000000   Number         0  stm32f4xx_ll_spi.o ABSOLUTE
    ..\\Drivers\\STM32F4xx_HAL_Driver\\Src\\stm32f4xx_ll_tim.c 0x00000000   Number         0  stm32f4xx_ll_tim.o ABSOLUTE
    ..\\Drivers\\STM32F4xx_HAL_Driver\\Src\\stm32f4xx_ll_usart.c 0x00000000   Number         0  stm32f4xx_ll_usart.o ABSOLUTE
    ..\\Drivers\\STM32F4xx_HAL_Driver\\Src\\stm32f4xx_ll_utils.c 0x00000000   Number         0  stm32f4xx_ll_utils.o ABSOLUTE
    ..\\STM32F4xx\\stm32_cfg.c               0x00000000   Number         0  stm32_cfg.o ABSOLUTE
    ..\\STM32F4xx\\stm32f4xx_it.c            0x00000000   Number         0  stm32f4xx_it.o ABSOLUTE
    ..\\STM32F4xx\\system_stm32f4xx.c        0x00000000   Number         0  system_stm32f4xx.o ABSOLUTE
    dc.s                                     0x00000000   Number         0  dc.o ABSOLUTE
    handlers.s                               0x00000000   Number         0  handlers.o ABSOLUTE
    init.s                                   0x00000000   Number         0  init.o ABSOLUTE
    RESET                                    0x08000000   Section      392  startup_stm32f407xx.o(RESET)
    .ARM.Collect$$$$00000000                 0x08000188   Section        0  entry.o(.ARM.Collect$$$$00000000)
    .ARM.Collect$$$$00000001                 0x08000188   Section        4  entry2.o(.ARM.Collect$$$$00000001)
    .ARM.Collect$$$$00000004                 0x0800018c   Section        4  entry5.o(.ARM.Collect$$$$00000004)
    .ARM.Collect$$$$00000008                 0x08000190   Section        0  entry7b.o(.ARM.Collect$$$$00000008)
    .ARM.Collect$$$$0000000A                 0x08000190   Section        0  entry8b.o(.ARM.Collect$$$$0000000A)
    .ARM.Collect$$$$0000000B                 0x08000190   Section        8  entry9a.o(.ARM.Collect$$$$0000000B)
    .ARM.Collect$$$$0000000D                 0x08000198   Section        0  entry10a.o(.ARM.Collect$$$$0000000D)
    .ARM.Collect$$$$0000000F                 0x08000198   Section        0  entry11a.o(.ARM.Collect$$$$0000000F)
    .ARM.Collect$$$$00002712                 0x08000198   Section        4  entry2.o(.ARM.Collect$$$$00002712)
    __lit__00000000                          0x08000198   Data           4  entry2.o(.ARM.Collect$$$$00002712)
    .text                                    0x0800019c   Section       36  startup_stm32f407xx.o(.text)
    $v0                                      0x0800019c   Number         0  startup_stm32f407xx.o(.text)
    .text                                    0x080001c0   Section       36  init.o(.text)
    i.BusFault_Handler                       0x080001e4   Section        0  stm32f4xx_it.o(i.BusFault_Handler)
    i.DHT11_Check                            0x080001e8   Section        0  dht11_cfg.o(i.DHT11_Check)
    i.DHT11_Device0_Init                     0x08000258   Section        0  dht11_cfg.o(i.DHT11_Device0_Init)
    i.DHT11_GPIO_Init                        0x0800026c   Section        0  dht11_cfg.o(i.DHT11_GPIO_Init)
    i.DHT11_Init                             0x080002b0   Section        0  dht11_cfg.o(i.DHT11_Init)
    i.DHT11_RESET                            0x080002f8   Section        0  dht11_cfg.o(i.DHT11_RESET)
    i.DHT11_Read                             0x08000338   Section        0  dht11_cfg.o(i.DHT11_Read)
    i.DHT11_ReadBit                          0x080003b8   Section        0  dht11_cfg.o(i.DHT11_ReadBit)
    i.DHT11_ReadByte                         0x08000426   Section        0  dht11_cfg.o(i.DHT11_ReadByte)
    i.DHT11_START                            0x0800044a   Section        0  dht11_cfg.o(i.DHT11_START)
    i.DHT11_StructInit                       0x0800045c   Section        0  dht11_cfg.o(i.DHT11_StructInit)
    i.DebugMon_Handler                       0x0800046a   Section        0  stm32f4xx_it.o(i.DebugMon_Handler)
    i.DelayLib_ms                            0x0800046c   Section        0  delay_lib.o(i.DelayLib_ms)
    i.DelayNLib_us                           0x08000478   Section        0  delay_lib.o(i.DelayNLib_us)
    i.DelayN_ms                              0x08000484   Section        0  delay_cfg.o(i.DelayN_ms)
    i.DelayN_us                              0x080004ac   Section        0  delay_cfg.o(i.DelayN_us)
    i.DelayTask_ms                           0x080004f0   Section        0  delay_task.o(i.DelayTask_ms)
    i.DelayTask_us                           0x080004fc   Section        0  delay_task.o(i.DelayTask_us)
    i.Delay_ms                               0x08000508   Section        0  delay_cfg.o(i.Delay_ms)
    i.Delay_nop                              0x08000524   Section        0  delay_cfg.o(i.Delay_nop)
    i.GPIOLib_Clock                          0x08000534   Section        0  gpio_lib.o(i.GPIOLib_Clock)
    i.GPIOLib_Init                           0x08000544   Section        0  gpio_lib.o(i.GPIOLib_Init)
    i.GPIOTask_Clock                         0x0800054c   Section        0  gpio_task.o(i.GPIOTask_Clock)
    i.GPIOTask_Init                          0x0800055c   Section        0  gpio_task.o(i.GPIOTask_Init)
    i.GPIO_Clock                             0x08000564   Section        0  gpio_cfg.o(i.GPIO_Clock)
    i.GPIO_Init                              0x0800066c   Section        0  gpio_cfg.o(i.GPIO_Init)
    i.HAL_IncTick                            0x080006fc   Section        0  stm32f4xx_hal.o(i.HAL_IncTick)
    i.HardFault_Handler                      0x08000714   Section        0  stm32f4xx_it.o(i.HardFault_Handler)
    i.IWDG_Reset                             0x08000718   Section        0  iwdg_cfg.o(i.IWDG_Reset)
    i.LL_AHB1_GRP1_DisableClock              0x08000734   Section        0  gpio_cfg.o(i.LL_AHB1_GRP1_DisableClock)
    LL_AHB1_GRP1_DisableClock                0x08000735   Thumb Code    12  gpio_cfg.o(i.LL_AHB1_GRP1_DisableClock)
    i.LL_AHB1_GRP1_EnableClock               0x08000744   Section        0  gpio_cfg.o(i.LL_AHB1_GRP1_EnableClock)
    LL_AHB1_GRP1_EnableClock                 0x08000745   Thumb Code    24  gpio_cfg.o(i.LL_AHB1_GRP1_EnableClock)
    i.LL_GPIO_Init                           0x08000760   Section        0  stm32f4xx_ll_gpio.o(i.LL_GPIO_Init)
    i.LL_GPIO_IsInputPinSet                  0x080008a4   Section        0  dht11_cfg.o(i.LL_GPIO_IsInputPinSet)
    LL_GPIO_IsInputPinSet                    0x080008a5   Thumb Code    18  dht11_cfg.o(i.LL_GPIO_IsInputPinSet)
    i.LL_GPIO_SetOutputPin                   0x080008b6   Section        0  dht11_cfg.o(i.LL_GPIO_SetOutputPin)
    LL_GPIO_SetOutputPin                     0x080008b7   Thumb Code     4  dht11_cfg.o(i.LL_GPIO_SetOutputPin)
    i.LL_IWDG_ReloadCounter                  0x080008bc   Section        0  iwdg_cfg.o(i.LL_IWDG_ReloadCounter)
    LL_IWDG_ReloadCounter                    0x080008bd   Thumb Code    10  iwdg_cfg.o(i.LL_IWDG_ReloadCounter)
    i.LL_RNG_IsActiveFlag_DRDY               0x080008cc   Section        0  random_cfg.o(i.LL_RNG_IsActiveFlag_DRDY)
    LL_RNG_IsActiveFlag_DRDY                 0x080008cd   Thumb Code    10  random_cfg.o(i.LL_RNG_IsActiveFlag_DRDY)
    i.LL_SetSystemCoreClock                  0x080008d8   Section        0  stm32f4xx_ll_utils.o(i.LL_SetSystemCoreClock)
    i.MemManage_Handler                      0x080008e4   Section        0  stm32f4xx_it.o(i.MemManage_Handler)
    i.NMI_Handler                            0x080008e8   Section        0  stm32f4xx_it.o(i.NMI_Handler)
    i.NVIC_EncodePriority                    0x080008ea   Section        0  main.o(i.NVIC_EncodePriority)
    NVIC_EncodePriority                      0x080008eb   Thumb Code    64  main.o(i.NVIC_EncodePriority)
    i.NVIC_GetPriorityGrouping               0x0800092c   Section        0  main.o(i.NVIC_GetPriorityGrouping)
    NVIC_GetPriorityGrouping                 0x0800092d   Thumb Code    10  main.o(i.NVIC_GetPriorityGrouping)
    i.NVIC_Init                              0x0800093c   Section        0  main.o(i.NVIC_Init)
    i.NVIC_SetPriority                       0x08000a20   Section        0  main.o(i.NVIC_SetPriority)
    NVIC_SetPriority                         0x08000a21   Thumb Code    32  main.o(i.NVIC_SetPriority)
    i.PendSV_Handler                         0x08000a48   Section        0  stm32f4xx_it.o(i.PendSV_Handler)
    i.RandomLib_Init                         0x08000a4a   Section        0  random_lib.o(i.RandomLib_Init)
    i.RandomTask_Init                        0x08000a52   Section        0  random_task.o(i.RandomTask_Init)
    i.Random_Init                            0x08000a5c   Section        0  random_cfg.o(i.Random_Init)
    i.SVC_Handler                            0x08000a9c   Section        0  stm32f4xx_it.o(i.SVC_Handler)
    i.SysTickLib_1msTick                     0x08000a9e   Section        0  systick_lib.o(i.SysTickLib_1msTick)
    i.SysTickLib_IRQDecTick                  0x08000aa6   Section        0  systick_lib.o(i.SysTickLib_IRQDecTick)
    i.SysTickLib_IRQTask                     0x08000ab2   Section        0  systick_lib.o(i.SysTickLib_IRQTask)
    i.SysTickLib_Init                        0x08000aba   Section        0  systick_lib.o(i.SysTickLib_Init)
    i.SysTickLib_WaitTick                    0x08000ac2   Section        0  systick_lib.o(i.SysTickLib_WaitTick)
    i.SysTickTask_1msTick                    0x08000ace   Section        0  systick_task.o(i.SysTickTask_1msTick)
    i.SysTickTask_IRQDecTick                 0x08000ad6   Section        0  systick_task.o(i.SysTickTask_IRQDecTick)
    i.SysTickTask_IRQTask                    0x08000ae2   Section        0  systick_task.o(i.SysTickTask_IRQTask)
    i.SysTickTask_Init                       0x08000aea   Section        0  systick_task.o(i.SysTickTask_Init)
    i.SysTickTask_WaitTick                   0x08000af2   Section        0  systick_task.o(i.SysTickTask_WaitTick)
    i.SysTick_1msTick                        0x08000b00   Section        0  systick_cfg.o(i.SysTick_1msTick)
    i.SysTick_Handler                        0x08000b50   Section        0  stm32f4xx_it.o(i.SysTick_Handler)
    i.SysTick_IRQDecTick                     0x08000b58   Section        0  systick_cfg.o(i.SysTick_IRQDecTick)
    i.SysTick_IRQTask                        0x08000b8c   Section        0  systick_cfg.o(i.SysTick_IRQTask)
    i.SysTick_Init                           0x08000c2c   Section        0  systick_cfg.o(i.SysTick_Init)
    i.SysTick_Resume                         0x08000d30   Section        0  systick_cfg.o(i.SysTick_Resume)
    i.SysTick_StructInit                     0x08000d44   Section        0  systick_cfg.o(i.SysTick_StructInit)
    i.SysTick_Suspend                        0x08000d58   Section        0  systick_cfg.o(i.SysTick_Suspend)
    i.SysTick_WaitTick                       0x08000d6c   Section        0  systick_cfg.o(i.SysTick_WaitTick)
    i.Sys_Init                               0x08000de0   Section        0  main.o(i.Sys_Init)
    i.SystemClock_Config                     0x08000e18   Section        0  main.o(i.SystemClock_Config)
    i.SystemInit                             0x0800106c   Section        0  system_stm32f4xx.o(i.SystemInit)
    i.UsageFault_Handler                     0x080010d0   Section        0  stm32f4xx_it.o(i.UsageFault_Handler)
    i._Error_Handler                         0x080010d4   Section        0  stm32_cfg.o(i._Error_Handler)
    i.__scatterload_copy                     0x080010d8   Section       14  handlers.o(i.__scatterload_copy)
    i.__scatterload_null                     0x080010e6   Section        2  handlers.o(i.__scatterload_null)
    i.__scatterload_zeroinit                 0x080010e8   Section       14  handlers.o(i.__scatterload_zeroinit)
    i._irq_disable                           0x080010f6   Section        0  stm32_cfg.o(i._irq_disable)
    i._irq_enable                            0x080010fa   Section        0  stm32_cfg.o(i._irq_enable)
    i.main                                   0x08001100   Section        0  main.o(i.main)
    .data                                    0x20000000   Section        9  stm32f4xx_hal.o(.data)
    .data                                    0x2000000c   Section        4  system_stm32f4xx.o(.data)
    .data                                    0x20000010   Section        4  dht11_cfg.o(.data)
    .data                                    0x20000014   Section        8  iwdg_cfg.o(.data)
    .data                                    0x2000001c   Section        4  systick_cfg.o(.data)
    .bss                                     0x20000020   Section       20  dht11_cfg.o(.bss)
    .bss                                     0x20000034   Section       28  systick_cfg.o(.bss)
    STACK                                    0x20000050   Section     4096  startup_stm32f407xx.o(STACK)

    Global Symbols

    Symbol Name                              Value     Ov Type        Size  Object(Section)

    BuildAttributes$$THM_ISAv4$E$P$D$K$B$S$7EM$VFPi3$EXTD16$VFPS$VFMA$PE$A:L22UL41UL21$X:L11$S22US41US21$IEEE1$IW$USESV6$~STKCKD$USESV7$~SHL$OSPACE$ROPI$EBA8$MICROLIB$REQ8$PRES8$EABIv2 0x00000000   Number         0  anon$$obj.o ABSOLUTE
    __ARM_use_no_argv                        0x00000000   Number         0  main.o ABSOLUTE
    __cpp_initialize__aeabi_                  - Undefined Weak Reference
    __cxa_finalize                            - Undefined Weak Reference
    __decompress                              - Undefined Weak Reference
    _clock_init                               - Undefined Weak Reference
    _microlib_exit                            - Undefined Weak Reference
    __Vectors_Size                           0x00000188   Number         0  startup_stm32f407xx.o ABSOLUTE
    __Vectors                                0x08000000   Data           4  startup_stm32f407xx.o(RESET)
    __Vectors_End                            0x08000188   Data           0  startup_stm32f407xx.o(RESET)
    __main                                   0x08000189   Thumb Code     0  entry.o(.ARM.Collect$$$$00000000)
    _main_stk                                0x08000189   Thumb Code     0  entry2.o(.ARM.Collect$$$$00000001)
    _main_scatterload                        0x0800018d   Thumb Code     0  entry5.o(.ARM.Collect$$$$00000004)
    __main_after_scatterload                 0x08000191   Thumb Code     0  entry5.o(.ARM.Collect$$$$00000004)
    _main_clock                              0x08000191   Thumb Code     0  entry7b.o(.ARM.Collect$$$$00000008)
    _main_cpp_init                           0x08000191   Thumb Code     0  entry8b.o(.ARM.Collect$$$$0000000A)
    _main_init                               0x08000191   Thumb Code     0  entry9a.o(.ARM.Collect$$$$0000000B)
    __rt_final_cpp                           0x08000199   Thumb Code     0  entry10a.o(.ARM.Collect$$$$0000000D)
    __rt_final_exit                          0x08000199   Thumb Code     0  entry11a.o(.ARM.Collect$$$$0000000F)
    Reset_Handler                            0x0800019d   Thumb Code     8  startup_stm32f407xx.o(.text)
    ADC_IRQHandler                           0x080001b7   Thumb Code     0  startup_stm32f407xx.o(.text)
    CAN1_RX0_IRQHandler                      0x080001b7   Thumb Code     0  startup_stm32f407xx.o(.text)
    CAN1_RX1_IRQHandler                      0x080001b7   Thumb Code     0  startup_stm32f407xx.o(.text)
    CAN1_SCE_IRQHandler                      0x080001b7   Thumb Code     0  startup_stm32f407xx.o(.text)
    CAN1_TX_IRQHandler                       0x080001b7   Thumb Code     0  startup_stm32f407xx.o(.text)
    CAN2_RX0_IRQHandler                      0x080001b7   Thumb Code     0  startup_stm32f407xx.o(.text)
    CAN2_RX1_IRQHandler                      0x080001b7   Thumb Code     0  startup_stm32f407xx.o(.text)
    CAN2_SCE_IRQHandler                      0x080001b7   Thumb Code     0  startup_stm32f407xx.o(.text)
    CAN2_TX_IRQHandler                       0x080001b7   Thumb Code     0  startup_stm32f407xx.o(.text)
    DCMI_IRQHandler                          0x080001b7   Thumb Code     0  startup_stm32f407xx.o(.text)
    DMA1_Stream0_IRQHandler                  0x080001b7   Thumb Code     0  startup_stm32f407xx.o(.text)
    DMA1_Stream1_IRQHandler                  0x080001b7   Thumb Code     0  startup_stm32f407xx.o(.text)
    DMA1_Stream2_IRQHandler                  0x080001b7   Thumb Code     0  startup_stm32f407xx.o(.text)
    DMA1_Stream3_IRQHandler                  0x080001b7   Thumb Code     0  startup_stm32f407xx.o(.text)
    DMA1_Stream4_IRQHandler                  0x080001b7   Thumb Code     0  startup_stm32f407xx.o(.text)
    DMA1_Stream5_IRQHandler                  0x080001b7   Thumb Code     0  startup_stm32f407xx.o(.text)
    DMA1_Stream6_IRQHandler                  0x080001b7   Thumb Code     0  startup_stm32f407xx.o(.text)
    DMA1_Stream7_IRQHandler                  0x080001b7   Thumb Code     0  startup_stm32f407xx.o(.text)
    DMA2_Stream0_IRQHandler                  0x080001b7   Thumb Code     0  startup_stm32f407xx.o(.text)
    DMA2_Stream1_IRQHandler                  0x080001b7   Thumb Code     0  startup_stm32f407xx.o(.text)
    DMA2_Stream2_IRQHandler                  0x080001b7   Thumb Code     0  startup_stm32f407xx.o(.text)
    DMA2_Stream3_IRQHandler                  0x080001b7   Thumb Code     0  startup_stm32f407xx.o(.text)
    DMA2_Stream4_IRQHandler                  0x080001b7   Thumb Code     0  startup_stm32f407xx.o(.text)
    DMA2_Stream5_IRQHandler                  0x080001b7   Thumb Code     0  startup_stm32f407xx.o(.text)
    DMA2_Stream6_IRQHandler                  0x080001b7   Thumb Code     0  startup_stm32f407xx.o(.text)
    DMA2_Stream7_IRQHandler                  0x080001b7   Thumb Code     0  startup_stm32f407xx.o(.text)
    ETH_IRQHandler                           0x080001b7   Thumb Code     0  startup_stm32f407xx.o(.text)
    ETH_WKUP_IRQHandler                      0x080001b7   Thumb Code     0  startup_stm32f407xx.o(.text)
    EXTI0_IRQHandler                         0x080001b7   Thumb Code     0  startup_stm32f407xx.o(.text)
    EXTI15_10_IRQHandler                     0x080001b7   Thumb Code     0  startup_stm32f407xx.o(.text)
    EXTI1_IRQHandler                         0x080001b7   Thumb Code     0  startup_stm32f407xx.o(.text)
    EXTI2_IRQHandler                         0x080001b7   Thumb Code     0  startup_stm32f407xx.o(.text)
    EXTI3_IRQHandler                         0x080001b7   Thumb Code     0  startup_stm32f407xx.o(.text)
    EXTI4_IRQHandler                         0x080001b7   Thumb Code     0  startup_stm32f407xx.o(.text)
    EXTI9_5_IRQHandler                       0x080001b7   Thumb Code     0  startup_stm32f407xx.o(.text)
    FLASH_IRQHandler                         0x080001b7   Thumb Code     0  startup_stm32f407xx.o(.text)
    FMC_IRQHandler                           0x080001b7   Thumb Code     0  startup_stm32f407xx.o(.text)
    FPU_IRQHandler                           0x080001b7   Thumb Code     0  startup_stm32f407xx.o(.text)
    HASH_RNG_IRQHandler                      0x080001b7   Thumb Code     0  startup_stm32f407xx.o(.text)
    I2C1_ER_IRQHandler                       0x080001b7   Thumb Code     0  startup_stm32f407xx.o(.text)
    I2C1_EV_IRQHandler                       0x080001b7   Thumb Code     0  startup_stm32f407xx.o(.text)
    I2C2_ER_IRQHandler                       0x080001b7   Thumb Code     0  startup_stm32f407xx.o(.text)
    I2C2_EV_IRQHandler                       0x080001b7   Thumb Code     0  startup_stm32f407xx.o(.text)
    I2C3_ER_IRQHandler                       0x080001b7   Thumb Code     0  startup_stm32f407xx.o(.text)
    I2C3_EV_IRQHandler                       0x080001b7   Thumb Code     0  startup_stm32f407xx.o(.text)
    OTG_FS_IRQHandler                        0x080001b7   Thumb Code     0  startup_stm32f407xx.o(.text)
    OTG_FS_WKUP_IRQHandler                   0x080001b7   Thumb Code     0  startup_stm32f407xx.o(.text)
    OTG_HS_EP1_IN_IRQHandler                 0x080001b7   Thumb Code     0  startup_stm32f407xx.o(.text)
    OTG_HS_EP1_OUT_IRQHandler                0x080001b7   Thumb Code     0  startup_stm32f407xx.o(.text)
    OTG_HS_IRQHandler                        0x080001b7   Thumb Code     0  startup_stm32f407xx.o(.text)
    OTG_HS_WKUP_IRQHandler                   0x080001b7   Thumb Code     0  startup_stm32f407xx.o(.text)
    PVD_IRQHandler                           0x080001b7   Thumb Code     0  startup_stm32f407xx.o(.text)
    RCC_IRQHandler                           0x080001b7   Thumb Code     0  startup_stm32f407xx.o(.text)
    RTC_Alarm_IRQHandler                     0x080001b7   Thumb Code     0  startup_stm32f407xx.o(.text)
    RTC_WKUP_IRQHandler                      0x080001b7   Thumb Code     0  startup_stm32f407xx.o(.text)
    SDIO_IRQHandler                          0x080001b7   Thumb Code     0  startup_stm32f407xx.o(.text)
    SPI1_IRQHandler                          0x080001b7   Thumb Code     0  startup_stm32f407xx.o(.text)
    SPI2_IRQHandler                          0x080001b7   Thumb Code     0  startup_stm32f407xx.o(.text)
    SPI3_IRQHandler                          0x080001b7   Thumb Code     0  startup_stm32f407xx.o(.text)
    TAMP_STAMP_IRQHandler                    0x080001b7   Thumb Code     0  startup_stm32f407xx.o(.text)
    TIM1_BRK_TIM9_IRQHandler                 0x080001b7   Thumb Code     0  startup_stm32f407xx.o(.text)
    TIM1_CC_IRQHandler                       0x080001b7   Thumb Code     0  startup_stm32f407xx.o(.text)
    TIM1_TRG_COM_TIM11_IRQHandler            0x080001b7   Thumb Code     0  startup_stm32f407xx.o(.text)
    TIM1_UP_TIM10_IRQHandler                 0x080001b7   Thumb Code     0  startup_stm32f407xx.o(.text)
    TIM2_IRQHandler                          0x080001b7   Thumb Code     0  startup_stm32f407xx.o(.text)
    TIM3_IRQHandler                          0x080001b7   Thumb Code     0  startup_stm32f407xx.o(.text)
    TIM4_IRQHandler                          0x080001b7   Thumb Code     0  startup_stm32f407xx.o(.text)
    TIM5_IRQHandler                          0x080001b7   Thumb Code     0  startup_stm32f407xx.o(.text)
    TIM6_DAC_IRQHandler                      0x080001b7   Thumb Code     0  startup_stm32f407xx.o(.text)
    TIM7_IRQHandler                          0x080001b7   Thumb Code     0  startup_stm32f407xx.o(.text)
    TIM8_BRK_TIM12_IRQHandler                0x080001b7   Thumb Code     0  startup_stm32f407xx.o(.text)
    TIM8_CC_IRQHandler                       0x080001b7   Thumb Code     0  startup_stm32f407xx.o(.text)
    TIM8_TRG_COM_TIM14_IRQHandler            0x080001b7   Thumb Code     0  startup_stm32f407xx.o(.text)
    TIM8_UP_TIM13_IRQHandler                 0x080001b7   Thumb Code     0  startup_stm32f407xx.o(.text)
    UART4_IRQHandler                         0x080001b7   Thumb Code     0  startup_stm32f407xx.o(.text)
    UART5_IRQHandler                         0x080001b7   Thumb Code     0  startup_stm32f407xx.o(.text)
    USART1_IRQHandler                        0x080001b7   Thumb Code     0  startup_stm32f407xx.o(.text)
    USART2_IRQHandler                        0x080001b7   Thumb Code     0  startup_stm32f407xx.o(.text)
    USART3_IRQHandler                        0x080001b7   Thumb Code     0  startup_stm32f407xx.o(.text)
    USART6_IRQHandler                        0x080001b7   Thumb Code     0  startup_stm32f407xx.o(.text)
    WWDG_IRQHandler                          0x080001b7   Thumb Code     0  startup_stm32f407xx.o(.text)
    __scatterload                            0x080001c1   Thumb Code    28  init.o(.text)
    __scatterload_rt2                        0x080001c1   Thumb Code     0  init.o(.text)
    BusFault_Handler                         0x080001e5   Thumb Code     4  stm32f4xx_it.o(i.BusFault_Handler)
    DHT11_Check                              0x080001e9   Thumb Code   110  dht11_cfg.o(i.DHT11_Check)
    DHT11_Device0_Init                       0x08000259   Thumb Code    16  dht11_cfg.o(i.DHT11_Device0_Init)
    DHT11_GPIO_Init                          0x0800026d   Thumb Code    68  dht11_cfg.o(i.DHT11_GPIO_Init)
    DHT11_Init                               0x080002b1   Thumb Code    60  dht11_cfg.o(i.DHT11_Init)
    DHT11_RESET                              0x080002f9   Thumb Code    64  dht11_cfg.o(i.DHT11_RESET)
    DHT11_Read                               0x08000339   Thumb Code   128  dht11_cfg.o(i.DHT11_Read)
    DHT11_ReadBit                            0x080003b9   Thumb Code   110  dht11_cfg.o(i.DHT11_ReadBit)
    DHT11_ReadByte                           0x08000427   Thumb Code    36  dht11_cfg.o(i.DHT11_ReadByte)
    DHT11_START                              0x0800044b   Thumb Code    18  dht11_cfg.o(i.DHT11_START)
    DHT11_StructInit                         0x0800045d   Thumb Code    14  dht11_cfg.o(i.DHT11_StructInit)
    DebugMon_Handler                         0x0800046b   Thumb Code     2  stm32f4xx_it.o(i.DebugMon_Handler)
    DelayLib_ms                              0x0800046d   Thumb Code    12  delay_lib.o(i.DelayLib_ms)
    DelayNLib_us                             0x08000479   Thumb Code    12  delay_lib.o(i.DelayNLib_us)
    DelayN_ms                                0x08000485   Thumb Code    34  delay_cfg.o(i.DelayN_ms)
    DelayN_us                                0x080004ad   Thumb Code    60  delay_cfg.o(i.DelayN_us)
    DelayTask_ms                             0x080004f1   Thumb Code    12  delay_task.o(i.DelayTask_ms)
    DelayTask_us                             0x080004fd   Thumb Code    12  delay_task.o(i.DelayTask_us)
    Delay_ms                                 0x08000509   Thumb Code    28  delay_cfg.o(i.Delay_ms)
    Delay_nop                                0x08000525   Thumb Code    16  delay_cfg.o(i.Delay_nop)
    GPIOLib_Clock                            0x08000535   Thumb Code    16  gpio_lib.o(i.GPIOLib_Clock)
    GPIOLib_Init                             0x08000545   Thumb Code     8  gpio_lib.o(i.GPIOLib_Init)
    GPIOTask_Clock                           0x0800054d   Thumb Code    16  gpio_task.o(i.GPIOTask_Clock)
    GPIOTask_Init                            0x0800055d   Thumb Code     8  gpio_task.o(i.GPIOTask_Init)
    GPIO_Clock                               0x08000565   Thumb Code   228  gpio_cfg.o(i.GPIO_Clock)
    GPIO_Init                                0x0800066d   Thumb Code   102  gpio_cfg.o(i.GPIO_Init)
    HAL_IncTick                              0x080006fd   Thumb Code    16  stm32f4xx_hal.o(i.HAL_IncTick)
    HardFault_Handler                        0x08000715   Thumb Code     4  stm32f4xx_it.o(i.HardFault_Handler)
    IWDG_Reset                               0x08000719   Thumb Code    22  iwdg_cfg.o(i.IWDG_Reset)
    LL_GPIO_Init                             0x08000761   Thumb Code   324  stm32f4xx_ll_gpio.o(i.LL_GPIO_Init)
    LL_SetSystemCoreClock                    0x080008d9   Thumb Code     6  stm32f4xx_ll_utils.o(i.LL_SetSystemCoreClock)
    MemManage_Handler                        0x080008e5   Thumb Code     4  stm32f4xx_it.o(i.MemManage_Handler)
    NMI_Handler                              0x080008e9   Thumb Code     2  stm32f4xx_it.o(i.NMI_Handler)
    NVIC_Init                                0x0800093d   Thumb Code   214  main.o(i.NVIC_Init)
    PendSV_Handler                           0x08000a49   Thumb Code     2  stm32f4xx_it.o(i.PendSV_Handler)
    RandomLib_Init                           0x08000a4b   Thumb Code     8  random_lib.o(i.RandomLib_Init)
    RandomTask_Init                          0x08000a53   Thumb Code     8  random_task.o(i.RandomTask_Init)
    Random_Init                              0x08000a5d   Thumb Code    56  random_cfg.o(i.Random_Init)
    SVC_Handler                              0x08000a9d   Thumb Code     2  stm32f4xx_it.o(i.SVC_Handler)
    SysTickLib_1msTick                       0x08000a9f   Thumb Code     8  systick_lib.o(i.SysTickLib_1msTick)
    SysTickLib_IRQDecTick                    0x08000aa7   Thumb Code    12  systick_lib.o(i.SysTickLib_IRQDecTick)
    SysTickLib_IRQTask                       0x08000ab3   Thumb Code     8  systick_lib.o(i.SysTickLib_IRQTask)
    SysTickLib_Init                          0x08000abb   Thumb Code     8  systick_lib.o(i.SysTickLib_Init)
    SysTickLib_WaitTick                      0x08000ac3   Thumb Code    12  systick_lib.o(i.SysTickLib_WaitTick)
    SysTickTask_1msTick                      0x08000acf   Thumb Code     8  systick_task.o(i.SysTickTask_1msTick)
    SysTickTask_IRQDecTick                   0x08000ad7   Thumb Code    12  systick_task.o(i.SysTickTask_IRQDecTick)
    SysTickTask_IRQTask                      0x08000ae3   Thumb Code     8  systick_task.o(i.SysTickTask_IRQTask)
    SysTickTask_Init                         0x08000aeb   Thumb Code     8  systick_task.o(i.SysTickTask_Init)
    SysTickTask_WaitTick                     0x08000af3   Thumb Code    12  systick_task.o(i.SysTickTask_WaitTick)
    SysTick_1msTick                          0x08000b01   Thumb Code    76  systick_cfg.o(i.SysTick_1msTick)
    SysTick_Handler                          0x08000b51   Thumb Code     8  stm32f4xx_it.o(i.SysTick_Handler)
    SysTick_IRQDecTick                       0x08000b59   Thumb Code    42  systick_cfg.o(i.SysTick_IRQDecTick)
    SysTick_IRQTask                          0x08000b8d   Thumb Code   154  systick_cfg.o(i.SysTick_IRQTask)
    SysTick_Init                             0x08000c2d   Thumb Code   230  systick_cfg.o(i.SysTick_Init)
    SysTick_Resume                           0x08000d31   Thumb Code    20  systick_cfg.o(i.SysTick_Resume)
    SysTick_StructInit                       0x08000d45   Thumb Code    20  systick_cfg.o(i.SysTick_StructInit)
    SysTick_Suspend                          0x08000d59   Thumb Code    20  systick_cfg.o(i.SysTick_Suspend)
    SysTick_WaitTick                         0x08000d6d   Thumb Code   104  systick_cfg.o(i.SysTick_WaitTick)
    Sys_Init                                 0x08000de1   Thumb Code    44  main.o(i.Sys_Init)
    SystemClock_Config                       0x08000e19   Thumb Code   544  main.o(i.SystemClock_Config)
    SystemInit                               0x0800106d   Thumb Code    82  system_stm32f4xx.o(i.SystemInit)
    UsageFault_Handler                       0x080010d1   Thumb Code     4  stm32f4xx_it.o(i.UsageFault_Handler)
    _Error_Handler                           0x080010d5   Thumb Code     4  stm32_cfg.o(i._Error_Handler)
    __scatterload_copy                       0x080010d9   Thumb Code    14  handlers.o(i.__scatterload_copy)
    __scatterload_null                       0x080010e7   Thumb Code     2  handlers.o(i.__scatterload_null)
    __scatterload_zeroinit                   0x080010e9   Thumb Code    14  handlers.o(i.__scatterload_zeroinit)
    _irq_disable                             0x080010f7   Thumb Code     4  stm32_cfg.o(i._irq_disable)
    _irq_enable                              0x080010fb   Thumb Code     4  stm32_cfg.o(i._irq_enable)
    main                                     0x08001101   Thumb Code    16  main.o(i.main)
    Region$$Table$$Base                      0x08001114   Number         0  anon$$obj.o(Region$$Table)
    Region$$Table$$Limit                     0x08001134   Number         0  anon$$obj.o(Region$$Table)
    uwTick                                   0x20000000   Data           4  stm32f4xx_hal.o(.data)
    uwTickPrio                               0x20000004   Data           4  stm32f4xx_hal.o(.data)
    uwTickFreq                               0x20000008   Data           1  stm32f4xx_hal.o(.data)
    SystemCoreClock                          0x2000000c   Data           4  system_stm32f4xx.o(.data)
    pDHT11Device0                            0x20000010   Data           4  dht11_cfg.o(.data)
    g_IWDG                                   0x20000014   Data           4  iwdg_cfg.o(.data)
    pIWDG                                    0x20000018   Data           4  iwdg_cfg.o(.data)
    pSysTick                                 0x2000001c   Data           4  systick_cfg.o(.data)
    g_DHT11Device0                           0x20000020   Data          20  dht11_cfg.o(.bss)
    g_SysTick                                0x20000034   Data          28  systick_cfg.o(.bss)
    __initial_sp                             0x20001050   Data           0  startup_stm32f407xx.o(STACK)



==============================================================================

Memory Map of the image

  Image Entry point : 0x08000189

  Load Region LR_IROM1 (Base: 0x08000000, Size: 0x00001154, Max: 0x00080000, ABSOLUTE)

    Execution Region ER_IROM1 (Exec base: 0x08000000, Load base: 0x08000000, Size: 0x00001134, Max: 0x00080000, ABSOLUTE)

    Exec Addr    Load Addr    Size         Type   Attr      Idx    E Section Name        Object

    0x08000000   0x08000000   0x00000188   Data   RO         1774    RESET               startup_stm32f407xx.o
    0x08000188   0x08000188   0x00000000   Code   RO         4269  * .ARM.Collect$$$$00000000  mc_w.l(entry.o)
    0x08000188   0x08000188   0x00000004   Code   RO         4284    .ARM.Collect$$$$00000001  mc_w.l(entry2.o)
    0x0800018c   0x0800018c   0x00000004   Code   RO         4287    .ARM.Collect$$$$00000004  mc_w.l(entry5.o)
    0x08000190   0x08000190   0x00000000   Code   RO         4289    .ARM.Collect$$$$00000008  mc_w.l(entry7b.o)
    0x08000190   0x08000190   0x00000000   Code   RO         4291    .ARM.Collect$$$$0000000A  mc_w.l(entry8b.o)
    0x08000190   0x08000190   0x00000008   Code   RO         4292    .ARM.Collect$$$$0000000B  mc_w.l(entry9a.o)
    0x08000198   0x08000198   0x00000000   Code   RO         4294    .ARM.Collect$$$$0000000D  mc_w.l(entry10a.o)
    0x08000198   0x08000198   0x00000000   Code   RO         4296    .ARM.Collect$$$$0000000F  mc_w.l(entry11a.o)
    0x08000198   0x08000198   0x00000004   Code   RO         4285    .ARM.Collect$$$$00002712  mc_w.l(entry2.o)
    0x0800019c   0x0800019c   0x00000024   Code   RO         1775    .text               startup_stm32f407xx.o
    0x080001c0   0x080001c0   0x00000024   Code   RO         4307    .text               mc_w.l(init.o)
    0x080001e4   0x080001e4   0x00000004   Code   RO         1826    i.BusFault_Handler  stm32f4xx_it.o
    0x080001e8   0x080001e8   0x0000006e   Code   RO         2515    i.DHT11_Check       dht11_cfg.o
    0x08000256   0x08000256   0x00000002   PAD
    0x08000258   0x08000258   0x00000014   Code   RO         2517    i.DHT11_Device0_Init  dht11_cfg.o
    0x0800026c   0x0800026c   0x00000044   Code   RO         2518    i.DHT11_GPIO_Init   dht11_cfg.o
    0x080002b0   0x080002b0   0x00000048   Code   RO         2519    i.DHT11_Init        dht11_cfg.o
    0x080002f8   0x080002f8   0x00000040   Code   RO         2520    i.DHT11_RESET       dht11_cfg.o
    0x08000338   0x08000338   0x00000080   Code   RO         2521    i.DHT11_Read        dht11_cfg.o
    0x080003b8   0x080003b8   0x0000006e   Code   RO         2522    i.DHT11_ReadBit     dht11_cfg.o
    0x08000426   0x08000426   0x00000024   Code   RO         2523    i.DHT11_ReadByte    dht11_cfg.o
    0x0800044a   0x0800044a   0x00000012   Code   RO         2524    i.DHT11_START       dht11_cfg.o
    0x0800045c   0x0800045c   0x0000000e   Code   RO         2525    i.DHT11_StructInit  dht11_cfg.o
    0x0800046a   0x0800046a   0x00000002   Code   RO         1827    i.DebugMon_Handler  stm32f4xx_it.o
    0x0800046c   0x0800046c   0x0000000c   Code   RO         2398    i.DelayLib_ms       delay_lib.o
    0x08000478   0x08000478   0x0000000c   Code   RO         2404    i.DelayNLib_us      delay_lib.o
    0x08000484   0x08000484   0x00000028   Code   RO         2329    i.DelayN_ms         delay_cfg.o
    0x080004ac   0x080004ac   0x00000044   Code   RO         2331    i.DelayN_us         delay_cfg.o
    0x080004f0   0x080004f0   0x0000000c   Code   RO         2466    i.DelayTask_ms      delay_task.o
    0x080004fc   0x080004fc   0x0000000c   Code   RO         2469    i.DelayTask_us      delay_task.o
    0x08000508   0x08000508   0x0000001c   Code   RO         2333    i.Delay_ms          delay_cfg.o
    0x08000524   0x08000524   0x00000010   Code   RO         2334    i.Delay_nop         delay_cfg.o
    0x08000534   0x08000534   0x00000010   Code   RO         2952    i.GPIOLib_Clock     gpio_lib.o
    0x08000544   0x08000544   0x00000008   Code   RO         2953    i.GPIOLib_Init      gpio_lib.o
    0x0800054c   0x0800054c   0x00000010   Code   RO         2984    i.GPIOTask_Clock    gpio_task.o
    0x0800055c   0x0800055c   0x00000008   Code   RO         2985    i.GPIOTask_Init     gpio_task.o
    0x08000564   0x08000564   0x00000108   Code   RO         2907    i.GPIO_Clock        gpio_cfg.o
    0x0800066c   0x0800066c   0x00000090   Code   RO         2908    i.GPIO_Init         gpio_cfg.o
    0x080006fc   0x080006fc   0x00000018   Code   RO           21    i.HAL_IncTick       stm32f4xx_hal.o
    0x08000714   0x08000714   0x00000004   Code   RO         1828    i.HardFault_Handler  stm32f4xx_it.o
    0x08000718   0x08000718   0x0000001c   Code   RO         3374    i.IWDG_Reset        iwdg_cfg.o
    0x08000734   0x08000734   0x00000010   Code   RO         2909    i.LL_AHB1_GRP1_DisableClock  gpio_cfg.o
    0x08000744   0x08000744   0x0000001c   Code   RO         2910    i.LL_AHB1_GRP1_EnableClock  gpio_cfg.o
    0x08000760   0x08000760   0x00000144   Code   RO          927    i.LL_GPIO_Init      stm32f4xx_ll_gpio.o
    0x080008a4   0x080008a4   0x00000012   Code   RO         2526    i.LL_GPIO_IsInputPinSet  dht11_cfg.o
    0x080008b6   0x080008b6   0x00000004   Code   RO         2527    i.LL_GPIO_SetOutputPin  dht11_cfg.o
    0x080008ba   0x080008ba   0x00000002   PAD
    0x080008bc   0x080008bc   0x00000010   Code   RO         3375    i.LL_IWDG_ReloadCounter  iwdg_cfg.o
    0x080008cc   0x080008cc   0x0000000a   Code   RO         3505    i.LL_RNG_IsActiveFlag_DRDY  random_cfg.o
    0x080008d6   0x080008d6   0x00000002   PAD
    0x080008d8   0x080008d8   0x0000000c   Code   RO         1643    i.LL_SetSystemCoreClock  stm32f4xx_ll_utils.o
    0x080008e4   0x080008e4   0x00000004   Code   RO         1829    i.MemManage_Handler  stm32f4xx_it.o
    0x080008e8   0x080008e8   0x00000002   Code   RO         1830    i.NMI_Handler       stm32f4xx_it.o
    0x080008ea   0x080008ea   0x00000040   Code   RO         2039    i.NVIC_EncodePriority  main.o
    0x0800092a   0x0800092a   0x00000002   PAD
    0x0800092c   0x0800092c   0x00000010   Code   RO         2040    i.NVIC_GetPriorityGrouping  main.o
    0x0800093c   0x0800093c   0x000000e4   Code   RO         2041    i.NVIC_Init         main.o
    0x08000a20   0x08000a20   0x00000028   Code   RO         2042    i.NVIC_SetPriority  main.o
    0x08000a48   0x08000a48   0x00000002   Code   RO         1831    i.PendSV_Handler    stm32f4xx_it.o
    0x08000a4a   0x08000a4a   0x00000008   Code   RO         3562    i.RandomLib_Init    random_lib.o
    0x08000a52   0x08000a52   0x00000008   Code   RO         3600    i.RandomTask_Init   random_task.o
    0x08000a5a   0x08000a5a   0x00000002   PAD
    0x08000a5c   0x08000a5c   0x00000040   Code   RO         3509    i.Random_Init       random_cfg.o
    0x08000a9c   0x08000a9c   0x00000002   Code   RO         1832    i.SVC_Handler       stm32f4xx_it.o
    0x08000a9e   0x08000a9e   0x00000008   Code   RO         3739    i.SysTickLib_1msTick  systick_lib.o
    0x08000aa6   0x08000aa6   0x0000000c   Code   RO         3743    i.SysTickLib_IRQDecTick  systick_lib.o
    0x08000ab2   0x08000ab2   0x00000008   Code   RO         3744    i.SysTickLib_IRQTask  systick_lib.o
    0x08000aba   0x08000aba   0x00000008   Code   RO         3745    i.SysTickLib_Init   systick_lib.o
    0x08000ac2   0x08000ac2   0x0000000c   Code   RO         3747    i.SysTickLib_WaitTick  systick_lib.o
    0x08000ace   0x08000ace   0x00000008   Code   RO         3813    i.SysTickTask_1msTick  systick_task.o
    0x08000ad6   0x08000ad6   0x0000000c   Code   RO         3817    i.SysTickTask_IRQDecTick  systick_task.o
    0x08000ae2   0x08000ae2   0x00000008   Code   RO         3818    i.SysTickTask_IRQTask  systick_task.o
    0x08000aea   0x08000aea   0x00000008   Code   RO         3819    i.SysTickTask_Init  systick_task.o
    0x08000af2   0x08000af2   0x0000000c   Code   RO         3821    i.SysTickTask_WaitTick  systick_task.o
    0x08000afe   0x08000afe   0x00000002   PAD
    0x08000b00   0x08000b00   0x00000050   Code   RO         3636    i.SysTick_1msTick   systick_cfg.o
    0x08000b50   0x08000b50   0x00000008   Code   RO         1833    i.SysTick_Handler   stm32f4xx_it.o
    0x08000b58   0x08000b58   0x00000034   Code   RO         3640    i.SysTick_IRQDecTick  systick_cfg.o
    0x08000b8c   0x08000b8c   0x000000a0   Code   RO         3641    i.SysTick_IRQTask   systick_cfg.o
    0x08000c2c   0x08000c2c   0x00000104   Code   RO         3642    i.SysTick_Init      systick_cfg.o
    0x08000d30   0x08000d30   0x00000014   Code   RO         3643    i.SysTick_Resume    systick_cfg.o
    0x08000d44   0x08000d44   0x00000014   Code   RO         3644    i.SysTick_StructInit  systick_cfg.o
    0x08000d58   0x08000d58   0x00000014   Code   RO         3645    i.SysTick_Suspend   systick_cfg.o
    0x08000d6c   0x08000d6c   0x00000074   Code   RO         3647    i.SysTick_WaitTick  systick_cfg.o
    0x08000de0   0x08000de0   0x00000038   Code   RO         2043    i.Sys_Init          main.o
    0x08000e18   0x08000e18   0x00000254   Code   RO         2044    i.SystemClock_Config  main.o
    0x0800106c   0x0800106c   0x00000064   Code   RO         1739    i.SystemInit        system_stm32f4xx.o
    0x080010d0   0x080010d0   0x00000004   Code   RO         1834    i.UsageFault_Handler  stm32f4xx_it.o
    0x080010d4   0x080010d4   0x00000004   Code   RO         1782    i._Error_Handler    stm32_cfg.o
    0x080010d8   0x080010d8   0x0000000e   Code   RO         4311    i.__scatterload_copy  mc_w.l(handlers.o)
    0x080010e6   0x080010e6   0x00000002   Code   RO         4312    i.__scatterload_null  mc_w.l(handlers.o)
    0x080010e8   0x080010e8   0x0000000e   Code   RO         4313    i.__scatterload_zeroinit  mc_w.l(handlers.o)
    0x080010f6   0x080010f6   0x00000004   Code   RO         1783    i._irq_disable      stm32_cfg.o
    0x080010fa   0x080010fa   0x00000004   Code   RO         1784    i._irq_enable       stm32_cfg.o
    0x080010fe   0x080010fe   0x00000002   PAD
    0x08001100   0x08001100   0x00000014   Code   RO         2045    i.main              main.o
    0x08001114   0x08001114   0x00000020   Data   RO         4309    Region$$Table       anon$$obj.o


    Execution Region RW_IRAM1 (Exec base: 0x20000000, Load base: 0x08001134, Size: 0x00001050, Max: 0x00020000, ABSOLUTE)

    Exec Addr    Load Addr    Size         Type   Attr      Idx    E Section Name        Object

    0x20000000   0x08001134   0x00000009   Data   RW           30    .data               stm32f4xx_hal.o
    0x20000009   0x0800113d   0x00000003   PAD
    0x2000000c   0x08001140   0x00000004   Data   RW         1741    .data               system_stm32f4xx.o
    0x20000010   0x08001144   0x00000004   Data   RW         2530    .data               dht11_cfg.o
    0x20000014   0x08001148   0x00000008   Data   RW         3377    .data               iwdg_cfg.o
    0x2000001c   0x08001150   0x00000004   Data   RW         3650    .data               systick_cfg.o
    0x20000020        -       0x00000014   Zero   RW         2528    .bss                dht11_cfg.o
    0x20000034        -       0x0000001c   Zero   RW         3648    .bss                systick_cfg.o
    0x20000050        -       0x00001000   Zero   RW         1772    STACK               startup_stm32f407xx.o


==============================================================================

Image component sizes


      Code (inc. data)   RO Data    RW Data    ZI Data      Debug   Object Name

       152         14          0          0          0       2211   delay_cfg.o
        24          0          0          0          0       1093   delay_lib.o
        24          0          0          0          0       1102   delay_task.o
       662         16          0          4         20      13410   dht11_cfg.o
       452         86          0          0          0       8549   gpio_cfg.o
        24          0          0          0          0       1483   gpio_lib.o
        24          0          0          0          0       1493   gpio_task.o
        44         12          0          8          0       3884   iwdg_cfg.o
      1020         96          0          0          0      73798   main.o
        74          8          0          0          0       8306   random_cfg.o
         8          0          0          0          0        509   random_lib.o
         8          0          0          0          0        510   random_task.o
        36          8        392          0       4096        844   startup_stm32f407xx.o
        12          0          0          0          0       1418   stm32_cfg.o
        24          8          0          9          0     594257   stm32f4xx_hal.o
        32          0          0          0          0       4262   stm32f4xx_it.o
       324          0          0          0          0       7423   stm32f4xx_ll_gpio.o
        12          6          0          0          0       2080   stm32f4xx_ll_utils.o
       100         18          0          4          0       1383   system_stm32f4xx.o
       728         62          0          4         28      33500   systick_cfg.o
        48          0          0          0          0       2842   systick_lib.o
        48          0          0          0          0       2863   systick_task.o

    ----------------------------------------------------------------------
      3894        334        424         32       4144     767220   Object Totals
         0          0         32          0          0          0   (incl. Generated)
        14          0          0          3          0          0   (incl. Padding)

    ----------------------------------------------------------------------

      Code (inc. data)   RO Data    RW Data    ZI Data      Debug   Library Member Name

         0          0          0          0          0          0   entry.o
         0          0          0          0          0          0   entry10a.o
         0          0          0          0          0          0   entry11a.o
         8          4          0          0          0          0   entry2.o
         4          0          0          0          0          0   entry5.o
         0          0          0          0          0          0   entry7b.o
         0          0          0          0          0          0   entry8b.o
         8          4          0          0          0          0   entry9a.o
        30          0          0          0          0          0   handlers.o
        36          8          0          0          0         68   init.o

    ----------------------------------------------------------------------
        86         16          0          0          0         68   Library Totals
         0          0          0          0          0          0   (incl. Padding)

    ----------------------------------------------------------------------

      Code (inc. data)   RO Data    RW Data    ZI Data      Debug   Library Name

        86         16          0          0          0         68   mc_w.l

    ----------------------------------------------------------------------
        86         16          0          0          0         68   Library Totals

    ----------------------------------------------------------------------

==============================================================================


      Code (inc. data)   RO Data    RW Data    ZI Data      Debug   

      3980        350        424         32       4144     760492   Grand Totals
      3980        350        424         32       4144     760492   ELF Image Totals
      3980        350        424         32          0          0   ROM Totals

==============================================================================

    Total RO  Size (Code + RO Data)                 4404 (   4.30kB)
    Total RW  Size (RW Data + ZI Data)              4176 (   4.08kB)
    Total ROM Size (Code + RO Data + RW Data)       4436 (   4.33kB)

==============================================================================

