<html>
<body>
<pre>
<h1>µVision Build Log</h1>
<h2>Tool Versions:</h2>
IDE-Version: ¦ÌVision V5.26.0.0
Copyright (C) 2018 ARM Ltd and ARM Germany GmbH. All rights reserved.
License Information: Harry Harry, SYNOXO, LIC=AK1VE-5312Z-ZB9EA-1Z1HD-5FI8W-4HI2B
 
Tool Versions:
Toolchain:       MDK-ARM Professional  Version: 5.26.0.0
Toolchain Path:  D:\Keil_v5\ARM\ARMCC\Bin
C Compiler:      Armcc.exe V5.06 update 6 (build 750)
Assembler:       Armasm.exe V5.06 update 6 (build 750)
Linker/Locator:  ArmLink.exe V5.06 update 6 (build 750)
Library Manager: ArmAr.exe V5.06 update 6 (build 750)
Hex Converter:   FromElf.exe V5.06 update 6 (build 750)
CPU DLL:         
Dialog DLL:      DCM.DLL V1.17.1.0
Target DLL:      Segger\JL2CM3.dll V2.99.29.0
Dialog DLL:      TCM.DLL V1.35.3.0
 
<h2>Project:</h2>
J:\STM32_MCU\STM32F407\STM32F407xxProject\MDKARM\STM32F407xxProject.uvprojx
Project File Date:  07/26/2018

<h2>Output:</h2>
*** Using Compiler 'V5.06 update 6 (build 750)', folder: 'D:\Keil_v5\ARM\ARMCC\Bin'
Build target 'STM32F407xxProject'
compiling complier_cfg.c...
compiling complier_lib.c...
compiling stm32_cfg.c...
compiling stm32f4xx_it.c...
compiling system_stm32f4xx.c...
compiling stm32f4xx_hal_cortex.c...
compiling stm32f4xx_hal.c...
compiling stm32f4xx_hal_crc.c...
compiling stm32f4xx_hal_gpio.c...
compiling stm32f4xx_hal_rcc.c...
compiling stm32f4xx_ll_crc.c...
compiling stm32f4xx_ll_adc.c...
compiling stm32f4xx_ll_exti.c...
compiling stm32f4xx_ll_gpio.c...
compiling stm32f4xx_ll_rcc.c...
compiling stm32f4xx_ll_rng.c...
compiling stm32f4xx_ll_rtc.c...
compiling stm32f4xx_ll_spi.c...
compiling stm32f4xx_ll_tim.c...
compiling stm32f4xx_ll_usart.c...
assembling startup_stm32f407xx.s...
compiling ad5593_cfg.c...
compiling ad5593_lib.c...
compiling ad5593_task.c...
compiling adc_cfg.c...
compiling adc_lib.c...
compiling adc_task.c...
compiling ads8688_cfg.c...
compiling ads8688_lib.c...
compiling ads8688_task.c...
compiling ads8688_cfg.c...
compiling ads8688_lib.c...
compiling ads8688_task.c...
compiling at24cxx_cfg.c...
compiling at24cxx_lib.c...
compiling at24cxx_task.c...
compiling stm32f4xx_ll_utils.c...
compiling main.c...
compiling crc_lib.c...
compiling crc_cfg.c...
compiling crc_task.c...
compiling delay_lib.c...
compiling delay_cfg.c...
compiling delay_task.c...
compiling dht11_cfg.c...
compiling dht11_lib.c...
compiling dht11_task.c...
compiling ds18b20_cfg.c...
compiling ds18b20_lib.c...
compiling ds18b20_task.c...
compiling gpio_lib.c...
compiling gpio_cfg.c...
compiling gpio_task.c...
compiling isp_cfg.c...
compiling isp_lib.c...
compiling isp_task.c...
compiling i2c_task.c...
compiling i2c_lib.c...
compiling i2c_cfg.c...
compiling iwdg_cfg.c...
compiling iwdg_task.c...
compiling one_wire_cfg.c...
compiling iwdg_lib.c...
compiling one_wire_lib.c...
compiling one_wire_task.c...
compiling pcf8563_cfg.c...
compiling pcf8563_lib.c...
compiling pcf8563_task.c...
compiling spi_cfg.c...
compiling spi_lib.c...
compiling spi_task.c...
compiling random_lib.c...
compiling random_cfg.c...
compiling random_task.c...
compiling systick_cfg.c...
compiling systick_lib.c...
compiling systick_task.c...
compiling usart_cfg.c...
compiling usart_lib.c...
compiling usart_task.c...
compiling wm8510_cfg.c...
compiling wm8510_lib.c...
compiling wm8510_task.c...
linking...
STM32F407xxProject\STM32F407xxProject.axf: Warning: L6304W: Duplicate input file stm32f407xxproject\ads8688_cfg_1.o ignored.
STM32F407xxProject\STM32F407xxProject.axf: Warning: L6304W: Duplicate input file stm32f407xxproject\ads8688_lib_1.o ignored.
STM32F407xxProject\STM32F407xxProject.axf: Warning: L6304W: Duplicate input file stm32f407xxproject\ads8688_task_1.o ignored.
Program Size: Code=11620 RO-data=448 RW-data=88 ZI-data=5232  
Finished: 0 information, 3 warning and 0 error messages.
FromELF: creating hex file...
"STM32F407xxProject\STM32F407xxProject.axf" - 0 Error(s), 3 Warning(s).

<h2>Software Packages used:</h2>

Package Vendor: ARM
                http://www.keil.com/pack/ARM.CMSIS.5.3.0.pack
                ARM.CMSIS.5.3.0
                CMSIS (Cortex Microcontroller Software Interface Standard)
   * Component: CORE Version: 5.1.1

Package Vendor: Keil
                http://www.keil.com/pack/Keil.STM32F4xx_DFP.2.13.0.pack
                Keil.STM32F4xx_DFP.2.13.0
                STMicroelectronics STM32F4 Series Device Support, Drivers and Examples

<h2>Collection of Component include folders:</h2>
  .\RTE\_STM32F407xxProject
  D:\Keil_v5\ARM\PACK\ARM\CMSIS\5.3.0\CMSIS\Include
  D:\Keil_v5\ARM\PACK\Keil\STM32F4xx_DFP\2.13.0\Drivers\CMSIS\Device\ST\STM32F4xx\Include

<h2>Collection of Component Files used:</h2>

   * Component: ARM::CMSIS:CORE:5.1.1
Build Time Elapsed:  00:08:38
</pre>
</body>
</html>
