Component: ARM Compiler 5.06 update 6 (build 750) Tool: armlink [4d35ed]

==============================================================================

Section Cross References

    stm32f4xx_ll_gpio.o(i.LL_GPIO_DeInit) refers to stm32f4xx_ll_gpio.o(i.LL_AHB1_GRP1_ForceReset) for LL_AHB1_GRP1_ForceReset
    stm32f4xx_ll_gpio.o(i.LL_GPIO_DeInit) refers to stm32f4xx_ll_gpio.o(i.LL_AHB1_GRP1_ReleaseReset) for LL_AHB1_GRP1_ReleaseReset
    stm32f4xx_ll_rtc.o(i.LL_RTC_ALMA_Init) refers to stm32f4xx_ll_rtc.o(i.LL_RTC_ALMA_ConfigTime) for LL_RTC_ALMA_ConfigTime
    stm32f4xx_ll_rtc.o(i.LL_RTC_ALMB_Init) refers to stm32f4xx_ll_rtc.o(i.LL_RTC_ALMB_ConfigTime) for LL_RTC_ALMB_ConfigTime
    stm32f4xx_ll_rtc.o(i.LL_RTC_DATE_Init) refers to stm32f4xx_ll_rtc.o(i.LL_RTC_EnterInitMode) for LL_RTC_EnterInitMode
    stm32f4xx_ll_rtc.o(i.LL_RTC_DATE_Init) refers to stm32f4xx_ll_rtc.o(i.LL_RTC_DATE_Config) for LL_RTC_DATE_Config
    stm32f4xx_ll_rtc.o(i.LL_RTC_DATE_Init) refers to stm32f4xx_ll_rtc.o(i.LL_RTC_WaitForSynchro) for LL_RTC_WaitForSynchro
    stm32f4xx_ll_rtc.o(i.LL_RTC_DeInit) refers to stm32f4xx_ll_rtc.o(i.LL_RTC_EnterInitMode) for LL_RTC_EnterInitMode
    stm32f4xx_ll_rtc.o(i.LL_RTC_DeInit) refers to stm32f4xx_ll_rtc.o(i.LL_RTC_WaitForSynchro) for LL_RTC_WaitForSynchro
    stm32f4xx_ll_rtc.o(i.LL_RTC_Init) refers to stm32f4xx_ll_rtc.o(i.LL_RTC_EnterInitMode) for LL_RTC_EnterInitMode
    stm32f4xx_ll_rtc.o(i.LL_RTC_TIME_Init) refers to stm32f4xx_ll_rtc.o(i.LL_RTC_EnterInitMode) for LL_RTC_EnterInitMode
    stm32f4xx_ll_rtc.o(i.LL_RTC_TIME_Init) refers to stm32f4xx_ll_rtc.o(i.LL_RTC_TIME_Config) for LL_RTC_TIME_Config
    stm32f4xx_ll_rtc.o(i.LL_RTC_TIME_Init) refers to stm32f4xx_ll_rtc.o(i.LL_RTC_WaitForSynchro) for LL_RTC_WaitForSynchro
    stm32f4xx_ll_rcc.o(i.LL_RCC_DeInit) refers to stm32f4xx_ll_rcc.o(i.LL_RCC_PLL_IsReady) for LL_RCC_PLL_IsReady
    stm32f4xx_ll_rcc.o(i.LL_RCC_GetI2SClockFreq) refers to stm32f4xx_ll_rcc.o(i.RCC_PLLI2S_GetFreqDomain_I2S) for RCC_PLLI2S_GetFreqDomain_I2S
    stm32f4xx_ll_rcc.o(i.LL_RCC_GetRNGClockFreq) refers to stm32f4xx_ll_rcc.o(i.LL_RCC_PLL_IsReady) for LL_RCC_PLL_IsReady
    stm32f4xx_ll_rcc.o(i.LL_RCC_GetRNGClockFreq) refers to stm32f4xx_ll_rcc.o(i.RCC_PLL_GetFreqDomain_48M) for RCC_PLL_GetFreqDomain_48M
    stm32f4xx_ll_rcc.o(i.LL_RCC_GetSDIOClockFreq) refers to stm32f4xx_ll_rcc.o(i.LL_RCC_PLL_IsReady) for LL_RCC_PLL_IsReady
    stm32f4xx_ll_rcc.o(i.LL_RCC_GetSDIOClockFreq) refers to stm32f4xx_ll_rcc.o(i.RCC_PLL_GetFreqDomain_48M) for RCC_PLL_GetFreqDomain_48M
    stm32f4xx_ll_rcc.o(i.LL_RCC_GetSystemClocksFreq) refers to stm32f4xx_ll_rcc.o(i.RCC_GetSystemClockFreq) for RCC_GetSystemClockFreq
    stm32f4xx_ll_rcc.o(i.LL_RCC_GetSystemClocksFreq) refers to stm32f4xx_ll_rcc.o(i.RCC_GetHCLKClockFreq) for RCC_GetHCLKClockFreq
    stm32f4xx_ll_rcc.o(i.LL_RCC_GetSystemClocksFreq) refers to stm32f4xx_ll_rcc.o(i.RCC_GetPCLK1ClockFreq) for RCC_GetPCLK1ClockFreq
    stm32f4xx_ll_rcc.o(i.LL_RCC_GetSystemClocksFreq) refers to stm32f4xx_ll_rcc.o(i.RCC_GetPCLK2ClockFreq) for RCC_GetPCLK2ClockFreq
    stm32f4xx_ll_rcc.o(i.LL_RCC_GetUSBClockFreq) refers to stm32f4xx_ll_rcc.o(i.LL_RCC_PLL_IsReady) for LL_RCC_PLL_IsReady
    stm32f4xx_ll_rcc.o(i.LL_RCC_GetUSBClockFreq) refers to stm32f4xx_ll_rcc.o(i.RCC_PLL_GetFreqDomain_48M) for RCC_PLL_GetFreqDomain_48M
    stm32f4xx_ll_rcc.o(i.RCC_GetHCLKClockFreq) refers to system_stm32f4xx.o(.constdata) for AHBPrescTable
    stm32f4xx_ll_rcc.o(i.RCC_GetPCLK1ClockFreq) refers to system_stm32f4xx.o(.constdata) for APBPrescTable
    stm32f4xx_ll_rcc.o(i.RCC_GetPCLK2ClockFreq) refers to system_stm32f4xx.o(.constdata) for APBPrescTable
    stm32f4xx_ll_rcc.o(i.RCC_GetSystemClockFreq) refers to stm32f4xx_ll_rcc.o(i.RCC_PLL_GetFreqDomain_SYS) for RCC_PLL_GetFreqDomain_SYS
    stm32f4xx_ll_utils.o(i.LL_PLL_ConfigSystemClock_HSE) refers to stm32f4xx_ll_utils.o(i.UTILS_PLL_IsBusy) for UTILS_PLL_IsBusy
    stm32f4xx_ll_utils.o(i.LL_PLL_ConfigSystemClock_HSE) refers to stm32f4xx_ll_utils.o(i.UTILS_GetPLLOutputFrequency) for UTILS_GetPLLOutputFrequency
    stm32f4xx_ll_utils.o(i.LL_PLL_ConfigSystemClock_HSE) refers to stm32f4xx_ll_utils.o(i.LL_RCC_PLL_ConfigDomain_SYS) for LL_RCC_PLL_ConfigDomain_SYS
    stm32f4xx_ll_utils.o(i.LL_PLL_ConfigSystemClock_HSE) refers to stm32f4xx_ll_utils.o(i.UTILS_EnablePLLAndSwitchSystem) for UTILS_EnablePLLAndSwitchSystem
    stm32f4xx_ll_utils.o(i.LL_PLL_ConfigSystemClock_HSI) refers to stm32f4xx_ll_utils.o(i.UTILS_PLL_IsBusy) for UTILS_PLL_IsBusy
    stm32f4xx_ll_utils.o(i.LL_PLL_ConfigSystemClock_HSI) refers to stm32f4xx_ll_utils.o(i.UTILS_GetPLLOutputFrequency) for UTILS_GetPLLOutputFrequency
    stm32f4xx_ll_utils.o(i.LL_PLL_ConfigSystemClock_HSI) refers to stm32f4xx_ll_utils.o(i.LL_RCC_PLL_ConfigDomain_SYS) for LL_RCC_PLL_ConfigDomain_SYS
    stm32f4xx_ll_utils.o(i.LL_PLL_ConfigSystemClock_HSI) refers to stm32f4xx_ll_utils.o(i.UTILS_EnablePLLAndSwitchSystem) for UTILS_EnablePLLAndSwitchSystem
[...]
    gpio_lib.o(i.GPIOLib_Init) refers to gpio_cfg.o(i.GPIO_Init) for GPIO_Init
    gpio_task.o(i.GPIOTask_Clock) refers to gpio_lib.o(i.GPIOLib_Clock) for GPIOLib_Clock
    gpio_task.o(i.GPIOTask_Init) refers to gpio_lib.o(i.GPIOLib_Init) for GPIOLib_Init
    i2c_cfg.o(i.I2C_MSW_DeInit) refers to i2c_cfg.o(i.LL_GPIO_SetPinMode) for LL_GPIO_SetPinMode
    i2c_cfg.o(i.I2C_MSW_Init) refers to gpio_task.o(i.GPIOTask_Clock) for GPIOTask_Clock
    i2c_cfg.o(i.I2C_MSW_Init) refers to stm32f4xx_ll_gpio.o(i.LL_GPIO_Init) for LL_GPIO_Init
    i2c_cfg.o(i.I2C_MSW_ReadACK) refers to i2c_cfg.o(i.LL_GPIO_IsInputPinSet) for LL_GPIO_IsInputPinSet
    i2c_cfg.o(i.I2C_MSW_ReadBit) refers to i2c_cfg.o(i.LL_GPIO_IsInputPinSet) for LL_GPIO_IsInputPinSet
    i2c_cfg.o(i.I2C_MSW_ReadBits) refers to i2c_cfg.o(i.I2C_MSW_ReadByte) for I2C_MSW_ReadByte
    i2c_cfg.o(i.I2C_MSW_ReadBits) refers to i2c_cfg.o(i.I2C_MSW_ReadBit) for I2C_MSW_ReadBit
    i2c_cfg.o(i.I2C_MSW_ReadByte) refers to i2c_cfg.o(i.I2C_MSW_ReadBit) for I2C_MSW_ReadBit
    i2c_cfg.o(i.I2C_MSW_START) refers to i2c_cfg.o(i.LL_GPIO_IsInputPinSet) for LL_GPIO_IsInputPinSet
    i2c_cfg.o(i.I2C_MSW_STOP) refers to i2c_cfg.o(i.LL_GPIO_IsInputPinSet) for LL_GPIO_IsInputPinSet
    i2c_cfg.o(i.I2C_MSW_SendACK) refers to i2c_cfg.o(i.I2C_MSW_NACK) for I2C_MSW_NACK
    i2c_cfg.o(i.I2C_MSW_SendACK) refers to i2c_cfg.o(i.I2C_MSW_ACK) for I2C_MSW_ACK
    i2c_cfg.o(i.I2C_MSW_SendBits) refers to i2c_cfg.o(i.I2C_MSW_SendByte) for I2C_MSW_SendByte
    i2c_cfg.o(i.I2C_MSW_SendBits) refers to i2c_cfg.o(i.I2C_MSW_SendBit) for I2C_MSW_SendBit
    i2c_cfg.o(i.I2C_MSW_SendByte) refers to i2c_cfg.o(i.I2C_MSW_SendBit) for I2C_MSW_SendBit
    i2c_cfg.o(i.I2C_MSW_SendCMD) refers to i2c_cfg.o(i.I2C_MSW_START) for I2C_MSW_START
    i2c_cfg.o(i.I2C_MSW_SendCMD) refers to i2c_cfg.o(i.I2C_MSW_STOP) for I2C_MSW_STOP
    i2c_cfg.o(i.I2C_MSW_SendCMD) refers to i2c_cfg.o(i.I2C_MSW_SendByte) for I2C_MSW_SendByte
    i2c_cfg.o(i.I2C_MSW_SendCMD) refers to i2c_cfg.o(i.I2C_MSW_ReadACK) for I2C_MSW_ReadACK
    i2c_cfg.o(i.I2C_MSW_WaitACK) refers to i2c_cfg.o(i.LL_GPIO_IsInputPinSet) for LL_GPIO_IsInputPinSet
    i2c_cfg.o(i.I2C_MSW_WaitACK) refers to i2c_cfg.o(i.I2C_MSW_STOP) for I2C_MSW_STOP
    i2c_lib.o(i.I2CLib_MSW_ACK) refers to i2c_cfg.o(i.I2C_MSW_ACK) for I2C_MSW_ACK
    i2c_lib.o(i.I2CLib_MSW_DeInit) refers to i2c_cfg.o(i.I2C_MSW_DeInit) for I2C_MSW_DeInit
    i2c_lib.o(i.I2CLib_MSW_Init) refers to i2c_cfg.o(i.I2C_HandlerType_Init) for I2C_HandlerType_Init
    i2c_lib.o(i.I2CLib_MSW_Init) refers to i2c_cfg.o(i.I2C_MSW_Init) for I2C_MSW_Init
    i2c_lib.o(i.I2CLib_MSW_NACK) refers to i2c_cfg.o(i.I2C_MSW_NACK) for I2C_MSW_NACK
    i2c_lib.o(i.I2CLib_MSW_Read) refers to i2c_lib.o(i.I2CLib_MSW_START) for I2CLib_MSW_START
    i2c_lib.o(i.I2CLib_MSW_Read) refers to i2c_lib.o(i.I2CLib_MSW_ReadByte) for I2CLib_MSW_ReadByte
    i2c_lib.o(i.I2CLib_MSW_Read) refers to i2c_lib.o(i.I2CLib_MSW_SendACK) for I2CLib_MSW_SendACK
    i2c_lib.o(i.I2CLib_MSW_ReadACK) refers to i2c_cfg.o(i.I2C_MSW_ReadACK) for I2C_MSW_ReadACK
    i2c_lib.o(i.I2CLib_MSW_ReadBits) refers to i2c_cfg.o(i.I2C_MSW_ReadBits) for I2C_MSW_ReadBits
    i2c_lib.o(i.I2CLib_MSW_ReadByte) refers to i2c_cfg.o(i.I2C_MSW_ReadByte) for I2C_MSW_ReadByte
    i2c_lib.o(i.I2CLib_MSW_START) refers to i2c_cfg.o(i.I2C_MSW_START) for I2C_MSW_START
    i2c_lib.o(i.I2CLib_MSW_START) refers to i2c_cfg.o(i.I2C_MSW_SendByte) for I2C_MSW_SendByte
    i2c_lib.o(i.I2CLib_MSW_START) refers to i2c_cfg.o(i.I2C_MSW_ReadACK) for I2C_MSW_ReadACK
    i2c_lib.o(i.I2CLib_MSW_STOP) refers to i2c_cfg.o(i.I2C_MSW_STOP) for I2C_MSW_STOP
    i2c_lib.o(i.I2CLib_MSW_Send) refers to i2c_lib.o(i.I2CLib_MSW_START) for I2CLib_MSW_START
    i2c_lib.o(i.I2CLib_MSW_Send) refers to i2c_lib.o(i.I2CLib_MSW_SendByte) for I2CLib_MSW_SendByte
    i2c_lib.o(i.I2CLib_MSW_Send) refers to i2c_lib.o(i.I2CLib_MSW_ReadACK) for I2CLib_MSW_ReadACK
    i2c_lib.o(i.I2CLib_MSW_SendACK) refers to i2c_cfg.o(i.I2C_MSW_SendACK) for I2C_MSW_SendACK
    i2c_lib.o(i.I2CLib_MSW_SendBits) refers to i2c_cfg.o(i.I2C_MSW_SendBits) for I2C_MSW_SendBits
    i2c_lib.o(i.I2CLib_MSW_SendByte) refers to i2c_cfg.o(i.I2C_MSW_SendByte) for I2C_MSW_SendByte
    i2c_lib.o(i.I2CLib_MSW_SendCMD) refers to i2c_cfg.o(i.I2C_MSW_SendCMD) for I2C_MSW_SendCMD
    i2c_lib.o(i.I2CLib_MSW_WaitACK) refers to i2c_cfg.o(i.I2C_MSW_WaitACK) for I2C_MSW_WaitACK
    i2c_task.o(i.I2CTask_MSW_DeInit) refers to i2c_lib.o(i.I2CLib_MSW_DeInit) for I2CLib_MSW_DeInit
    i2c_task.o(i.I2CTask_MSW_Init) refers to i2c_lib.o(i.I2CLib_MSW_Init) for I2CLib_MSW_Init
    i2c_task.o(i.I2CTask_MSW_Read) refers to i2c_lib.o(i.I2CLib_MSW_Read) for I2CLib_MSW_Read
    i2c_task.o(i.I2CTask_MSW_ReadACK) refers to i2c_lib.o(i.I2CLib_MSW_ReadACK) for I2CLib_MSW_ReadACK
    i2c_task.o(i.I2CTask_MSW_ReadByte) refers to i2c_lib.o(i.I2CLib_MSW_ReadByte) for I2CLib_MSW_ReadByte
    i2c_task.o(i.I2CTask_MSW_START) refers to i2c_lib.o(i.I2CLib_MSW_START) for I2CLib_MSW_START
    i2c_task.o(i.I2CTask_MSW_STOP) refers to i2c_lib.o(i.I2CLib_MSW_STOP) for I2CLib_MSW_STOP
    i2c_task.o(i.I2CTask_MSW_Send) refers to i2c_lib.o(i.I2CLib_MSW_Send) for I2CLib_MSW_Send
    i2c_task.o(i.I2CTask_MSW_SendACK) refers to i2c_lib.o(i.I2CLib_MSW_SendACK) for I2CLib_MSW_SendACK
    i2c_task.o(i.I2CTask_MSW_SendByte) refers to i2c_lib.o(i.I2CLib_MSW_SendByte) for I2CLib_MSW_SendByte
    i2c_task.o(i.I2CTask_MSW_SendCMD) refers to i2c_lib.o(i.I2CLib_MSW_SendCMD) for I2CLib_MSW_SendCMD
    iwdg_cfg.o(i.IWDG_Init) refers to stm32_cfg.o(i._irq_disable) for _irq_disable
    iwdg_cfg.o(i.IWDG_Init) refers to stm32_cfg.o(i._irq_enable) for _irq_enable
    iwdg_cfg.o(.data) refers to iwdg_cfg.o(.data) for g_IWDG
    iwdg_lib.o(i.IWDGLib_DeInit) refers to iwdg_cfg.o(i.IWDG_DeInit) for IWDG_DeInit
    iwdg_lib.o(i.IWDGLib_Init) refers to iwdg_cfg.o(i.IWDG_Init) for IWDG_Init
    iwdg_lib.o(i.IWDGLib_Reset) refers to iwdg_cfg.o(i.IWDG_Reset) for IWDG_Reset
    iwdg_task.o(i.IWDGTask_DeInit) refers to iwdg_lib.o(i.IWDGLib_DeInit) for IWDGLib_DeInit
    iwdg_task.o(i.IWDGTask_Init) refers to iwdg_lib.o(i.IWDGLib_Init) for IWDGLib_Init
    iwdg_task.o(i.IWDGTask_Reset) refers to iwdg_lib.o(i.IWDGLib_Reset) for IWDGLib_Reset
    random_cfg.o(i.Random_DeInit) refers to stm32f4xx_ll_rng.o(i.LL_RNG_DeInit) for LL_RNG_DeInit
    random_cfg.o(i.Random_GetRand) refers to random_cfg.o(i.Random_GetVal) for Random_GetVal
    random_lib.o(i.RandomLib_DeInit) refers to random_cfg.o(i.Random_DeInit) for Random_DeInit
    random_lib.o(i.RandomLib_GetRand) refers to random_cfg.o(i.Random_GetRand) for Random_GetRand
    random_lib.o(i.RandomLib_Init) refers to random_cfg.o(i.Random_Init) for Random_Init
    random_task.o(i.RandomTask_DeInit) refers to random_lib.o(i.RandomLib_DeInit) for RandomLib_DeInit
    random_task.o(i.RandomTask_GetRand) refers to random_lib.o(i.RandomLib_GetRand) for RandomLib_GetRand
    random_task.o(i.RandomTask_Init) refers to random_lib.o(i.RandomLib_Init) for RandomLib_Init
    systick_cfg.o(i.SysTick_1msTick) refers to system_stm32f4xx.o(.data) for SystemCoreClock
    systick_cfg.o(i.SysTick_DeInit) refers to systick_cfg.o(i.SysTick_Suspend) for SysTick_Suspend
    systick_cfg.o(i.SysTick_GetTick) refers to systick_cfg.o(.data) for .data
    systick_cfg.o(i.SysTick_GetTickOVF) refers to systick_cfg.o(.data) for .data
    systick_cfg.o(i.SysTick_IRQDecTick) refers to iwdg_cfg.o(i.IWDG_Reset) for IWDG_Reset
    systick_cfg.o(i.SysTick_IRQDecTick) refers to systick_cfg.o(.data) for .data
    systick_cfg.o(i.SysTick_IRQDecTick) refers to iwdg_cfg.o(.data) for pIWDG
    systick_cfg.o(i.SysTick_IRQTask) refers to systick_cfg.o(.data) for .data
    systick_cfg.o(i.SysTick_Init) refers to systick_cfg.o(i.SysTick_StructInit) for SysTick_StructInit
    systick_cfg.o(i.SysTick_Init) refers to systick_cfg.o(i.SysTick_Suspend) for SysTick_Suspend
    systick_cfg.o(i.SysTick_Init) refers to systick_cfg.o(i.SysTick_Resume) for SysTick_Resume
    systick_cfg.o(i.SysTick_Init) refers to systick_cfg.o(.data) for .data
    systick_cfg.o(i.SysTick_Init) refers to system_stm32f4xx.o(.data) for SystemCoreClock
    systick_cfg.o(i.SysTick_Init) refers to stm32f4xx_hal.o(.data) for uwTickFreq
    systick_cfg.o(i.SysTick_Init) refers to stm32f4xx_hal.o(i.HAL_IncTick) for HAL_IncTick
    systick_cfg.o(i.SysTick_TickTask) refers to systick_cfg.o(.data) for .data
    systick_cfg.o(i.SysTick_WaitTick) refers to iwdg_cfg.o(i.IWDG_Reset) for IWDG_Reset
    systick_cfg.o(i.SysTick_WaitTick) refers to system_stm32f4xx.o(.data) for SystemCoreClock
    systick_cfg.o(i.SysTick_WaitTick) refers to iwdg_cfg.o(.data) for pIWDG
    systick_cfg.o(.data) refers to systick_cfg.o(.bss) for g_SysTick
    systick_lib.o(i.SysTickLib_1msTick) refers to systick_cfg.o(i.SysTick_1msTick) for SysTick_1msTick
    systick_lib.o(i.SysTickLib_DeInit) refers to systick_cfg.o(i.SysTick_DeInit) for SysTick_DeInit
    systick_lib.o(i.SysTickLib_GetTick) refers to systick_cfg.o(i.SysTick_GetTick) for SysTick_GetTick
    systick_lib.o(i.SysTickLib_GetTickOVF) refers to systick_cfg.o(i.SysTick_GetTickOVF) for SysTick_GetTickOVF
    systick_lib.o(i.SysTickLib_IRQDecTick) refers to systick_cfg.o(i.SysTick_IRQDecTick) for SysTick_IRQDecTick
    systick_lib.o(i.SysTickLib_IRQTask) refers to systick_cfg.o(i.SysTick_IRQTask) for SysTick_IRQTask
    systick_lib.o(i.SysTickLib_Init) refers to systick_cfg.o(i.SysTick_Init) for SysTick_Init
    systick_lib.o(i.SysTickLib_TickTask) refers to systick_cfg.o(i.SysTick_TickTask) for SysTick_TickTask
    systick_lib.o(i.SysTickLib_WaitTick) refers to systick_cfg.o(i.SysTick_WaitTick) for SysTick_WaitTick
    systick_task.o(i.SysTickTask_1msTick) refers to systick_lib.o(i.SysTickLib_1msTick) for SysTickLib_1msTick
    systick_task.o(i.SysTickTask_DeInit) refers to systick_lib.o(i.SysTickLib_DeInit) for SysTickLib_DeInit
    systick_task.o(i.SysTickTask_GetTick) refers to systick_lib.o(i.SysTickLib_GetTick) for SysTickLib_GetTick
    systick_task.o(i.SysTickTask_GetTickOVF) refers to systick_lib.o(i.SysTickLib_GetTickOVF) for SysTickLib_GetTickOVF
    systick_task.o(i.SysTickTask_IRQDecTick) refers to systick_lib.o(i.SysTickLib_IRQDecTick) for SysTickLib_IRQDecTick
    systick_task.o(i.SysTickTask_IRQTask) refers to systick_lib.o(i.SysTickLib_IRQTask) for SysTickLib_IRQTask
    systick_task.o(i.SysTickTask_Init) refers to systick_lib.o(i.SysTickLib_Init) for SysTickLib_Init
    systick_task.o(i.SysTickTask_TickTask) refers to systick_lib.o(i.SysTickLib_TickTask) for SysTickLib_TickTask
    systick_task.o(i.SysTickTask_WaitTick) refers to systick_lib.o(i.SysTickLib_WaitTick) for SysTickLib_WaitTick
    one_wire_cfg.o(i.OneWire_DeInit) refers to stm32f4xx_ll_gpio.o(i.LL_GPIO_DeInit) for LL_GPIO_DeInit
    one_wire_cfg.o(i.OneWire_Init) refers to gpio_task.o(i.GPIOTask_Clock) for GPIOTask_Clock
    one_wire_cfg.o(i.OneWire_Init) refers to stm32f4xx_ll_gpio.o(i.LL_GPIO_Init) for LL_GPIO_Init
    one_wire_cfg.o(i.OneWire_ReadBit) refers to one_wire_cfg.o(i.LL_GPIO_IsInputPinSet) for LL_GPIO_IsInputPinSet
    one_wire_cfg.o(i.OneWire_ReadByte) refers to one_wire_cfg.o(i.OneWire_ReadBit) for OneWire_ReadBit
    one_wire_cfg.o(i.OneWire_START) refers to one_wire_cfg.o(i.LL_GPIO_IsInputPinSet) for LL_GPIO_IsInputPinSet
    one_wire_cfg.o(i.OneWire_WriteByte) refers to one_wire_cfg.o(i.OneWire_WriteBit) for OneWire_WriteBit
    one_wire_lib.o(i.OneWireLib_DeInit) refers to one_wire_cfg.o(i.OneWire_DeInit) for OneWire_DeInit
    one_wire_lib.o(i.OneWireLib_Init) refers to one_wire_cfg.o(i.OneWire_Init) for OneWire_Init
    one_wire_lib.o(i.OneWireLib_ReadByte) refers to one_wire_cfg.o(i.OneWire_ReadByte) for OneWire_ReadByte
    one_wire_lib.o(i.OneWireLib_START) refers to one_wire_cfg.o(i.OneWire_START) for OneWire_START
    one_wire_lib.o(i.OneWireLib_WriteByte) refers to one_wire_cfg.o(i.OneWire_WriteByte) for OneWire_WriteByte
    one_wire_task.o(i.OneWireTask_DeInit) refers to one_wire_lib.o(i.OneWireLib_DeInit) for OneWireLib_DeInit
    one_wire_task.o(i.OneWireTask_Init) refers to one_wire_lib.o(i.OneWireLib_Init) for OneWireLib_Init
    one_wire_task.o(i.OneWireTask_ReadByte) refers to one_wire_lib.o(i.OneWireLib_ReadByte) for OneWireLib_ReadByte
    one_wire_task.o(i.OneWireTask_START) refers to one_wire_lib.o(i.OneWireLib_START) for OneWireLib_START
    one_wire_task.o(i.OneWireTask_WriteByte) refers to one_wire_lib.o(i.OneWireLib_WriteByte) for OneWireLib_WriteByte
    pcf8563_cfg.o(i.PCF8563_ClockOut) refers to pcf8563_cfg.o(i.PCF8563_WriteReg) for PCF8563_WriteReg
    pcf8563_cfg.o(i.PCF8563_ClockOut) refers to pcf8563_cfg.o(i.PCF8563_ReadReg) for PCF8563_ReadReg
    pcf8563_cfg.o(i.PCF8563_DeInit) refers to i2c_task.o(i.I2CTask_MSW_DeInit) for I2CTask_MSW_DeInit
    pcf8563_cfg.o(i.PCF8563_Init) refers to pcf8563_cfg.o(i.PCF8563_Device0_Init) for PCF8563_Device0_Init
    pcf8563_cfg.o(i.PCF8563_Init) refers to i2c_task.o(i.I2CTask_MSW_Init) for I2CTask_MSW_Init
    pcf8563_cfg.o(i.PCF8563_Init) refers to pcf8563_cfg.o(.data) for .data
    pcf8563_cfg.o(i.PCF8563_ReadRTC) refers to pcf8563_cfg.o(i.PCF8563_ReadReg) for PCF8563_ReadReg
    pcf8563_cfg.o(i.PCF8563_ReadReg) refers to i2c_task.o(i.I2CTask_MSW_START) for I2CTask_MSW_START
    pcf8563_cfg.o(i.PCF8563_ReadReg) refers to i2c_task.o(i.I2CTask_MSW_SendByte) for I2CTask_MSW_SendByte
    pcf8563_cfg.o(i.PCF8563_ReadReg) refers to i2c_task.o(i.I2CTask_MSW_ReadACK) for I2CTask_MSW_ReadACK
    pcf8563_cfg.o(i.PCF8563_ReadReg) refers to i2c_task.o(i.I2CTask_MSW_STOP) for I2CTask_MSW_STOP
    pcf8563_cfg.o(i.PCF8563_ReadReg) refers to i2c_task.o(i.I2CTask_MSW_ReadByte) for I2CTask_MSW_ReadByte
    pcf8563_cfg.o(i.PCF8563_ReadReg) refers to i2c_task.o(i.I2CTask_MSW_SendACK) for I2CTask_MSW_SendACK
    pcf8563_cfg.o(i.PCF8563_WriteRTC) refers to complier_lib.o(i.DecToBcd) for DecToBcd
    pcf8563_cfg.o(i.PCF8563_WriteRTC) refers to pcf8563_cfg.o(i.PCF8563_WriteReg) for PCF8563_WriteReg
    pcf8563_cfg.o(i.PCF8563_WriteReg) refers to i2c_task.o(i.I2CTask_MSW_START) for I2CTask_MSW_START
    pcf8563_cfg.o(i.PCF8563_WriteReg) refers to i2c_task.o(i.I2CTask_MSW_SendByte) for I2CTask_MSW_SendByte
    pcf8563_cfg.o(i.PCF8563_WriteReg) refers to i2c_task.o(i.I2CTask_MSW_ReadACK) for I2CTask_MSW_ReadACK
    pcf8563_cfg.o(i.PCF8563_WriteReg) refers to i2c_task.o(i.I2CTask_MSW_STOP) for I2CTask_MSW_STOP
    pcf8563_cfg.o(.data) refers to pcf8563_cfg.o(.bss) for g_PCF8563Device0
    pcf8563_lib.o(i.PCF8563Lib_ClockOut) refers to pcf8563_cfg.o(i.PCF8563_ClockOut) for PCF8563_ClockOut
    pcf8563_lib.o(i.PCF8563Lib_DeInit) refers to pcf8563_cfg.o(i.PCF8563_DeInit) for PCF8563_DeInit
    pcf8563_lib.o(i.PCF8563Lib_Init) refers to pcf8563_cfg.o(i.PCF8563_Init) for PCF8563_Init
    pcf8563_lib.o(i.PCF8563Lib_ReadRTC) refers to pcf8563_cfg.o(i.PCF8563_ReadRTC) for PCF8563_ReadRTC
    pcf8563_lib.o(i.PCF8563Lib_WriteRTC) refers to pcf8563_cfg.o(i.PCF8563_WriteRTC) for PCF8563_WriteRTC
    pcf8563_task.o(i.PCF8563Task_ClockOut) refers to pcf8563_lib.o(i.PCF8563Lib_ClockOut) for PCF8563Lib_ClockOut
    pcf8563_task.o(i.PCF8563Task_DeInit) refers to pcf8563_lib.o(i.PCF8563Lib_DeInit) for PCF8563Lib_DeInit
    pcf8563_task.o(i.PCF8563Task_Init) refers to pcf8563_lib.o(i.PCF8563Lib_Init) for PCF8563Lib_Init
    pcf8563_task.o(i.PCF8563Task_ReadRTC) refers to pcf8563_lib.o(i.PCF8563Lib_ReadRTC) for PCF8563Lib_ReadRTC
    pcf8563_task.o(i.PCF8563Task_WriteRTC) refers to pcf8563_lib.o(i.PCF8563Lib_WriteRTC) for PCF8563Lib_WriteRTC
    entry.o(.ARM.Collect$$$$00000000) refers (Special) to entry10a.o(.ARM.Collect$$$$0000000D) for __rt_final_cpp
    entry.o(.ARM.Collect$$$$00000000) refers (Special) to entry11a.o(.ARM.Collect$$$$0000000F) for __rt_final_exit
    entry.o(.ARM.Collect$$$$00000000) refers (Special) to entry7b.o(.ARM.Collect$$$$00000008) for _main_clock
    entry.o(.ARM.Collect$$$$00000000) refers (Special) to entry8b.o(.ARM.Collect$$$$0000000A) for _main_cpp_init
    entry.o(.ARM.Collect$$$$00000000) refers (Special) to entry9a.o(.ARM.Collect$$$$0000000B) for _main_init
    entry.o(.ARM.Collect$$$$00000000) refers (Special) to entry5.o(.ARM.Collect$$$$00000004) for _main_scatterload
    entry.o(.ARM.Collect$$$$00000000) refers (Special) to entry2.o(.ARM.Collect$$$$00000001) for _main_stk
    uldiv.o(.text) refers to llushr.o(.text) for __aeabi_llsr
    uldiv.o(.text) refers to llshl.o(.text) for __aeabi_llsl
    dadd.o(.text) refers (Special) to iusefp.o(.text) for __I$use$fp
    dadd.o(.text) refers to llshl.o(.text) for __aeabi_llsl
    dadd.o(.text) refers to llsshr.o(.text) for __aeabi_lasr
    dadd.o(.text) refers to depilogue.o(.text) for _double_epilogue
    ddiv.o(.text) refers (Special) to iusefp.o(.text) for __I$use$fp
    ddiv.o(.text) refers to depilogue.o(.text) for _double_round
    dflti.o(.text) refers (Special) to iusefp.o(.text) for __I$use$fp
    dflti.o(.text) refers to depilogue.o(.text) for _double_epilogue
    dfltui.o(.text) refers (Special) to iusefp.o(.text) for __I$use$fp
    dfltui.o(.text) refers to depilogue.o(.text) for _double_epilogue
    dfixui.o(.text) refers (Special) to iusefp.o(.text) for __I$use$fp
    dfixui.o(.text) refers to llushr.o(.text) for __aeabi_llsr
    entry2.o(.ARM.Collect$$$$00000001) refers to entry2.o(.ARM.Collect$$$$00002712) for __lit__00000000
    entry2.o(.ARM.Collect$$$$00002712) refers to startup_stm32f407xx.o(STACK) for __initial_sp
    entry2.o(__vectab_stack_and_reset_area) refers to startup_stm32f407xx.o(STACK) for __initial_sp
    entry2.o(__vectab_stack_and_reset_area) refers to entry.o(.ARM.Collect$$$$00000000) for __main
    entry5.o(.ARM.Collect$$$$00000004) refers to init.o(.text) for __scatterload
    entry9a.o(.ARM.Collect$$$$0000000B) refers to main.o(i.main) for main
    entry9b.o(.ARM.Collect$$$$0000000C) refers to main.o(i.main) for main
    depilogue.o(.text) refers to llshl.o(.text) for __aeabi_llsl
    depilogue.o(.text) refers to llushr.o(.text) for __aeabi_llsr
    init.o(.text) refers to entry5.o(.ARM.Collect$$$$00000004) for __main_after_scatterload


==============================================================================

Removing Unused input sections from the image.

    Removing stm32f4xx_ll_gpio.o(.rev16_text), (4 bytes).
    Removing stm32f4xx_ll_gpio.o(.revsh_text), (4 bytes).
    Removing stm32f4xx_ll_gpio.o(.rrx_text), (6 bytes).
    Removing stm32f4xx_ll_gpio.o(i.LL_AHB1_GRP1_ForceReset), (16 bytes).
    Removing stm32f4xx_ll_gpio.o(i.LL_AHB1_GRP1_ReleaseReset), (16 bytes).
    Removing stm32f4xx_ll_gpio.o(i.LL_GPIO_DeInit), (196 bytes).
    Removing stm32f4xx_ll_gpio.o(i.LL_GPIO_Init), (312 bytes).
    Removing stm32f4xx_ll_gpio.o(i.LL_GPIO_StructInit), (22 bytes).
    Removing stm32f4xx_ll_exti.o(.rev16_text), (4 bytes).
    Removing stm32f4xx_ll_exti.o(.revsh_text), (4 bytes).
    Removing stm32f4xx_ll_exti.o(.rrx_text), (6 bytes).
    Removing stm32f4xx_ll_exti.o(i.LL_EXTI_DeInit), (40 bytes).
    Removing stm32f4xx_ll_exti.o(i.LL_EXTI_Init), (160 bytes).
    Removing stm32f4xx_ll_exti.o(i.LL_EXTI_StructInit), (14 bytes).
    Removing stm32f4xx_ll_crc.o(.rev16_text), (4 bytes).
    Removing stm32f4xx_ll_crc.o(.revsh_text), (4 bytes).
    Removing stm32f4xx_ll_crc.o(.rrx_text), (6 bytes).
    Removing stm32f4xx_ll_crc.o(i.LL_CRC_DeInit), (44 bytes).
    Removing stm32f4xx_ll_rng.o(.rev16_text), (4 bytes).
    Removing stm32f4xx_ll_rng.o(.revsh_text), (4 bytes).
    Removing stm32f4xx_ll_rng.o(.rrx_text), (6 bytes).
    Removing stm32f4xx_ll_rng.o(i.LL_RNG_DeInit), (28 bytes).
    Removing stm32f4xx_ll_rtc.o(.rev16_text), (4 bytes).
    Removing stm32f4xx_ll_rtc.o(.revsh_text), (4 bytes).
    Removing stm32f4xx_ll_rtc.o(.rrx_text), (6 bytes).
    Removing stm32f4xx_ll_rtc.o(i.LL_RTC_ALMA_ConfigTime), (36 bytes).
    Removing stm32f4xx_ll_rtc.o(i.LL_RTC_ALMA_Init), (212 bytes).
    Removing stm32f4xx_ll_rtc.o(i.LL_RTC_ALMA_StructInit), (20 bytes).
    Removing stm32f4xx_ll_rtc.o(i.LL_RTC_ALMB_ConfigTime), (36 bytes).
    Removing stm32f4xx_ll_rtc.o(i.LL_RTC_ALMB_Init), (220 bytes).
    Removing stm32f4xx_ll_rtc.o(i.LL_RTC_ALMB_StructInit), (20 bytes).
    Removing stm32f4xx_ll_rtc.o(i.LL_RTC_DATE_Config), (40 bytes).
    Removing stm32f4xx_ll_rtc.o(i.LL_RTC_DATE_Init), (168 bytes).
    Removing stm32f4xx_ll_rtc.o(i.LL_RTC_DATE_StructInit), (14 bytes).
    Removing stm32f4xx_ll_rtc.o(i.LL_RTC_DeInit), (76 bytes).
    Removing stm32f4xx_ll_rtc.o(i.LL_RTC_EnterInitMode), (70 bytes).
    Removing stm32f4xx_ll_rtc.o(i.LL_RTC_ExitInitMode), (10 bytes).
    Removing stm32f4xx_ll_rtc.o(i.LL_RTC_Init), (78 bytes).
    Removing stm32f4xx_ll_rtc.o(i.LL_RTC_StructInit), (14 bytes).
    Removing stm32f4xx_ll_rtc.o(i.LL_RTC_TIME_Config), (36 bytes).
    Removing stm32f4xx_ll_rtc.o(i.LL_RTC_TIME_Init), (164 bytes).
    Removing stm32f4xx_ll_rtc.o(i.LL_RTC_TIME_StructInit), (12 bytes).
    Removing stm32f4xx_ll_rtc.o(i.LL_RTC_WaitForSynchro), (108 bytes).
    Removing stm32f4xx_ll_rcc.o(.rev16_text), (4 bytes).
    Removing stm32f4xx_ll_rcc.o(.revsh_text), (4 bytes).
    Removing stm32f4xx_ll_rcc.o(.rrx_text), (6 bytes).
    Removing stm32f4xx_ll_rcc.o(i.LL_RCC_DeInit), (148 bytes).
    Removing stm32f4xx_ll_rcc.o(i.LL_RCC_GetI2SClockFreq), (52 bytes).
    Removing stm32f4xx_ll_rcc.o(i.LL_RCC_GetRNGClockFreq), (20 bytes).
    Removing stm32f4xx_ll_rcc.o(i.LL_RCC_GetSDIOClockFreq), (26 bytes).
    Removing stm32f4xx_ll_rcc.o(i.LL_RCC_GetSystemClocksFreq), (32 bytes).
    Removing stm32f4xx_ll_rcc.o(i.LL_RCC_GetUSBClockFreq), (20 bytes).
    Removing stm32f4xx_ll_rcc.o(i.LL_RCC_PLL_IsReady), (16 bytes).
    Removing stm32f4xx_ll_rcc.o(i.RCC_GetHCLKClockFreq), (28 bytes).
    Removing stm32f4xx_ll_rcc.o(i.RCC_GetPCLK1ClockFreq), (28 bytes).
    Removing stm32f4xx_ll_rcc.o(i.RCC_GetPCLK2ClockFreq), (28 bytes).
    Removing stm32f4xx_ll_rcc.o(i.RCC_GetSystemClockFreq), (44 bytes).
    Removing stm32f4xx_ll_rcc.o(i.RCC_PLLI2S_GetFreqDomain_I2S), (68 bytes).
    Removing stm32f4xx_ll_rcc.o(i.RCC_PLL_GetFreqDomain_48M), (60 bytes).
    Removing stm32f4xx_ll_rcc.o(i.RCC_PLL_GetFreqDomain_SYS), (76 bytes).
    Removing stm32f4xx_ll_utils.o(.rev16_text), (4 bytes).
    Removing stm32f4xx_ll_utils.o(.revsh_text), (4 bytes).
    Removing stm32f4xx_ll_utils.o(.rrx_text), (6 bytes).
    Removing stm32f4xx_ll_utils.o(i.LL_Init1msTick), (26 bytes).
    Removing stm32f4xx_ll_utils.o(i.LL_PLL_ConfigSystemClock_HSE), (112 bytes).
    Removing stm32f4xx_ll_utils.o(i.LL_PLL_ConfigSystemClock_HSI), (88 bytes).
    Removing stm32f4xx_ll_utils.o(i.LL_RCC_PLL_ConfigDomain_SYS), (40 bytes).
    Removing stm32f4xx_ll_utils.o(i.LL_mDelay), (30 bytes).
    Removing stm32f4xx_ll_utils.o(i.UTILS_EnablePLLAndSwitchSystem), (152 bytes).
    Removing stm32f4xx_ll_utils.o(i.UTILS_GetPLLOutputFrequency), (32 bytes).
    Removing stm32f4xx_ll_utils.o(i.UTILS_PLL_IsBusy), (32 bytes).
    Removing stm32f4xx_ll_utils.o(i.UTILS_SetFlashLatency), (180 bytes).
    Removing stm32f4xx_hal.o(.rev16_text), (4 bytes).
    Removing stm32f4xx_hal.o(.revsh_text), (4 bytes).
    Removing stm32f4xx_hal.o(.rrx_text), (6 bytes).
    Removing stm32f4xx_hal.o(i.HAL_DBGMCU_DisableDBGSleepMode), (16 bytes).
    Removing stm32f4xx_hal.o(i.HAL_DBGMCU_DisableDBGStandbyMode), (16 bytes).
    Removing stm32f4xx_hal.o(i.HAL_DBGMCU_DisableDBGStopMode), (16 bytes).
    Removing stm32f4xx_hal.o(i.HAL_DBGMCU_EnableDBGSleepMode), (16 bytes).
    Removing stm32f4xx_hal.o(i.HAL_DBGMCU_EnableDBGStandbyMode), (16 bytes).
    Removing stm32f4xx_hal.o(i.HAL_DBGMCU_EnableDBGStopMode), (16 bytes).
    Removing stm32f4xx_hal.o(i.HAL_DeInit), (52 bytes).
    Removing stm32f4xx_hal.o(i.HAL_Delay), (36 bytes).
    Removing stm32f4xx_hal.o(i.HAL_DisableCompensationCell), (12 bytes).
    Removing stm32f4xx_hal.o(i.HAL_EnableCompensationCell), (12 bytes).
    Removing stm32f4xx_hal.o(i.HAL_GetDEVID), (16 bytes).
    Removing stm32f4xx_hal.o(i.HAL_GetHalVersion), (8 bytes).
    Removing stm32f4xx_hal.o(i.HAL_GetREVID), (12 bytes).
    Removing stm32f4xx_hal.o(i.HAL_GetTick), (12 bytes).
    Removing stm32f4xx_hal.o(i.HAL_GetTickFreq), (12 bytes).
    Removing stm32f4xx_hal.o(i.HAL_GetTickPrio), (12 bytes).
    Removing stm32f4xx_hal.o(i.HAL_GetUID), (28 bytes).
    Removing stm32f4xx_hal.o(i.HAL_Init), (52 bytes).
    Removing stm32f4xx_hal.o(i.HAL_InitTick), (64 bytes).
    Removing stm32f4xx_hal.o(i.HAL_MspDeInit), (2 bytes).
    Removing stm32f4xx_hal.o(i.HAL_MspInit), (2 bytes).
    Removing stm32f4xx_hal.o(i.HAL_ResumeTick), (14 bytes).
    Removing stm32f4xx_hal.o(i.HAL_SetTickFreq), (28 bytes).
    Removing stm32f4xx_hal.o(i.HAL_SuspendTick), (14 bytes).
    Removing stm32f4xx_hal_cortex.o(.rev16_text), (4 bytes).
    Removing stm32f4xx_hal_cortex.o(.revsh_text), (4 bytes).
    Removing stm32f4xx_hal_cortex.o(.rrx_text), (6 bytes).
    Removing stm32f4xx_hal_cortex.o(i.HAL_MPU_ConfigRegion), (84 bytes).
    Removing stm32f4xx_hal_cortex.o(i.HAL_MPU_Disable), (28 bytes).
    Removing stm32f4xx_hal_cortex.o(i.HAL_MPU_Enable), (36 bytes).
    Removing stm32f4xx_hal_cortex.o(i.HAL_NVIC_ClearPendingIRQ), (22 bytes).
    Removing stm32f4xx_hal_cortex.o(i.HAL_NVIC_DisableIRQ), (22 bytes).
    Removing stm32f4xx_hal_cortex.o(i.HAL_NVIC_EnableIRQ), (22 bytes).
    Removing stm32f4xx_hal_cortex.o(i.HAL_NVIC_GetActive), (32 bytes).
    Removing stm32f4xx_hal_cortex.o(i.HAL_NVIC_GetPendingIRQ), (32 bytes).
    Removing stm32f4xx_hal_cortex.o(i.HAL_NVIC_GetPriority), (82 bytes).
    Removing stm32f4xx_hal_cortex.o(i.HAL_NVIC_GetPriorityGrouping), (16 bytes).
    Removing stm32f4xx_hal_cortex.o(i.HAL_NVIC_SetPendingIRQ), (22 bytes).
    Removing stm32f4xx_hal_cortex.o(i.HAL_NVIC_SetPriority), (64 bytes).
    Removing stm32f4xx_hal_cortex.o(i.HAL_NVIC_SetPriorityGrouping), (36 bytes).
    Removing stm32f4xx_hal_cortex.o(i.HAL_NVIC_SystemReset), (36 bytes).
    Removing stm32f4xx_hal_cortex.o(i.HAL_SYSTICK_CLKSourceConfig), (24 bytes).
    Removing stm32f4xx_hal_cortex.o(i.HAL_SYSTICK_Callback), (2 bytes).
    Removing stm32f4xx_hal_cortex.o(i.HAL_SYSTICK_Config), (40 bytes).
    Removing stm32f4xx_hal_cortex.o(i.HAL_SYSTICK_IRQHandler), (8 bytes).
    Removing stm32f4xx_hal_cortex.o(i.NVIC_SetPriority), (32 bytes).
    Removing stm32f4xx_hal_gpio.o(.rev16_text), (4 bytes).
    Removing stm32f4xx_hal_gpio.o(.revsh_text), (4 bytes).
    Removing stm32f4xx_hal_gpio.o(.rrx_text), (6 bytes).
    Removing stm32f4xx_hal_gpio.o(i.HAL_GPIO_DeInit), (328 bytes).
    Removing stm32f4xx_hal_gpio.o(i.HAL_GPIO_EXTI_Callback), (2 bytes).
    Removing stm32f4xx_hal_gpio.o(i.HAL_GPIO_EXTI_IRQHandler), (24 bytes).
    Removing stm32f4xx_hal_gpio.o(i.HAL_GPIO_Init), (432 bytes).
    Removing stm32f4xx_hal_gpio.o(i.HAL_GPIO_LockPin), (34 bytes).
    Removing stm32f4xx_hal_gpio.o(i.HAL_GPIO_ReadPin), (10 bytes).
    Removing stm32f4xx_hal_gpio.o(i.HAL_GPIO_TogglePin), (8 bytes).
    Removing stm32f4xx_hal_gpio.o(i.HAL_GPIO_WritePin), (10 bytes).
    Removing stm32f4xx_hal_rcc.o(.rev16_text), (4 bytes).
    Removing stm32f4xx_hal_rcc.o(.revsh_text), (4 bytes).
    Removing stm32f4xx_hal_rcc.o(.rrx_text), (6 bytes).
    Removing stm32f4xx_hal_rcc.o(i.HAL_RCC_CSSCallback), (2 bytes).
    Removing stm32f4xx_hal_rcc.o(i.HAL_RCC_ClockConfig), (304 bytes).
    Removing stm32f4xx_hal_rcc.o(i.HAL_RCC_DeInit), (4 bytes).
    Removing stm32f4xx_hal_rcc.o(i.HAL_RCC_DisableCSS), (12 bytes).
    Removing stm32f4xx_hal_rcc.o(i.HAL_RCC_EnableCSS), (12 bytes).
    Removing stm32f4xx_hal_rcc.o(i.HAL_RCC_GetClockConfig), (64 bytes).
    Removing stm32f4xx_hal_rcc.o(i.HAL_RCC_GetHCLKFreq), (12 bytes).
    Removing stm32f4xx_hal_rcc.o(i.HAL_RCC_GetOscConfig), (180 bytes).
    Removing stm32f4xx_hal_rcc.o(i.HAL_RCC_GetPCLK1Freq), (32 bytes).
    Removing stm32f4xx_hal_rcc.o(i.HAL_RCC_GetPCLK2Freq), (32 bytes).
    Removing stm32f4xx_hal_rcc.o(i.HAL_RCC_GetSysClockFreq), (96 bytes).
    Removing stm32f4xx_hal_rcc.o(i.HAL_RCC_MCOConfig), (140 bytes).
    Removing stm32f4xx_hal_rcc.o(i.HAL_RCC_NMI_IRQHandler), (28 bytes).
    Removing stm32f4xx_hal_rcc.o(i.HAL_RCC_OscConfig), (796 bytes).
    Removing system_stm32f4xx.o(.rev16_text), (4 bytes).
    Removing system_stm32f4xx.o(.revsh_text), (4 bytes).
    Removing system_stm32f4xx.o(.rrx_text), (6 bytes).
    Removing system_stm32f4xx.o(i.SystemCoreClockUpdate), (120 bytes).
    Removing system_stm32f4xx.o(.constdata), (16 bytes).
    Removing system_stm32f4xx.o(.constdata), (8 bytes).
    Removing startup_stm32f407xx.o(HEAP), (1024 bytes).
    Removing stm32_cfg.o(.rev16_text), (4 bytes).
    Removing stm32_cfg.o(.revsh_text), (4 bytes).
    Removing stm32_cfg.o(.rrx_text), (6 bytes).
    Removing stm32_cfg.o(i._irq_disable), (4 bytes).
    Removing stm32_cfg.o(i._irq_enable), (4 bytes).
    Removing stm32f4xx_it.o(.rev16_text), (4 bytes).
    Removing stm32f4xx_it.o(.revsh_text), (4 bytes).
    Removing stm32f4xx_it.o(.rrx_text), (6 bytes).
    Removing complier_cfg.o(.rev16_text), (4 bytes).
    Removing complier_cfg.o(.revsh_text), (4 bytes).
    Removing complier_cfg.o(.rrx_text), (6 bytes).
    Removing complier_lib.o(.rev16_text), (4 bytes).
    Removing complier_lib.o(.revsh_text), (4 bytes).
    Removing complier_lib.o(.rrx_text), (6 bytes).
    Removing complier_lib.o(i.AscSortFun1), (70 bytes).
    Removing complier_lib.o(i.AscSortFun2), (74 bytes).
    Removing complier_lib.o(i.BcdToDec), (18 bytes).
    Removing complier_lib.o(i.CalcAvgFun1), (96 bytes).
    Removing complier_lib.o(i.CalcAvgFun2), (92 bytes).
    Removing complier_lib.o(i.CalcAvgFun3), (92 bytes).
    Removing complier_lib.o(i.CalcAvgFun4), (88 bytes).
    Removing complier_lib.o(i.CalcCheckSum), (28 bytes).
    Removing complier_lib.o(i.CompareFun1), (30 bytes).
    Removing complier_lib.o(i.CompareFun2), (28 bytes).
    Removing complier_lib.o(i.CompareFun3), (36 bytes).
    Removing complier_lib.o(i.CompareFun4), (32 bytes).
    Removing complier_lib.o(i.DecToBcd), (22 bytes).
    Removing complier_lib.o(i.DescSortFun1), (70 bytes).
    Removing complier_lib.o(i.DescSortFun2), (74 bytes).
    Removing complier_lib.o(i.HexToBcd), (22 bytes).
    Removing main.o(.rev16_text), (4 bytes).
    Removing main.o(.revsh_text), (4 bytes).
    Removing main.o(.rrx_text), (6 bytes).
    Removing crc_cfg.o(.rev16_text), (4 bytes).
    Removing crc_cfg.o(.revsh_text), (4 bytes).
    Removing crc_cfg.o(.rrx_text), (6 bytes).
    Removing crc_cfg.o(i.CRC32_DeInit), (16 bytes).
    Removing crc_cfg.o(i.CRC32_HWGetCalc323BitsData), (32 bytes).
    Removing crc_cfg.o(i.CRC32_HWGetCalc8BitsData), (32 bytes).
    Removing crc_cfg.o(i.CRC32_HWReSet), (12 bytes).
    Removing crc_cfg.o(i.CRC32_Init), (56 bytes).
    Removing crc_cfg.o(i.CRC32_Revbit), (28 bytes).
    Removing crc_cfg.o(i.CRC32_SWGetCalc32BitsData), (52 bytes).
    Removing crc_cfg.o(i.CRC32_SWGetCalc8BitsData), (48 bytes).
    Removing crc_cfg.o(.constdata), (1024 bytes).
    Removing crc_cfg.o(.constdata), (512 bytes).
    Removing crc_cfg.o(.data), (4 bytes).
    Removing crc_cfg.o(.data), (8 bytes).
    Removing crc_lib.o(.rev16_text), (4 bytes).
    Removing crc_lib.o(.revsh_text), (4 bytes).
    Removing crc_lib.o(.rrx_text), (6 bytes).
    Removing crc_lib.o(i.CRC32Lib_HWGetCalc32BitsData), (4 bytes).
    Removing crc_lib.o(i.CRC32Lib_HWGetCalc8BitsData), (4 bytes).
    Removing crc_lib.o(i.CRC32Lib_Init), (52 bytes).
    Removing crc_lib.o(i.CRC32Lib_SWGetCalc32BitsData), (4 bytes).
    Removing crc_lib.o(i.CRC32Lib_SWGetCalc8BitsData), (4 bytes).
    Removing crc_task.o(.rev16_text), (4 bytes).
    Removing crc_task.o(.revsh_text), (4 bytes).
    Removing crc_task.o(.rrx_text), (6 bytes).
    Removing crc_task.o(i.CRC32Task_GetCalc32BitsData), (12 bytes).
    Removing crc_task.o(i.CRC32Task_GetCalc8BitsData), (12 bytes).
    Removing crc_task.o(i.CRC32Task_Init), (4 bytes).
    Removing delay_cfg.o(.rev16_text), (4 bytes).
    Removing delay_cfg.o(.revsh_text), (4 bytes).
    Removing delay_cfg.o(.rrx_text), (6 bytes).
    Removing delay_cfg.o(i.DelayN_ms), (36 bytes).
    Removing delay_cfg.o(i.DelayN_s), (24 bytes).
    Removing delay_cfg.o(i.DelayN_us), (68 bytes).
    Removing delay_cfg.o(i.Delay_1us), (44 bytes).
    Removing delay_cfg.o(i.Delay_ms), (34 bytes).
    Removing delay_cfg.o(i.Delay_nop), (12 bytes).
    Removing delay_cfg.o(i.Delay_s), (36 bytes).
    Removing delay_cfg.o(i.Delay_us), (4 bytes).
    Removing delay_lib.o(.rev16_text), (4 bytes).
    Removing delay_lib.o(.revsh_text), (4 bytes).
    Removing delay_lib.o(.rrx_text), (6 bytes).
    Removing delay_lib.o(i.DelayLib_1us), (4 bytes).
    Removing delay_lib.o(i.DelayLib_ms), (4 bytes).
    Removing delay_lib.o(i.DelayLib_nop), (4 bytes).
    Removing delay_lib.o(i.DelayLib_s), (4 bytes).
    Removing delay_lib.o(i.DelayLib_us), (4 bytes).
    Removing delay_lib.o(i.DelayNLib_ms), (4 bytes).
    Removing delay_lib.o(i.DelayNLib_s), (4 bytes).
    Removing delay_lib.o(i.DelayNLib_us), (4 bytes).
    Removing delay_task.o(.rev16_text), (4 bytes).
    Removing delay_task.o(.revsh_text), (4 bytes).
    Removing delay_task.o(.rrx_text), (6 bytes).
    Removing delay_task.o(i.DelayTask_1us), (4 bytes).
    Removing delay_task.o(i.DelayTask_ms), (4 bytes).
    Removing delay_task.o(i.DelayTask_nop), (4 bytes).
    Removing delay_task.o(i.DelayTask_s), (4 bytes).
    Removing delay_task.o(i.DelayTask_us), (4 bytes).
    Removing dht11_cfg.o(.rev16_text), (4 bytes).
    Removing dht11_cfg.o(.revsh_text), (4 bytes).
    Removing dht11_cfg.o(.rrx_text), (6 bytes).
    Removing dht11_cfg.o(i.DHT11_Check), (84 bytes).
    Removing dht11_cfg.o(i.DHT11_DeInit), (20 bytes).
    Removing dht11_cfg.o(i.DHT11_Device0_Init), (20 bytes).
    Removing dht11_cfg.o(i.DHT11_GPIO_Init), (58 bytes).
    Removing dht11_cfg.o(i.DHT11_Init), (60 bytes).
    Removing dht11_cfg.o(i.DHT11_RESET), (52 bytes).
    Removing dht11_cfg.o(i.DHT11_Read), (98 bytes).
    Removing dht11_cfg.o(i.DHT11_ReadBit), (94 bytes).
    Removing dht11_cfg.o(i.DHT11_ReadByte), (30 bytes).
    Removing dht11_cfg.o(i.DHT11_START), (18 bytes).
    Removing dht11_cfg.o(i.DHT11_StructInit), (12 bytes).
    Removing dht11_cfg.o(i.LL_GPIO_IsInputPinSet), (14 bytes).
    Removing dht11_cfg.o(.bss), (20 bytes).
    Removing dht11_cfg.o(.data), (4 bytes).
    Removing dht11_lib.o(.rev16_text), (4 bytes).
    Removing dht11_lib.o(.revsh_text), (4 bytes).
    Removing dht11_lib.o(.rrx_text), (6 bytes).
    Removing dht11_lib.o(i.DHT11Lib_DeInit), (4 bytes).
    Removing dht11_lib.o(i.DHT11Lib_Init), (4 bytes).
    Removing dht11_lib.o(i.DHT11Lib_Read), (4 bytes).
    Removing dht11_task.o(.rev16_text), (4 bytes).
    Removing dht11_task.o(.revsh_text), (4 bytes).
    Removing dht11_task.o(.rrx_text), (6 bytes).
    Removing dht11_task.o(i.DHT11Task_DeInit), (4 bytes).
    Removing dht11_task.o(i.DHT11Task_Init), (4 bytes).
    Removing dht11_task.o(i.DHT11Task_Read), (4 bytes).
    Removing ds18b20_cfg.o(.rev16_text), (4 bytes).
    Removing ds18b20_cfg.o(.revsh_text), (4 bytes).
    Removing ds18b20_cfg.o(.rrx_text), (6 bytes).
    Removing ds18b20_cfg.o(i.DS18B20_DeInit), (6 bytes).
    Removing ds18b20_cfg.o(i.DS18B20_Device0_Init), (16 bytes).
    Removing ds18b20_cfg.o(i.DS18B20_Init), (56 bytes).
    Removing ds18b20_cfg.o(i.DS18B20_ReadByte), (6 bytes).
    Removing ds18b20_cfg.o(i.DS18B20_ReadDeviceID), (54 bytes).
    Removing ds18b20_cfg.o(i.DS18B20_ReadWenDu), (120 bytes).
    Removing ds18b20_cfg.o(i.DS18B20_ReadWenDuByID), (162 bytes).
    Removing ds18b20_cfg.o(i.DS18B20_START), (6 bytes).
    Removing ds18b20_cfg.o(i.DS18B20_StructInit), (14 bytes).
    Removing ds18b20_cfg.o(i.DS18B20_WriteByte), (6 bytes).
    Removing ds18b20_cfg.o(.bss), (24 bytes).
    Removing ds18b20_cfg.o(.data), (4 bytes).
    Removing ds18b20_lib.o(.rev16_text), (4 bytes).
    Removing ds18b20_lib.o(.revsh_text), (4 bytes).
    Removing ds18b20_lib.o(.rrx_text), (6 bytes).
    Removing ds18b20_lib.o(i.DS18B20Lib_DeInit), (4 bytes).
    Removing ds18b20_lib.o(i.DS18B20Lib_Init), (4 bytes).
    Removing ds18b20_lib.o(i.DS18B20Lib_ReadDeviceID), (4 bytes).
    Removing ds18b20_lib.o(i.DS18B20Lib_ReadWenDu), (4 bytes).
    Removing ds18b20_lib.o(i.DS18B20Lib_ReadWenDuByID), (4 bytes).
    Removing ds18b20_task.o(.rev16_text), (4 bytes).
    Removing ds18b20_task.o(.revsh_text), (4 bytes).
    Removing ds18b20_task.o(.rrx_text), (6 bytes).
    Removing ds18b20_task.o(i.DS18B20Task_DeInit), (4 bytes).
    Removing ds18b20_task.o(i.DS18B20Task_Init), (4 bytes).
    Removing ds18b20_task.o(i.DS18B20Task_ReadDeviceID), (4 bytes).
    Removing ds18b20_task.o(i.DS18B20Task_ReadWenDu), (4 bytes).
    Removing ds18b20_task.o(i.DS18B20Task_ReadWenDuByID), (4 bytes).
    Removing gpio_cfg.o(.rev16_text), (4 bytes).
    Removing gpio_cfg.o(.revsh_text), (4 bytes).
    Removing gpio_cfg.o(.rrx_text), (6 bytes).
    Removing gpio_lib.o(.rev16_text), (4 bytes).
    Removing gpio_lib.o(.revsh_text), (4 bytes).
    Removing gpio_lib.o(.rrx_text), (6 bytes).
    Removing gpio_lib.o(i.GPIOLib_Clock), (4 bytes).
    Removing gpio_task.o(.rev16_text), (4 bytes).
    Removing gpio_task.o(.revsh_text), (4 bytes).
    Removing gpio_task.o(.rrx_text), (6 bytes).
    Removing gpio_task.o(i.GPIOTask_Clock), (4 bytes).
    Removing i2c_cfg.o(.rev16_text), (4 bytes).
    Removing i2c_cfg.o(.revsh_text), (4 bytes).
    Removing i2c_cfg.o(.rrx_text), (6 bytes).
    Removing i2c_cfg.o(i.I2C_HandlerType_Init), (4 bytes).
    Removing i2c_cfg.o(i.I2C_MSW_ACK), (38 bytes).
    Removing i2c_cfg.o(i.I2C_MSW_DeInit), (48 bytes).
    Removing i2c_cfg.o(i.I2C_MSW_Init), (82 bytes).
    Removing i2c_cfg.o(i.I2C_MSW_NACK), (36 bytes).
    Removing i2c_cfg.o(i.I2C_MSW_ReadACK), (50 bytes).
    Removing i2c_cfg.o(i.I2C_MSW_ReadBit), (52 bytes).
    Removing i2c_cfg.o(i.I2C_MSW_ReadBits), (74 bytes).
    Removing i2c_cfg.o(i.I2C_MSW_ReadByte), (44 bytes).
    Removing i2c_cfg.o(i.I2C_MSW_START), (64 bytes).
    Removing i2c_cfg.o(i.I2C_MSW_STOP), (66 bytes).
    Removing i2c_cfg.o(i.I2C_MSW_SendACK), (10 bytes).
    Removing i2c_cfg.o(i.I2C_MSW_SendBit), (50 bytes).
    Removing i2c_cfg.o(i.I2C_MSW_SendBits), (76 bytes).
    Removing i2c_cfg.o(i.I2C_MSW_SendByte), (40 bytes).
    Removing i2c_cfg.o(i.I2C_MSW_SendCMD), (56 bytes).
    Removing i2c_cfg.o(i.I2C_MSW_WaitACK), (60 bytes).
    Removing i2c_cfg.o(i.LL_GPIO_IsInputPinSet), (14 bytes).
    Removing i2c_cfg.o(i.LL_GPIO_SetPinMode), (38 bytes).
    Removing i2c_lib.o(.rev16_text), (4 bytes).
    Removing i2c_lib.o(.revsh_text), (4 bytes).
    Removing i2c_lib.o(.rrx_text), (6 bytes).
    Removing i2c_lib.o(i.I2CLib_MSW_ACK), (4 bytes).
    Removing i2c_lib.o(i.I2CLib_MSW_DeInit), (4 bytes).
    Removing i2c_lib.o(i.I2CLib_MSW_Init), (22 bytes).
    Removing i2c_lib.o(i.I2CLib_MSW_NACK), (4 bytes).
    Removing i2c_lib.o(i.I2CLib_MSW_Read), (80 bytes).
    Removing i2c_lib.o(i.I2CLib_MSW_ReadACK), (4 bytes).
    Removing i2c_lib.o(i.I2CLib_MSW_ReadBits), (4 bytes).
    Removing i2c_lib.o(i.I2CLib_MSW_ReadByte), (4 bytes).
    Removing i2c_lib.o(i.I2CLib_MSW_START), (46 bytes).
    Removing i2c_lib.o(i.I2CLib_MSW_STOP), (4 bytes).
    Removing i2c_lib.o(i.I2CLib_MSW_Send), (56 bytes).
    Removing i2c_lib.o(i.I2CLib_MSW_SendACK), (4 bytes).
    Removing i2c_lib.o(i.I2CLib_MSW_SendBits), (4 bytes).
    Removing i2c_lib.o(i.I2CLib_MSW_SendByte), (4 bytes).
    Removing i2c_lib.o(i.I2CLib_MSW_SendCMD), (4 bytes).
    Removing i2c_lib.o(i.I2CLib_MSW_WaitACK), (4 bytes).
    Removing i2c_task.o(.rev16_text), (4 bytes).
    Removing i2c_task.o(.revsh_text), (4 bytes).
    Removing i2c_task.o(.rrx_text), (6 bytes).
    Removing i2c_task.o(i.I2CTask_MSW_DeInit), (4 bytes).
    Removing i2c_task.o(i.I2CTask_MSW_Init), (4 bytes).
    Removing i2c_task.o(i.I2CTask_MSW_Read), (4 bytes).
    Removing i2c_task.o(i.I2CTask_MSW_ReadACK), (4 bytes).
    Removing i2c_task.o(i.I2CTask_MSW_ReadByte), (4 bytes).
    Removing i2c_task.o(i.I2CTask_MSW_START), (4 bytes).
    Removing i2c_task.o(i.I2CTask_MSW_STOP), (4 bytes).
    Removing i2c_task.o(i.I2CTask_MSW_Send), (4 bytes).
    Removing i2c_task.o(i.I2CTask_MSW_SendACK), (4 bytes).
    Removing i2c_task.o(i.I2CTask_MSW_SendByte), (4 bytes).
    Removing i2c_task.o(i.I2CTask_MSW_SendCMD), (4 bytes).
    Removing iwdg_cfg.o(.rev16_text), (4 bytes).
    Removing iwdg_cfg.o(.revsh_text), (4 bytes).
    Removing iwdg_cfg.o(.rrx_text), (6 bytes).
    Removing iwdg_cfg.o(i.IWDG_DeInit), (4 bytes).
    Removing iwdg_cfg.o(i.IWDG_Init), (68 bytes).
    Removing iwdg_cfg.o(i.IWDG_Reset), (24 bytes).
    Removing iwdg_cfg.o(.data), (4 bytes).
    Removing iwdg_cfg.o(.data), (4 bytes).
    Removing iwdg_lib.o(.rev16_text), (4 bytes).
    Removing iwdg_lib.o(.revsh_text), (4 bytes).
    Removing iwdg_lib.o(.rrx_text), (6 bytes).
    Removing iwdg_lib.o(i.IWDGLib_DeInit), (4 bytes).
    Removing iwdg_lib.o(i.IWDGLib_Init), (4 bytes).
    Removing iwdg_lib.o(i.IWDGLib_Reset), (4 bytes).
    Removing iwdg_task.o(.rev16_text), (4 bytes).
    Removing iwdg_task.o(.revsh_text), (4 bytes).
    Removing iwdg_task.o(.rrx_text), (6 bytes).
    Removing iwdg_task.o(i.IWDGTask_DeInit), (4 bytes).
    Removing iwdg_task.o(i.IWDGTask_Init), (4 bytes).
    Removing iwdg_task.o(i.IWDGTask_Reset), (4 bytes).
    Removing random_cfg.o(.rev16_text), (4 bytes).
    Removing random_cfg.o(.revsh_text), (4 bytes).
    Removing random_cfg.o(.rrx_text), (6 bytes).
    Removing random_cfg.o(i.Random_DeInit), (24 bytes).
    Removing random_cfg.o(i.Random_GetRand), (46 bytes).
    Removing random_cfg.o(i.Random_GetVal), (24 bytes).
    Removing random_cfg.o(i.Random_Init), (48 bytes).
    Removing random_lib.o(.rev16_text), (4 bytes).
    Removing random_lib.o(.revsh_text), (4 bytes).
    Removing random_lib.o(.rrx_text), (6 bytes).
    Removing random_lib.o(i.RandomLib_DeInit), (4 bytes).
    Removing random_lib.o(i.RandomLib_GetRand), (4 bytes).
    Removing random_lib.o(i.RandomLib_Init), (4 bytes).
    Removing random_task.o(.rev16_text), (4 bytes).
    Removing random_task.o(.revsh_text), (4 bytes).
    Removing random_task.o(.rrx_text), (6 bytes).
    Removing random_task.o(i.RandomTask_DeInit), (4 bytes).
    Removing random_task.o(i.RandomTask_GetRand), (4 bytes).
    Removing random_task.o(i.RandomTask_Init), (4 bytes).
    Removing systick_cfg.o(.rev16_text), (4 bytes).
    Removing systick_cfg.o(.revsh_text), (4 bytes).
    Removing systick_cfg.o(.rrx_text), (6 bytes).
    Removing systick_cfg.o(i.SysTick_1msTick), (48 bytes).
    Removing systick_cfg.o(i.SysTick_DeInit), (10 bytes).
    Removing systick_cfg.o(i.SysTick_GetTick), (16 bytes).
    Removing systick_cfg.o(i.SysTick_GetTickOVF), (12 bytes).
    Removing systick_cfg.o(i.SysTick_IRQDecTick), (44 bytes).
    Removing systick_cfg.o(i.SysTick_TickTask), (24 bytes).
    Removing systick_cfg.o(i.SysTick_WaitTick), (100 bytes).
    Removing systick_lib.o(.rev16_text), (4 bytes).
    Removing systick_lib.o(.revsh_text), (4 bytes).
    Removing systick_lib.o(.rrx_text), (6 bytes).
    Removing systick_lib.o(i.SysTickLib_1msTick), (4 bytes).
    Removing systick_lib.o(i.SysTickLib_DeInit), (4 bytes).
    Removing systick_lib.o(i.SysTickLib_GetTick), (4 bytes).
    Removing systick_lib.o(i.SysTickLib_GetTickOVF), (4 bytes).
    Removing systick_lib.o(i.SysTickLib_IRQDecTick), (4 bytes).
    Removing systick_lib.o(i.SysTickLib_TickTask), (4 bytes).
    Removing systick_lib.o(i.SysTickLib_WaitTick), (4 bytes).
    Removing systick_task.o(.rev16_text), (4 bytes).
    Removing systick_task.o(.revsh_text), (4 bytes).
    Removing systick_task.o(.rrx_text), (6 bytes).
    Removing systick_task.o(i.SysTickTask_1msTick), (4 bytes).
    Removing systick_task.o(i.SysTickTask_DeInit), (4 bytes).
    Removing systick_task.o(i.SysTickTask_GetTick), (4 bytes).
    Removing systick_task.o(i.SysTickTask_GetTickOVF), (4 bytes).
    Removing systick_task.o(i.SysTickTask_IRQDecTick), (4 bytes).
    Removing systick_task.o(i.SysTickTask_TickTask), (4 bytes).
    Removing systick_task.o(i.SysTickTask_WaitTick), (4 bytes).
    Removing one_wire_cfg.o(.rev16_text), (4 bytes).
    Removing one_wire_cfg.o(.revsh_text), (4 bytes).
    Removing one_wire_cfg.o(.rrx_text), (6 bytes).
    Removing one_wire_cfg.o(i.LL_GPIO_IsInputPinSet), (14 bytes).
    Removing one_wire_cfg.o(i.OneWire_DeInit), (20 bytes).
    Removing one_wire_cfg.o(i.OneWire_Init), (70 bytes).
    Removing one_wire_cfg.o(i.OneWire_ReadBit), (66 bytes).
    Removing one_wire_cfg.o(i.OneWire_ReadByte), (40 bytes).
    Removing one_wire_cfg.o(i.OneWire_START), (58 bytes).
    Removing one_wire_cfg.o(i.OneWire_StructInit), (8 bytes).
    Removing one_wire_cfg.o(i.OneWire_WriteBit), (56 bytes).
    Removing one_wire_cfg.o(i.OneWire_WriteByte), (32 bytes).
    Removing one_wire_lib.o(.rev16_text), (4 bytes).
    Removing one_wire_lib.o(.revsh_text), (4 bytes).
    Removing one_wire_lib.o(.rrx_text), (6 bytes).
    Removing one_wire_lib.o(i.OneWireLib_DeInit), (4 bytes).
    Removing one_wire_lib.o(i.OneWireLib_Init), (4 bytes).
    Removing one_wire_lib.o(i.OneWireLib_ReadByte), (4 bytes).
    Removing one_wire_lib.o(i.OneWireLib_START), (4 bytes).
    Removing one_wire_lib.o(i.OneWireLib_WriteByte), (4 bytes).
    Removing one_wire_task.o(.rev16_text), (4 bytes).
    Removing one_wire_task.o(.revsh_text), (4 bytes).
    Removing one_wire_task.o(.rrx_text), (6 bytes).
    Removing one_wire_task.o(i.OneWireTask_DeInit), (4 bytes).
    Removing one_wire_task.o(i.OneWireTask_Init), (4 bytes).
    Removing one_wire_task.o(i.OneWireTask_ReadByte), (4 bytes).
    Removing one_wire_task.o(i.OneWireTask_START), (4 bytes).
    Removing one_wire_task.o(i.OneWireTask_WriteByte), (4 bytes).
    Removing pcf8563_cfg.o(.rev16_text), (4 bytes).
    Removing pcf8563_cfg.o(.revsh_text), (4 bytes).
    Removing pcf8563_cfg.o(.rrx_text), (6 bytes).
    Removing pcf8563_cfg.o(i.PCF8563_ClockOut), (64 bytes).
    Removing pcf8563_cfg.o(i.PCF8563_DeInit), (6 bytes).
    Removing pcf8563_cfg.o(i.PCF8563_Device0_Init), (40 bytes).
    Removing pcf8563_cfg.o(i.PCF8563_Device1_Init), (4 bytes).
    Removing pcf8563_cfg.o(i.PCF8563_Init), (40 bytes).
    Removing pcf8563_cfg.o(i.PCF8563_ReadRTC), (102 bytes).
    Removing pcf8563_cfg.o(i.PCF8563_ReadReg), (120 bytes).
    Removing pcf8563_cfg.o(i.PCF8563_WriteRTC), (248 bytes).
    Removing pcf8563_cfg.o(i.PCF8563_WriteReg), (68 bytes).
    Removing pcf8563_cfg.o(.bss), (48 bytes).
    Removing pcf8563_cfg.o(.data), (4 bytes).
    Removing pcf8563_lib.o(.rev16_text), (4 bytes).
    Removing pcf8563_lib.o(.revsh_text), (4 bytes).
    Removing pcf8563_lib.o(.rrx_text), (6 bytes).
    Removing pcf8563_lib.o(i.PCF8563Lib_ClockOut), (4 bytes).
    Removing pcf8563_lib.o(i.PCF8563Lib_DeInit), (4 bytes).
    Removing pcf8563_lib.o(i.PCF8563Lib_Init), (4 bytes).
    Removing pcf8563_lib.o(i.PCF8563Lib_ReadRTC), (4 bytes).
    Removing pcf8563_lib.o(i.PCF8563Lib_WriteRTC), (4 bytes).
    Removing pcf8563_task.o(.rev16_text), (4 bytes).
    Removing pcf8563_task.o(.revsh_text), (4 bytes).
    Removing pcf8563_task.o(.rrx_text), (6 bytes).
    Removing pcf8563_task.o(i.PCF8563Task_ClockOut), (4 bytes).
    Removing pcf8563_task.o(i.PCF8563Task_DeInit), (4 bytes).
    Removing pcf8563_task.o(i.PCF8563Task_Init), (4 bytes).
    Removing pcf8563_task.o(i.PCF8563Task_ReadRTC), (4 bytes).
    Removing pcf8563_task.o(i.PCF8563Task_WriteRTC), (4 bytes).
    Removing dadd.o(.text), (334 bytes).
    Removing ddiv.o(.text), (222 bytes).
    Removing dflti.o(.text), (34 bytes).
    Removing dfltui.o(.text), (26 bytes).
    Removing dfixui.o(.text), (50 bytes).
    Removing depilogue.o(.text), (186 bytes).

507 unused section(s) (total 17156 bytes) removed from the image.

==============================================================================

Image Symbol Table

    Local Symbols

    Symbol Name                              Value     Ov Type        Size  Object(Section)

    ../Drivers/STM32F4xx_HAL_Driver/Src/stm32f4xx_ll_crc.c 0x00000000   Number         0  stm32f4xx_ll_crc.o ABSOLUTE
    ../Drivers/STM32F4xx_HAL_Driver/Src/stm32f4xx_ll_exti.c 0x00000000   Number         0  stm32f4xx_ll_exti.o ABSOLUTE
    ../Drivers/STM32F4xx_HAL_Driver/Src/stm32f4xx_ll_gpio.c 0x00000000   Number         0  stm32f4xx_ll_gpio.o ABSOLUTE
    ../Drivers/STM32F4xx_HAL_Driver/Src/stm32f4xx_ll_rcc.c 0x00000000   Number         0  stm32f4xx_ll_rcc.o ABSOLUTE
    ../Drivers/STM32F4xx_HAL_Driver/Src/stm32f4xx_ll_rng.c 0x00000000   Number         0  stm32f4xx_ll_rng.o ABSOLUTE
    ../Drivers/STM32F4xx_HAL_Driver/Src/stm32f4xx_ll_rtc.c 0x00000000   Number         0  stm32f4xx_ll_rtc.o ABSOLUTE
    ../Drivers/STM32F4xx_HAL_Driver/Src/stm32f4xx_ll_utils.c 0x00000000   Number         0  stm32f4xx_ll_utils.o ABSOLUTE
    ../clib/microlib/division.c              0x00000000   Number         0  uldiv.o ABSOLUTE
    ../clib/microlib/init/entry.s            0x00000000   Number         0  entry10a.o ABSOLUTE
    ../clib/microlib/init/entry.s            0x00000000   Number         0  entry11b.o ABSOLUTE
    ../clib/microlib/init/entry.s            0x00000000   Number         0  entry11a.o ABSOLUTE
    ../clib/microlib/init/entry.s            0x00000000   Number         0  entry10b.o ABSOLUTE
    ../clib/microlib/init/entry.s            0x00000000   Number         0  entry7a.o ABSOLUTE
    ../clib/microlib/init/entry.s            0x00000000   Number         0  entry9b.o ABSOLUTE
    ../clib/microlib/init/entry.s            0x00000000   Number         0  entry9a.o ABSOLUTE
    ../clib/microlib/init/entry.s            0x00000000   Number         0  entry8b.o ABSOLUTE
    ../clib/microlib/init/entry.s            0x00000000   Number         0  entry8a.o ABSOLUTE
    ../clib/microlib/init/entry.s            0x00000000   Number         0  entry7b.o ABSOLUTE
    ../clib/microlib/init/entry.s            0x00000000   Number         0  entry5.o ABSOLUTE
    ../clib/microlib/init/entry.s            0x00000000   Number         0  entry2.o ABSOLUTE
    ../clib/microlib/init/entry.s            0x00000000   Number         0  entry.o ABSOLUTE
    ../clib/microlib/longlong.c              0x00000000   Number         0  llsshr.o ABSOLUTE
    ../clib/microlib/longlong.c              0x00000000   Number         0  llushr.o ABSOLUTE
    ../clib/microlib/longlong.c              0x00000000   Number         0  llshl.o ABSOLUTE
    ../clib/microlib/stubs.s                 0x00000000   Number         0  iusefp.o ABSOLUTE
    ../fplib/microlib/fpadd.c                0x00000000   Number         0  dadd.o ABSOLUTE
    ../fplib/microlib/fpdiv.c                0x00000000   Number         0  ddiv.o ABSOLUTE
    ../fplib/microlib/fpepilogue.c           0x00000000   Number         0  depilogue.o ABSOLUTE
    ../fplib/microlib/fpfix.c                0x00000000   Number         0  dfixui.o ABSOLUTE
    ../fplib/microlib/fpflt.c                0x00000000   Number         0  dfltui.o ABSOLUTE
    ../fplib/microlib/fpflt.c                0x00000000   Number         0  dflti.o ABSOLUTE
    ..\Application\AD5593\ad5593_cfg.c       0x00000000   Number         0  ad5593_cfg.o ABSOLUTE
    ..\Application\AD5593\ad5593_lib.c       0x00000000   Number         0  ad5593_lib.o ABSOLUTE
    ..\Application\AD5593\ad5593_task.c      0x00000000   Number         0  ad5593_task.o ABSOLUTE
    ..\Application\APP\main.c                0x00000000   Number         0  main.o ABSOLUTE
    ..\Application\AT24Cxx\at24cxx_cfg.c     0x00000000   Number         0  at24cxx_cfg.o ABSOLUTE
    ..\Application\AT24Cxx\at24cxx_lib.c     0x00000000   Number         0  at24cxx_lib.o ABSOLUTE
    ..\Application\AT24Cxx\at24cxx_task.c    0x00000000   Number         0  at24cxx_task.o ABSOLUTE
    ..\Application\CRC\crc_cfg.c             0x00000000   Number         0  crc_cfg.o ABSOLUTE
    ..\Application\CRC\crc_lib.c             0x00000000   Number         0  crc_lib.o ABSOLUTE
    ..\Application\CRC\crc_task.c            0x00000000   Number         0  crc_task.o ABSOLUTE
    ..\Application\DHT11\dht11_cfg.c         0x00000000   Number         0  dht11_cfg.o ABSOLUTE
    ..\Application\DHT11\dht11_lib.c         0x00000000   Number         0  dht11_lib.o ABSOLUTE
    ..\Application\DHT11\dht11_task.c        0x00000000   Number         0  dht11_task.o ABSOLUTE
    ..\Application\DS18B20\ds18b20_cfg.c     0x00000000   Number         0  ds18b20_cfg.o ABSOLUTE
    ..\Application\DS18B20\ds18b20_lib.c     0x00000000   Number         0  ds18b20_lib.o ABSOLUTE
    ..\Application\DS18B20\ds18b20_task.c    0x00000000   Number         0  ds18b20_task.o ABSOLUTE
    ..\Application\Delay\delay_cfg.c         0x00000000   Number         0  delay_cfg.o ABSOLUTE
    ..\Application\Delay\delay_lib.c         0x00000000   Number         0  delay_lib.o ABSOLUTE
    ..\Application\Delay\delay_task.c        0x00000000   Number         0  delay_task.o ABSOLUTE
    ..\Application\GPIO\gpio_cfg.c           0x00000000   Number         0  gpio_cfg.o ABSOLUTE
    ..\Application\GPIO\gpio_lib.c           0x00000000   Number         0  gpio_lib.o ABSOLUTE
    ..\Application\GPIO\gpio_task.c          0x00000000   Number         0  gpio_task.o ABSOLUTE
    ..\Application\I2C\i2c_cfg.c             0x00000000   Number         0  i2c_cfg.o ABSOLUTE
    ..\Application\I2C\i2c_lib.c             0x00000000   Number         0  i2c_lib.o ABSOLUTE
    ..\Application\I2C\i2c_task.c            0x00000000   Number         0  i2c_task.o ABSOLUTE
    ..\Application\IWDG\iwdg_cfg.c           0x00000000   Number         0  iwdg_cfg.o ABSOLUTE
    ..\Application\IWDG\iwdg_lib.c           0x00000000   Number         0  iwdg_lib.o ABSOLUTE
    ..\Application\IWDG\iwdg_task.c          0x00000000   Number         0  iwdg_task.o ABSOLUTE
    ..\Application\OneWire\one_wire_cfg.c    0x00000000   Number         0  one_wire_cfg.o ABSOLUTE
    ..\Application\OneWire\one_wire_lib.c    0x00000000   Number         0  one_wire_lib.o ABSOLUTE
    ..\Application\OneWire\one_wire_task.c   0x00000000   Number         0  one_wire_task.o ABSOLUTE
    ..\Application\PCF8563\pcf8563_cfg.c     0x00000000   Number         0  pcf8563_cfg.o ABSOLUTE
    ..\Application\PCF8563\pcf8563_lib.c     0x00000000   Number         0  pcf8563_lib.o ABSOLUTE
    ..\Application\PCF8563\pcf8563_task.c    0x00000000   Number         0  pcf8563_task.o ABSOLUTE
    ..\Application\Random\random_cfg.c       0x00000000   Number         0  random_cfg.o ABSOLUTE
    ..\Application\Random\random_lib.c       0x00000000   Number         0  random_lib.o ABSOLUTE
    ..\Application\Random\random_task.c      0x00000000   Number         0  random_task.o ABSOLUTE
    ..\Application\SysTick\systick_cfg.c     0x00000000   Number         0  systick_cfg.o ABSOLUTE
    ..\Application\SysTick\systick_lib.c     0x00000000   Number         0  systick_lib.o ABSOLUTE
    ..\Application\SysTick\systick_task.c    0x00000000   Number         0  systick_task.o ABSOLUTE
    ..\Application\USART\usart_cfg.c         0x00000000   Number         0  usart_cfg.o ABSOLUTE
    ..\Application\USART\usart_lib.c         0x00000000   Number         0  usart_lib.o ABSOLUTE
    ..\Application\USART\usart_task.c        0x00000000   Number         0  usart_task.o ABSOLUTE
    ..\Application\WM8510\wm8510_cfg.c       0x00000000   Number         0  wm8510_cfg.o ABSOLUTE
    ..\Application\WM8510\wm8510_lib.c       0x00000000   Number         0  wm8510_lib.o ABSOLUTE
    ..\Application\WM8510\wm8510_task.c      0x00000000   Number         0  wm8510_task.o ABSOLUTE
    ..\Complier\complier_cfg.c               0x00000000   Number         0  complier_cfg.o ABSOLUTE
    ..\Complier\complier_lib.c               0x00000000   Number         0  complier_lib.o ABSOLUTE
    ..\Drivers\STM32F4xx_HAL_Driver\Src\stm32f4xx_hal.c 0x00000000   Number         0  stm32f4xx_hal.o ABSOLUTE
    ..\Drivers\STM32F4xx_HAL_Driver\Src\stm32f4xx_hal_cortex.c 0x00000000   Number         0  stm32f4xx_hal_cortex.o ABSOLUTE
    ..\Drivers\STM32F4xx_HAL_Driver\Src\stm32f4xx_hal_gpio.c 0x00000000   Number         0  stm32f4xx_hal_gpio.o ABSOLUTE
    ..\Drivers\STM32F4xx_HAL_Driver\Src\stm32f4xx_hal_rcc.c 0x00000000   Number         0  stm32f4xx_hal_rcc.o ABSOLUTE
    ..\Drivers\STM32F4xx_HAL_Driver\Src\stm32f4xx_ll_crc.c 0x00000000   Number         0  stm32f4xx_ll_crc.o ABSOLUTE
    ..\Drivers\STM32F4xx_HAL_Driver\Src\stm32f4xx_ll_exti.c 0x00000000   Number         0  stm32f4xx_ll_exti.o ABSOLUTE
    ..\Drivers\STM32F4xx_HAL_Driver\Src\stm32f4xx_ll_gpio.c 0x00000000   Number         0  stm32f4xx_ll_gpio.o ABSOLUTE
    ..\Drivers\STM32F4xx_HAL_Driver\Src\stm32f4xx_ll_rcc.c 0x00000000   Number         0  stm32f4xx_ll_rcc.o ABSOLUTE
    ..\Drivers\STM32F4xx_HAL_Driver\Src\stm32f4xx_ll_rng.c 0x00000000   Number         0  stm32f4xx_ll_rng.o ABSOLUTE
    ..\Drivers\STM32F4xx_HAL_Driver\Src\stm32f4xx_ll_rtc.c 0x00000000   Number         0  stm32f4xx_ll_rtc.o ABSOLUTE
    ..\Drivers\STM32F4xx_HAL_Driver\Src\stm32f4xx_ll_utils.c 0x00000000   Number         0  stm32f4xx_ll_utils.o ABSOLUTE
    ..\STARTUP\MDKARM\startup_stm32f407xx.s  0x00000000   Number         0  startup_stm32f407xx.o ABSOLUTE
    ..\STM32F4xx\stm32_cfg.c                 0x00000000   Number         0  stm32_cfg.o ABSOLUTE
    ..\STM32F4xx\stm32f4xx_it.c              0x00000000   Number         0  stm32f4xx_it.o ABSOLUTE
    ..\STM32F4xx\system_stm32f4xx.c          0x00000000   Number         0  system_stm32f4xx.o ABSOLUTE
    ..\\Application\\APP\\main.c             0x00000000   Number         0  main.o ABSOLUTE
    ..\\Application\\CRC\\crc_cfg.c          0x00000000   Number         0  crc_cfg.o ABSOLUTE
    ..\\Application\\CRC\\crc_lib.c          0x00000000   Number         0  crc_lib.o ABSOLUTE
    ..\\Application\\CRC\\crc_task.c         0x00000000   Number         0  crc_task.o ABSOLUTE
    ..\\Application\\DHT11\\dht11_cfg.c      0x00000000   Number         0  dht11_cfg.o ABSOLUTE
    ..\\Application\\DHT11\\dht11_lib.c      0x00000000   Number         0  dht11_lib.o ABSOLUTE
    ..\\Application\\DHT11\\dht11_task.c     0x00000000   Number         0  dht11_task.o ABSOLUTE
    ..\\Application\\DS18B20\\ds18b20_cfg.c  0x00000000   Number         0  ds18b20_cfg.o ABSOLUTE
    ..\\Application\\DS18B20\\ds18b20_lib.c  0x00000000   Number         0  ds18b20_lib.o ABSOLUTE
    ..\\Application\\DS18B20\\ds18b20_task.c 0x00000000   Number         0  ds18b20_task.o ABSOLUTE
    ..\\Application\\Delay\\delay_cfg.c      0x00000000   Number         0  delay_cfg.o ABSOLUTE
    ..\\Application\\Delay\\delay_lib.c      0x00000000   Number         0  delay_lib.o ABSOLUTE
    ..\\Application\\Delay\\delay_task.c     0x00000000   Number         0  delay_task.o ABSOLUTE
    ..\\Application\\GPIO\\gpio_cfg.c        0x00000000   Number         0  gpio_cfg.o ABSOLUTE
    ..\\Application\\GPIO\\gpio_lib.c        0x00000000   Number         0  gpio_lib.o ABSOLUTE
    ..\\Application\\GPIO\\gpio_task.c       0x00000000   Number         0  gpio_task.o ABSOLUTE
    ..\\Application\\I2C\\i2c_cfg.c          0x00000000   Number         0  i2c_cfg.o ABSOLUTE
    ..\\Application\\I2C\\i2c_lib.c          0x00000000   Number         0  i2c_lib.o ABSOLUTE
    ..\\Application\\I2C\\i2c_task.c         0x00000000   Number         0  i2c_task.o ABSOLUTE
    ..\\Application\\IWDG\\iwdg_cfg.c        0x00000000   Number         0  iwdg_cfg.o ABSOLUTE
    ..\\Application\\IWDG\\iwdg_lib.c        0x00000000   Number         0  iwdg_lib.o ABSOLUTE
    ..\\Application\\IWDG\\iwdg_task.c       0x00000000   Number         0  iwdg_task.o ABSOLUTE
    ..\\Application\\OneWire\\one_wire_cfg.c 0x00000000   Number         0  one_wire_cfg.o ABSOLUTE
    ..\\Application\\OneWire\\one_wire_lib.c 0x00000000   Number         0  one_wire_lib.o ABSOLUTE
    ..\\Application\\OneWire\\one_wire_task.c 0x00000000   Number         0  one_wire_task.o ABSOLUTE
    ..\\Application\\PCF8563\\pcf8563_cfg.c  0x00000000   Number         0  pcf8563_cfg.o ABSOLUTE
    ..\\Application\\PCF8563\\pcf8563_lib.c  0x00000000   Number         0  pcf8563_lib.o ABSOLUTE
    ..\\Application\\PCF8563\\pcf8563_task.c 0x00000000   Number         0  pcf8563_task.o ABSOLUTE
    ..\\Application\\Random\\random_cfg.c    0x00000000   Number         0  random_cfg.o ABSOLUTE
    ..\\Application\\Random\\random_lib.c    0x00000000   Number         0  random_lib.o ABSOLUTE
    ..\\Application\\Random\\random_task.c   0x00000000   Number         0  random_task.o ABSOLUTE
    ..\\Application\\SysTick\\systick_cfg.c  0x00000000   Number         0  systick_cfg.o ABSOLUTE
    ..\\Application\\SysTick\\systick_lib.c  0x00000000   Number         0  systick_lib.o ABSOLUTE
    ..\\Application\\SysTick\\systick_task.c 0x00000000   Number         0  systick_task.o ABSOLUTE
    ..\\Complier\\complier_cfg.c             0x00000000   Number         0  complier_cfg.o ABSOLUTE
    ..\\Complier\\complier_lib.c             0x00000000   Number         0  complier_lib.o ABSOLUTE
    ..\\Drivers\\STM32F4xx_HAL_Driver\\Src\\stm32f4xx_hal.c 0x00000000   Number         0  stm32f4xx_hal.o ABSOLUTE
    ..\\Drivers\\STM32F4xx_HAL_Driver\\Src\\stm32f4xx_hal_cortex.c 0x00000000   Number         0  stm32f4xx_hal_cortex.o ABSOLUTE
    ..\\Drivers\\STM32F4xx_HAL_Driver\\Src\\stm32f4xx_hal_gpio.c 0x00000000   Number         0  stm32f4xx_hal_gpio.o ABSOLUTE
    ..\\Drivers\\STM32F4xx_HAL_Driver\\Src\\stm32f4xx_hal_rcc.c 0x00000000   Number         0  stm32f4xx_hal_rcc.o ABSOLUTE
    ..\\STM32F4xx\\stm32_cfg.c               0x00000000   Number         0  stm32_cfg.o ABSOLUTE
    ..\\STM32F4xx\\stm32f4xx_it.c            0x00000000   Number         0  stm32f4xx_it.o ABSOLUTE
    ..\\STM32F4xx\\system_stm32f4xx.c        0x00000000   Number         0  system_stm32f4xx.o ABSOLUTE
    dc.s                                     0x00000000   Number         0  dc.o ABSOLUTE
    handlers.s                               0x00000000   Number         0  handlers.o ABSOLUTE
    init.s                                   0x00000000   Number         0  init.o ABSOLUTE
    RESET                                    0x08000000   Section      392  startup_stm32f407xx.o(RESET)
    .ARM.Collect$$$$00000000                 0x08000188   Section        0  entry.o(.ARM.Collect$$$$00000000)
    .ARM.Collect$$$$00000001                 0x08000188   Section        4  entry2.o(.ARM.Collect$$$$00000001)
    .ARM.Collect$$$$00000004                 0x0800018c   Section        4  entry5.o(.ARM.Collect$$$$00000004)
    .ARM.Collect$$$$00000008                 0x08000190   Section        0  entry7b.o(.ARM.Collect$$$$00000008)
    .ARM.Collect$$$$0000000A                 0x08000190   Section        0  entry8b.o(.ARM.Collect$$$$0000000A)
    .ARM.Collect$$$$0000000B                 0x08000190   Section        8  entry9a.o(.ARM.Collect$$$$0000000B)
    .ARM.Collect$$$$0000000D                 0x08000198   Section        0  entry10a.o(.ARM.Collect$$$$0000000D)
    .ARM.Collect$$$$0000000F                 0x08000198   Section        0  entry11a.o(.ARM.Collect$$$$0000000F)
    .ARM.Collect$$$$00002712                 0x08000198   Section        4  entry2.o(.ARM.Collect$$$$00002712)
    __lit__00000000                          0x08000198   Data           4  entry2.o(.ARM.Collect$$$$00002712)
    .text                                    0x0800019c   Section       36  startup_stm32f407xx.o(.text)
    $v0                                      0x0800019c   Number         0  startup_stm32f407xx.o(.text)
    .text                                    0x080001c0   Section       36  init.o(.text)
    i.BusFault_Handler                       0x080001e4   Section        0  stm32f4xx_it.o(i.BusFault_Handler)
    i.DebugMon_Handler                       0x080001e6   Section        0  stm32f4xx_it.o(i.DebugMon_Handler)
    i.GPIOLib_Init                           0x080001e8   Section        0  gpio_lib.o(i.GPIOLib_Init)
    i.GPIOTask_Init                          0x080001ec   Section        0  gpio_task.o(i.GPIOTask_Init)
    i.GPIO_Clock                             0x080001f0   Section        0  gpio_cfg.o(i.GPIO_Clock)
    i.GPIO_Init                              0x0800029c   Section        0  gpio_cfg.o(i.GPIO_Init)
    i.HAL_IncTick                            0x08000324   Section        0  stm32f4xx_hal.o(i.HAL_IncTick)
    i.HardFault_Handler                      0x08000334   Section        0  stm32f4xx_it.o(i.HardFault_Handler)
    i.LL_AHB1_GRP1_DisableClock              0x08000338   Section        0  gpio_cfg.o(i.LL_AHB1_GRP1_DisableClock)
    LL_AHB1_GRP1_DisableClock                0x08000339   Thumb Code    10  gpio_cfg.o(i.LL_AHB1_GRP1_DisableClock)
    i.LL_AHB1_GRP1_EnableClock               0x08000348   Section        0  gpio_cfg.o(i.LL_AHB1_GRP1_EnableClock)
    LL_AHB1_GRP1_EnableClock                 0x08000349   Thumb Code    18  gpio_cfg.o(i.LL_AHB1_GRP1_EnableClock)
    i.LL_SetSystemCoreClock                  0x08000360   Section        0  stm32f4xx_ll_utils.o(i.LL_SetSystemCoreClock)
    i.MemManage_Handler                      0x0800036c   Section        0  stm32f4xx_it.o(i.MemManage_Handler)
    i.NMI_Handler                            0x0800036e   Section        0  stm32f4xx_it.o(i.NMI_Handler)
    i.NVIC_EncodePriority                    0x08000370   Section        0  main.o(i.NVIC_EncodePriority)
    NVIC_EncodePriority                      0x08000371   Thumb Code    50  main.o(i.NVIC_EncodePriority)
    i.NVIC_GetPriorityGrouping               0x080003a4   Section        0  main.o(i.NVIC_GetPriorityGrouping)
    NVIC_GetPriorityGrouping                 0x080003a5   Thumb Code    10  main.o(i.NVIC_GetPriorityGrouping)
    i.NVIC_Init                              0x080003b4   Section        0  main.o(i.NVIC_Init)
    i.NVIC_SetPriority                       0x08000470   Section        0  main.o(i.NVIC_SetPriority)
    NVIC_SetPriority                         0x08000471   Thumb Code    32  main.o(i.NVIC_SetPriority)
    i.PendSV_Handler                         0x08000490   Section        0  stm32f4xx_it.o(i.PendSV_Handler)
    i.SVC_Handler                            0x08000492   Section        0  stm32f4xx_it.o(i.SVC_Handler)
    i.SysTickLib_IRQTask                     0x08000494   Section        0  systick_lib.o(i.SysTickLib_IRQTask)
    i.SysTickLib_Init                        0x08000498   Section        0  systick_lib.o(i.SysTickLib_Init)
    i.SysTickTask_IRQTask                    0x0800049c   Section        0  systick_task.o(i.SysTickTask_IRQTask)
    i.SysTickTask_Init                       0x080004a0   Section        0  systick_task.o(i.SysTickTask_Init)
    i.SysTick_Handler                        0x080004a4   Section        0  stm32f4xx_it.o(i.SysTick_Handler)
    i.SysTick_IRQTask                        0x080004a8   Section        0  systick_cfg.o(i.SysTick_IRQTask)
    i.SysTick_Init                           0x080004fc   Section        0  systick_cfg.o(i.SysTick_Init)
    i.SysTick_Resume                         0x08000588   Section        0  systick_cfg.o(i.SysTick_Resume)
    i.SysTick_StructInit                     0x08000598   Section        0  systick_cfg.o(i.SysTick_StructInit)
    i.SysTick_Suspend                        0x080005ac   Section        0  systick_cfg.o(i.SysTick_Suspend)
    i.Sys_Init                               0x080005bc   Section        0  main.o(i.Sys_Init)
    i.SystemClock_Config                     0x080005d4   Section        0  main.o(i.SystemClock_Config)
    i.SystemInit                             0x0800072c   Section        0  system_stm32f4xx.o(i.SystemInit)
    i.UsageFault_Handler                     0x08000780   Section        0  stm32f4xx_it.o(i.UsageFault_Handler)
    i._Error_Handler                         0x08000782   Section        0  stm32_cfg.o(i._Error_Handler)
    i.__scatterload_copy                     0x08000784   Section       14  handlers.o(i.__scatterload_copy)
    i.__scatterload_null                     0x08000792   Section        2  handlers.o(i.__scatterload_null)
    i.__scatterload_zeroinit                 0x08000794   Section       14  handlers.o(i.__scatterload_zeroinit)
    i.main                                   0x080007a2   Section        0  main.o(i.main)
    .data                                    0x20000000   Section       12  stm32f4xx_hal.o(.data)
    .data                                    0x2000000c   Section        4  system_stm32f4xx.o(.data)
    .data                                    0x20000010   Section        4  systick_cfg.o(.data)
    .bss                                     0x20000014   Section       28  systick_cfg.o(.bss)
    STACK                                    0x20000030   Section     4096  startup_stm32f407xx.o(STACK)

    Global Symbols

    Symbol Name                              Value     Ov Type        Size  Object(Section)

    BuildAttributes$$THM_ISAv4$E$P$D$K$B$S$7EM$VFPi3$EXTD16$VFPS$VFMA$PE$A:L22UL41UL21$X:L11$S22US41US21$IEEE1$IW$USESV6$~STKCKD$USESV7$~SHL$OSPACE$ROPI$EBA8$MICROLIB$REQ8$PRES8$EABIv2 0x00000000   Number         0  anon$$obj.o ABSOLUTE
    __ARM_use_no_argv                        0x00000000   Number         0  main.o ABSOLUTE
    __cpp_initialize__aeabi_                  - Undefined Weak Reference
    __cxa_finalize                            - Undefined Weak Reference
    __decompress                              - Undefined Weak Reference
    _clock_init                               - Undefined Weak Reference
    _microlib_exit                            - Undefined Weak Reference
    __Vectors_Size                           0x00000188   Number         0  startup_stm32f407xx.o ABSOLUTE
    __Vectors                                0x08000000   Data           4  startup_stm32f407xx.o(RESET)
    __Vectors_End                            0x08000188   Data           0  startup_stm32f407xx.o(RESET)
    __main                                   0x08000189   Thumb Code     0  entry.o(.ARM.Collect$$$$00000000)
    _main_stk                                0x08000189   Thumb Code     0  entry2.o(.ARM.Collect$$$$00000001)
    _main_scatterload                        0x0800018d   Thumb Code     0  entry5.o(.ARM.Collect$$$$00000004)
    __main_after_scatterload                 0x08000191   Thumb Code     0  entry5.o(.ARM.Collect$$$$00000004)
    _main_clock                              0x08000191   Thumb Code     0  entry7b.o(.ARM.Collect$$$$00000008)
    _main_cpp_init                           0x08000191   Thumb Code     0  entry8b.o(.ARM.Collect$$$$0000000A)
    _main_init                               0x08000191   Thumb Code     0  entry9a.o(.ARM.Collect$$$$0000000B)
    __rt_final_cpp                           0x08000199   Thumb Code     0  entry10a.o(.ARM.Collect$$$$0000000D)
    __rt_final_exit                          0x08000199   Thumb Code     0  entry11a.o(.ARM.Collect$$$$0000000F)
    Reset_Handler                            0x0800019d   Thumb Code     8  startup_stm32f407xx.o(.text)
    ADC_IRQHandler                           0x080001b7   Thumb Code     0  startup_stm32f407xx.o(.text)
    CAN1_RX0_IRQHandler                      0x080001b7   Thumb Code     0  startup_stm32f407xx.o(.text)
    CAN1_RX1_IRQHandler                      0x080001b7   Thumb Code     0  startup_stm32f407xx.o(.text)
    CAN1_SCE_IRQHandler                      0x080001b7   Thumb Code     0  startup_stm32f407xx.o(.text)
    CAN1_TX_IRQHandler                       0x080001b7   Thumb Code     0  startup_stm32f407xx.o(.text)
    CAN2_RX0_IRQHandler                      0x080001b7   Thumb Code     0  startup_stm32f407xx.o(.text)
    CAN2_RX1_IRQHandler                      0x080001b7   Thumb Code     0  startup_stm32f407xx.o(.text)
    CAN2_SCE_IRQHandler                      0x080001b7   Thumb Code     0  startup_stm32f407xx.o(.text)
    CAN2_TX_IRQHandler                       0x080001b7   Thumb Code     0  startup_stm32f407xx.o(.text)
    DCMI_IRQHandler                          0x080001b7   Thumb Code     0  startup_stm32f407xx.o(.text)
    DMA1_Stream0_IRQHandler                  0x080001b7   Thumb Code     0  startup_stm32f407xx.o(.text)
    DMA1_Stream1_IRQHandler                  0x080001b7   Thumb Code     0  startup_stm32f407xx.o(.text)
    DMA1_Stream2_IRQHandler                  0x080001b7   Thumb Code     0  startup_stm32f407xx.o(.text)
    DMA1_Stream3_IRQHandler                  0x080001b7   Thumb Code     0  startup_stm32f407xx.o(.text)
    DMA1_Stream4_IRQHandler                  0x080001b7   Thumb Code     0  startup_stm32f407xx.o(.text)
    DMA1_Stream5_IRQHandler                  0x080001b7   Thumb Code     0  startup_stm32f407xx.o(.text)
    DMA1_Stream6_IRQHandler                  0x080001b7   Thumb Code     0  startup_stm32f407xx.o(.text)
    DMA1_Stream7_IRQHandler                  0x080001b7   Thumb Code     0  startup_stm32f407xx.o(.text)
    DMA2_Stream0_IRQHandler                  0x080001b7   Thumb Code     0  startup_stm32f407xx.o(.text)
    DMA2_Stream1_IRQHandler                  0x080001b7   Thumb Code     0  startup_stm32f407xx.o(.text)
    DMA2_Stream2_IRQHandler                  0x080001b7   Thumb Code     0  startup_stm32f407xx.o(.text)
    DMA2_Stream3_IRQHandler                  0x080001b7   Thumb Code     0  startup_stm32f407xx.o(.text)
    DMA2_Stream4_IRQHandler                  0x080001b7   Thumb Code     0  startup_stm32f407xx.o(.text)
    DMA2_Stream5_IRQHandler                  0x080001b7   Thumb Code     0  startup_stm32f407xx.o(.text)
    DMA2_Stream6_IRQHandler                  0x080001b7   Thumb Code     0  startup_stm32f407xx.o(.text)
    DMA2_Stream7_IRQHandler                  0x080001b7   Thumb Code     0  startup_stm32f407xx.o(.text)
    ETH_IRQHandler                           0x080001b7   Thumb Code     0  startup_stm32f407xx.o(.text)
    ETH_WKUP_IRQHandler                      0x080001b7   Thumb Code     0  startup_stm32f407xx.o(.text)
    EXTI0_IRQHandler                         0x080001b7   Thumb Code     0  startup_stm32f407xx.o(.text)
    EXTI15_10_IRQHandler                     0x080001b7   Thumb Code     0  startup_stm32f407xx.o(.text)
    EXTI1_IRQHandler                         0x080001b7   Thumb Code     0  startup_stm32f407xx.o(.text)
    EXTI2_IRQHandler                         0x080001b7   Thumb Code     0  startup_stm32f407xx.o(.text)
    EXTI3_IRQHandler                         0x080001b7   Thumb Code     0  startup_stm32f407xx.o(.text)
    EXTI4_IRQHandler                         0x080001b7   Thumb Code     0  startup_stm32f407xx.o(.text)
    EXTI9_5_IRQHandler                       0x080001b7   Thumb Code     0  startup_stm32f407xx.o(.text)
    FLASH_IRQHandler                         0x080001b7   Thumb Code     0  startup_stm32f407xx.o(.text)
    FMC_IRQHandler                           0x080001b7   Thumb Code     0  startup_stm32f407xx.o(.text)
    FPU_IRQHandler                           0x080001b7   Thumb Code     0  startup_stm32f407xx.o(.text)
    HASH_RNG_IRQHandler                      0x080001b7   Thumb Code     0  startup_stm32f407xx.o(.text)
    I2C1_ER_IRQHandler                       0x080001b7   Thumb Code     0  startup_stm32f407xx.o(.text)
    I2C1_EV_IRQHandler                       0x080001b7   Thumb Code     0  startup_stm32f407xx.o(.text)
    I2C2_ER_IRQHandler                       0x080001b7   Thumb Code     0  startup_stm32f407xx.o(.text)
    I2C2_EV_IRQHandler                       0x080001b7   Thumb Code     0  startup_stm32f407xx.o(.text)
    I2C3_ER_IRQHandler                       0x080001b7   Thumb Code     0  startup_stm32f407xx.o(.text)
    I2C3_EV_IRQHandler                       0x080001b7   Thumb Code     0  startup_stm32f407xx.o(.text)
    OTG_FS_IRQHandler                        0x080001b7   Thumb Code     0  startup_stm32f407xx.o(.text)
    OTG_FS_WKUP_IRQHandler                   0x080001b7   Thumb Code     0  startup_stm32f407xx.o(.text)
    OTG_HS_EP1_IN_IRQHandler                 0x080001b7   Thumb Code     0  startup_stm32f407xx.o(.text)
    OTG_HS_EP1_OUT_IRQHandler                0x080001b7   Thumb Code     0  startup_stm32f407xx.o(.text)
    OTG_HS_IRQHandler                        0x080001b7   Thumb Code     0  startup_stm32f407xx.o(.text)
    OTG_HS_WKUP_IRQHandler                   0x080001b7   Thumb Code     0  startup_stm32f407xx.o(.text)
    PVD_IRQHandler                           0x080001b7   Thumb Code     0  startup_stm32f407xx.o(.text)
    RCC_IRQHandler                           0x080001b7   Thumb Code     0  startup_stm32f407xx.o(.text)
    RTC_Alarm_IRQHandler                     0x080001b7   Thumb Code     0  startup_stm32f407xx.o(.text)
    RTC_WKUP_IRQHandler                      0x080001b7   Thumb Code     0  startup_stm32f407xx.o(.text)
    SDIO_IRQHandler                          0x080001b7   Thumb Code     0  startup_stm32f407xx.o(.text)
    SPI1_IRQHandler                          0x080001b7   Thumb Code     0  startup_stm32f407xx.o(.text)
    SPI2_IRQHandler                          0x080001b7   Thumb Code     0  startup_stm32f407xx.o(.text)
    SPI3_IRQHandler                          0x080001b7   Thumb Code     0  startup_stm32f407xx.o(.text)
    TAMP_STAMP_IRQHandler                    0x080001b7   Thumb Code     0  startup_stm32f407xx.o(.text)
    TIM1_BRK_TIM9_IRQHandler                 0x080001b7   Thumb Code     0  startup_stm32f407xx.o(.text)
    TIM1_CC_IRQHandler                       0x080001b7   Thumb Code     0  startup_stm32f407xx.o(.text)
    TIM1_TRG_COM_TIM11_IRQHandler            0x080001b7   Thumb Code     0  startup_stm32f407xx.o(.text)
    TIM1_UP_TIM10_IRQHandler                 0x080001b7   Thumb Code     0  startup_stm32f407xx.o(.text)
    TIM2_IRQHandler                          0x080001b7   Thumb Code     0  startup_stm32f407xx.o(.text)
    TIM3_IRQHandler                          0x080001b7   Thumb Code     0  startup_stm32f407xx.o(.text)
    TIM4_IRQHandler                          0x080001b7   Thumb Code     0  startup_stm32f407xx.o(.text)
    TIM5_IRQHandler                          0x080001b7   Thumb Code     0  startup_stm32f407xx.o(.text)
    TIM6_DAC_IRQHandler                      0x080001b7   Thumb Code     0  startup_stm32f407xx.o(.text)
    TIM7_IRQHandler                          0x080001b7   Thumb Code     0  startup_stm32f407xx.o(.text)
    TIM8_BRK_TIM12_IRQHandler                0x080001b7   Thumb Code     0  startup_stm32f407xx.o(.text)
    TIM8_CC_IRQHandler                       0x080001b7   Thumb Code     0  startup_stm32f407xx.o(.text)
    TIM8_TRG_COM_TIM14_IRQHandler            0x080001b7   Thumb Code     0  startup_stm32f407xx.o(.text)
    TIM8_UP_TIM13_IRQHandler                 0x080001b7   Thumb Code     0  startup_stm32f407xx.o(.text)
    UART4_IRQHandler                         0x080001b7   Thumb Code     0  startup_stm32f407xx.o(.text)
    UART5_IRQHandler                         0x080001b7   Thumb Code     0  startup_stm32f407xx.o(.text)
    USART1_IRQHandler                        0x080001b7   Thumb Code     0  startup_stm32f407xx.o(.text)
    USART2_IRQHandler                        0x080001b7   Thumb Code     0  startup_stm32f407xx.o(.text)
    USART3_IRQHandler                        0x080001b7   Thumb Code     0  startup_stm32f407xx.o(.text)
    USART6_IRQHandler                        0x080001b7   Thumb Code     0  startup_stm32f407xx.o(.text)
    WWDG_IRQHandler                          0x080001b7   Thumb Code     0  startup_stm32f407xx.o(.text)
    __scatterload                            0x080001c1   Thumb Code    28  init.o(.text)
    __scatterload_rt2                        0x080001c1   Thumb Code     0  init.o(.text)
    BusFault_Handler                         0x080001e5   Thumb Code     2  stm32f4xx_it.o(i.BusFault_Handler)
    DebugMon_Handler                         0x080001e7   Thumb Code     2  stm32f4xx_it.o(i.DebugMon_Handler)
    GPIOLib_Init                             0x080001e9   Thumb Code     4  gpio_lib.o(i.GPIOLib_Init)
    GPIOTask_Init                            0x080001ed   Thumb Code     4  gpio_task.o(i.GPIOTask_Init)
    GPIO_Clock                               0x080001f1   Thumb Code   134  gpio_cfg.o(i.GPIO_Clock)
    GPIO_Init                                0x0800029d   Thumb Code    94  gpio_cfg.o(i.GPIO_Init)
    HAL_IncTick                              0x08000325   Thumb Code    12  stm32f4xx_hal.o(i.HAL_IncTick)
    HardFault_Handler                        0x08000335   Thumb Code     2  stm32f4xx_it.o(i.HardFault_Handler)
    LL_SetSystemCoreClock                    0x08000361   Thumb Code     6  stm32f4xx_ll_utils.o(i.LL_SetSystemCoreClock)
    MemManage_Handler                        0x0800036d   Thumb Code     2  stm32f4xx_it.o(i.MemManage_Handler)
    NMI_Handler                              0x0800036f   Thumb Code     2  stm32f4xx_it.o(i.NMI_Handler)
    NVIC_Init                                0x080003b5   Thumb Code   176  main.o(i.NVIC_Init)
    PendSV_Handler                           0x08000491   Thumb Code     2  stm32f4xx_it.o(i.PendSV_Handler)
    SVC_Handler                              0x08000493   Thumb Code     2  stm32f4xx_it.o(i.SVC_Handler)
    SysTickLib_IRQTask                       0x08000495   Thumb Code     4  systick_lib.o(i.SysTickLib_IRQTask)
    SysTickLib_Init                          0x08000499   Thumb Code     4  systick_lib.o(i.SysTickLib_Init)
    SysTickTask_IRQTask                      0x0800049d   Thumb Code     4  systick_task.o(i.SysTickTask_IRQTask)
    SysTickTask_Init                         0x080004a1   Thumb Code     4  systick_task.o(i.SysTickTask_Init)
    SysTick_Handler                          0x080004a5   Thumb Code     4  stm32f4xx_it.o(i.SysTick_Handler)
    SysTick_IRQTask                          0x080004a9   Thumb Code    80  systick_cfg.o(i.SysTick_IRQTask)
    SysTick_Init                             0x080004fd   Thumb Code   110  systick_cfg.o(i.SysTick_Init)
    SysTick_Resume                           0x08000589   Thumb Code    16  systick_cfg.o(i.SysTick_Resume)
    SysTick_StructInit                       0x08000599   Thumb Code    20  systick_cfg.o(i.SysTick_StructInit)
    SysTick_Suspend                          0x080005ad   Thumb Code    16  systick_cfg.o(i.SysTick_Suspend)
    Sys_Init                                 0x080005bd   Thumb Code    22  main.o(i.Sys_Init)
    SystemClock_Config                       0x080005d5   Thumb Code   284  main.o(i.SystemClock_Config)
    SystemInit                               0x0800072d   Thumb Code    66  system_stm32f4xx.o(i.SystemInit)
    UsageFault_Handler                       0x08000781   Thumb Code     2  stm32f4xx_it.o(i.UsageFault_Handler)
    _Error_Handler                           0x08000783   Thumb Code     2  stm32_cfg.o(i._Error_Handler)
    __scatterload_copy                       0x08000785   Thumb Code    14  handlers.o(i.__scatterload_copy)
    __scatterload_null                       0x08000793   Thumb Code     2  handlers.o(i.__scatterload_null)
    __scatterload_zeroinit                   0x08000795   Thumb Code    14  handlers.o(i.__scatterload_zeroinit)
    main                                     0x080007a3   Thumb Code     6  main.o(i.main)
    Region$$Table$$Base                      0x080007a8   Number         0  anon$$obj.o(Region$$Table)
    Region$$Table$$Limit                     0x080007c8   Number         0  anon$$obj.o(Region$$Table)
    uwTickFreq                               0x20000000   Data           1  stm32f4xx_hal.o(.data)
    uwTickPrio                               0x20000004   Data           4  stm32f4xx_hal.o(.data)
    uwTick                                   0x20000008   Data           4  stm32f4xx_hal.o(.data)
    SystemCoreClock                          0x2000000c   Data           4  system_stm32f4xx.o(.data)
    pSysTick                                 0x20000010   Data           4  systick_cfg.o(.data)
    g_SysTick                                0x20000014   Data          28  systick_cfg.o(.bss)
    __initial_sp                             0x20001030   Data           0  startup_stm32f407xx.o(STACK)



==============================================================================

Memory Map of the image

  Image Entry point : 0x08000189

  Load Region LR_IROM1 (Base: 0x08000000, Size: 0x000007dc, Max: 0x00080000, ABSOLUTE)

    Execution Region ER_IROM1 (Exec base: 0x08000000, Load base: 0x08000000, Size: 0x000007c8, Max: 0x00080000, ABSOLUTE)

    Exec Addr    Load Addr    Size         Type   Attr      Idx    E Section Name        Object

    0x08000000   0x08000000   0x00000188   Data   RO         1175    RESET               startup_stm32f407xx.o
    0x08000188   0x08000188   0x00000000   Code   RO         3584  * .ARM.Collect$$$$00000000  mc_w.l(entry.o)
    0x08000188   0x08000188   0x00000004   Code   RO         3599    .ARM.Collect$$$$00000001  mc_w.l(entry2.o)
    0x0800018c   0x0800018c   0x00000004   Code   RO         3602    .ARM.Collect$$$$00000004  mc_w.l(entry5.o)
    0x08000190   0x08000190   0x00000000   Code   RO         3604    .ARM.Collect$$$$00000008  mc_w.l(entry7b.o)
    0x08000190   0x08000190   0x00000000   Code   RO         3606    .ARM.Collect$$$$0000000A  mc_w.l(entry8b.o)
    0x08000190   0x08000190   0x00000008   Code   RO         3607    .ARM.Collect$$$$0000000B  mc_w.l(entry9a.o)
    0x08000198   0x08000198   0x00000000   Code   RO         3609    .ARM.Collect$$$$0000000D  mc_w.l(entry10a.o)
    0x08000198   0x08000198   0x00000000   Code   RO         3611    .ARM.Collect$$$$0000000F  mc_w.l(entry11a.o)
    0x08000198   0x08000198   0x00000004   Code   RO         3600    .ARM.Collect$$$$00002712  mc_w.l(entry2.o)
    0x0800019c   0x0800019c   0x00000024   Code   RO         1176    .text               startup_stm32f407xx.o
    0x080001c0   0x080001c0   0x00000024   Code   RO         3622    .text               mc_w.l(init.o)
    0x080001e4   0x080001e4   0x00000002   Code   RO         1225    i.BusFault_Handler  stm32f4xx_it.o
    0x080001e6   0x080001e6   0x00000002   Code   RO         1226    i.DebugMon_Handler  stm32f4xx_it.o
    0x080001e8   0x080001e8   0x00000004   Code   RO         2314    i.GPIOLib_Init      gpio_lib.o
    0x080001ec   0x080001ec   0x00000004   Code   RO         2344    i.GPIOTask_Init     gpio_task.o
    0x080001f0   0x080001f0   0x000000ac   Code   RO         2270    i.GPIO_Clock        gpio_cfg.o
    0x0800029c   0x0800029c   0x00000088   Code   RO         2271    i.GPIO_Init         gpio_cfg.o
    0x08000324   0x08000324   0x00000010   Code   RO          681    i.HAL_IncTick       stm32f4xx_hal.o
    0x08000334   0x08000334   0x00000002   Code   RO         1227    i.HardFault_Handler  stm32f4xx_it.o
    0x08000336   0x08000336   0x00000002   PAD
    0x08000338   0x08000338   0x00000010   Code   RO         2272    i.LL_AHB1_GRP1_DisableClock  gpio_cfg.o
    0x08000348   0x08000348   0x00000018   Code   RO         2273    i.LL_AHB1_GRP1_EnableClock  gpio_cfg.o
    0x08000360   0x08000360   0x0000000c   Code   RO          583    i.LL_SetSystemCoreClock  stm32f4xx_ll_utils.o
    0x0800036c   0x0800036c   0x00000002   Code   RO         1228    i.MemManage_Handler  stm32f4xx_it.o
    0x0800036e   0x0800036e   0x00000002   Code   RO         1229    i.NMI_Handler       stm32f4xx_it.o
    0x08000370   0x08000370   0x00000032   Code   RO         1432    i.NVIC_EncodePriority  main.o
    0x080003a2   0x080003a2   0x00000002   PAD
    0x080003a4   0x080003a4   0x00000010   Code   RO         1433    i.NVIC_GetPriorityGrouping  main.o
    0x080003b4   0x080003b4   0x000000bc   Code   RO         1434    i.NVIC_Init         main.o
    0x08000470   0x08000470   0x00000020   Code   RO         1435    i.NVIC_SetPriority  main.o
    0x08000490   0x08000490   0x00000002   Code   RO         1230    i.PendSV_Handler    stm32f4xx_it.o
    0x08000492   0x08000492   0x00000002   Code   RO         1231    i.SVC_Handler       stm32f4xx_it.o
    0x08000494   0x08000494   0x00000004   Code   RO         3066    i.SysTickLib_IRQTask  systick_lib.o
    0x08000498   0x08000498   0x00000004   Code   RO         3067    i.SysTickLib_Init   systick_lib.o
    0x0800049c   0x0800049c   0x00000004   Code   RO         3138    i.SysTickTask_IRQTask  systick_task.o
    0x080004a0   0x080004a0   0x00000004   Code   RO         3139    i.SysTickTask_Init  systick_task.o
    0x080004a4   0x080004a4   0x00000004   Code   RO         1232    i.SysTick_Handler   stm32f4xx_it.o
    0x080004a8   0x080004a8   0x00000054   Code   RO         2967    i.SysTick_IRQTask   systick_cfg.o
    0x080004fc   0x080004fc   0x0000008c   Code   RO         2968    i.SysTick_Init      systick_cfg.o
    0x08000588   0x08000588   0x00000010   Code   RO         2969    i.SysTick_Resume    systick_cfg.o
    0x08000598   0x08000598   0x00000014   Code   RO         2970    i.SysTick_StructInit  systick_cfg.o
    0x080005ac   0x080005ac   0x00000010   Code   RO         2971    i.SysTick_Suspend   systick_cfg.o
    0x080005bc   0x080005bc   0x00000016   Code   RO         1436    i.Sys_Init          main.o
    0x080005d2   0x080005d2   0x00000002   PAD
    0x080005d4   0x080005d4   0x00000158   Code   RO         1437    i.SystemClock_Config  main.o
    0x0800072c   0x0800072c   0x00000054   Code   RO         1139    i.SystemInit        system_stm32f4xx.o
    0x08000780   0x08000780   0x00000002   Code   RO         1233    i.UsageFault_Handler  stm32f4xx_it.o
    0x08000782   0x08000782   0x00000002   Code   RO         1183    i._Error_Handler    stm32_cfg.o
    0x08000784   0x08000784   0x0000000e   Code   RO         3626    i.__scatterload_copy  mc_w.l(handlers.o)
    0x08000792   0x08000792   0x00000002   Code   RO         3627    i.__scatterload_null  mc_w.l(handlers.o)
    0x08000794   0x08000794   0x0000000e   Code   RO         3628    i.__scatterload_zeroinit  mc_w.l(handlers.o)
    0x080007a2   0x080007a2   0x00000006   Code   RO         1438    i.main              main.o
    0x080007a8   0x080007a8   0x00000020   Data   RO         3624    Region$$Table       anon$$obj.o


    Execution Region RW_IRAM1 (Exec base: 0x20000000, Load base: 0x080007c8, Size: 0x00001030, Max: 0x00020000, ABSOLUTE)

    Exec Addr    Load Addr    Size         Type   Attr      Idx    E Section Name        Object

    0x20000000   0x080007c8   0x0000000c   Data   RW          689    .data               stm32f4xx_hal.o
    0x2000000c   0x080007d4   0x00000004   Data   RW         1142    .data               system_stm32f4xx.o
    0x20000010   0x080007d8   0x00000004   Data   RW         2975    .data               systick_cfg.o
    0x20000014        -       0x0000001c   Zero   RW         2974    .bss                systick_cfg.o
    0x20000030        -       0x00001000   Zero   RW         1173    STACK               startup_stm32f407xx.o


==============================================================================

Image component sizes


      Code (inc. data)   RO Data    RW Data    ZI Data      Debug   Object Name

       348         92          0          0          0       8481   gpio_cfg.o
         4          0          0          0          0        467   gpio_lib.o
         4          0          0          0          0        476   gpio_task.o
       658         78          0          0          0      68706   main.o
        36          8        392          0       4096        844   startup_stm32f407xx.o
         2          0          0          0          0        497   stm32_cfg.o
        16          4          0         12          0       2233   stm32f4xx_hal.o
        20          0          0          0          0       4218   stm32f4xx_it.o
         0          0          0          0          0     566836   stm32f4xx_ll_gpio.o
        12          6          0          0          0       8040   stm32f4xx_ll_utils.o
        84         18          0          4          0       1247   system_stm32f4xx.o
       276         34          0          4         28      31096   systick_cfg.o
         8          0          0          0          0       1027   systick_lib.o
         8          0          0          0          0       1037   systick_task.o

    ----------------------------------------------------------------------
      1482        240        424         20       4124     695205   Object Totals
         0          0         32          0          0          0   (incl. Generated)
         6          0          0          0          0          0   (incl. Padding)

    ----------------------------------------------------------------------

      Code (inc. data)   RO Data    RW Data    ZI Data      Debug   Library Member Name

         0          0          0          0          0          0   entry.o
         0          0          0          0          0          0   entry10a.o
         0          0          0          0          0          0   entry11a.o
         8          4          0          0          0          0   entry2.o
         4          0          0          0          0          0   entry5.o
         0          0          0          0          0          0   entry7b.o
         0          0          0          0          0          0   entry8b.o
         8          4          0          0          0          0   entry9a.o
        30          0          0          0          0          0   handlers.o
        36          8          0          0          0         68   init.o

    ----------------------------------------------------------------------
        86         16          0          0          0         68   Library Totals
         0          0          0          0          0          0   (incl. Padding)

    ----------------------------------------------------------------------

      Code (inc. data)   RO Data    RW Data    ZI Data      Debug   Library Name

        86         16          0          0          0         68   mc_w.l

    ----------------------------------------------------------------------
        86         16          0          0          0         68   Library Totals

    ----------------------------------------------------------------------

==============================================================================


      Code (inc. data)   RO Data    RW Data    ZI Data      Debug   

      1568        256        424         20       4124     692477   Grand Totals
      1568        256        424         20       4124     692477   ELF Image Totals
      1568        256        424         20          0          0   ROM Totals

==============================================================================

    Total RO  Size (Code + RO Data)                 1992 (   1.95kB)
    Total RW  Size (RW Data + ZI Data)              4144 (   4.05kB)
    Total ROM Size (Code + RO Data + RW Data)       2012 (   1.96kB)

==============================================================================

